Component: ARM Compiler 5.06 update 2 (build 183) Tool: armlink [4d35b7]

==============================================================================

Section Cross References

    main.o(.text) refers to _printf_percent.o(.ARM.Collect$$_printf_percent$$00000000) for _printf_percent
    main.o(.text) refers to _printf_d.o(.ARM.Collect$$_printf_percent$$00000009) for _printf_d
    main.o(.text) refers to _printf_dec.o(.text) for _printf_int_dec
    main.o(.text) refers to mmodem.o(.text) for vMmodem_Init
    main.o(.text) refers to updata.o(.text) for vUpdata_Init
    main.o(.text) refers to bsp_debug_usart.o(.text) for vDebug_USART_Config
    main.o(.text) refers to bsp_led.o(.text) for vLedGpioConfig
    main.o(.text) refers to bsp_sdram.o(.text) for SDRAM_Init
    main.o(.text) refers to bsp_internal_flash.o(.text) for vInternal_Flash_Init
    main.o(.text) refers to bsp_updata_usart.o(.text) for vUpdata_USART_Config
    main.o(.text) refers to bsp_systick.o(.text) for SysTick_Init
    main.o(.text) refers to noretval__2printf.o(.text) for __2printf
    main.o(.text) refers to omodem.o(.text) for cOmodem_Handle
    main.o(.text) refers to rt_memcpy_v6.o(.text) for __aeabi_memcpy
    main.o(.text) refers to main.o(.data) for i
    main.o(.text) refers to main.o(.bss) for updata_msg_str
    test.o(.text) refers to bsp_internal_flash.o(.text) for cInterNal_Flash_Write
    test.o(.text) refers to updata.o(.text) for vUpdata_Jump_To_Run
    bsp_led.o(.text) refers to stm32f4xx_rcc.o(.text) for RCC_AHB1PeriphClockCmd
    bsp_led.o(.text) refers to stm32f4xx_gpio.o(.text) for GPIO_Init
    bsp_systick.o(.text) refers to system_stm32f4xx.o(.data) for SystemCoreClock
    bsp_systick.o(.text) refers to bsp_systick.o(.data) for TimingDelay
    bsp_sdram.o(.text) refers to stm32f4xx_rcc.o(.text) for RCC_AHB1PeriphClockCmd
    bsp_sdram.o(.text) refers to stm32f4xx_gpio.o(.text) for GPIO_Init
    bsp_sdram.o(.text) refers to stm32f4xx_fmc.o(.text) for FMC_GetFlagStatus
    bsp_sdram.o(.text) refers to noretval__2printf.o(.text) for __2printf
    bsp_debug_usart.o(.rev16_text) refers (Special) to use_no_semi_2.o(.text) for __use_no_semihosting
    bsp_debug_usart.o(.revsh_text) refers (Special) to use_no_semi_2.o(.text) for __use_no_semihosting
    bsp_debug_usart.o(.rrx_text) refers (Special) to use_no_semi_2.o(.text) for __use_no_semihosting
    bsp_debug_usart.o(.text) refers (Special) to use_no_semi_2.o(.text) for __use_no_semihosting
    bsp_debug_usart.o(.text) refers to misc.o(.text) for NVIC_Init
    bsp_debug_usart.o(.text) refers to stm32f4xx_rcc.o(.text) for RCC_AHB1PeriphClockCmd
    bsp_debug_usart.o(.text) refers to stm32f4xx_gpio.o(.text) for GPIO_Init
    bsp_debug_usart.o(.text) refers to stm32f4xx_usart.o(.text) for USART_Init
    bsp_debug_usart.o(.data) refers (Special) to use_no_semi_2.o(.text) for __use_no_semihosting
    bsp_updata_usart.o(.text) refers to stm32f4xx_rcc.o(.text) for RCC_AHB1PeriphClockCmd
    bsp_updata_usart.o(.text) refers to stm32f4xx_gpio.o(.text) for GPIO_Init
    bsp_updata_usart.o(.text) refers to stm32f4xx_usart.o(.text) for USART_Init
    bsp_updata_usart.o(.text) refers to misc.o(.text) for NVIC_Init
    bsp_updata_usart.o(.text) refers to rt_memcpy_v6.o(.text) for __aeabi_memcpy
    bsp_updata_usart.o(.text) refers to rt_memclr.o(.text) for __aeabi_memclr
    bsp_updata_usart.o(.text) refers to bsp_updata_usart.o(.data) for prv_updata_usart_receive_data_num
    bsp_updata_usart.o(.text) refers to bsp_updata_usart.o(.bss) for prv_updata_usart_receive_data
    bsp_internal_flash.o(.text) refers to stm32f4xx_flash.o(.text) for FLASH_Unlock
    bsp_internal_flash.o(.text) refers to rt_memcpy_v6.o(.text) for __aeabi_memcpy
    omodem.o(.text) refers to _printf_percent.o(.ARM.Collect$$_printf_percent$$00000000) for _printf_percent
    omodem.o(.text) refers to _printf_d.o(.ARM.Collect$$_printf_percent$$00000009) for _printf_d
    omodem.o(.text) refers to _printf_x.o(.ARM.Collect$$_printf_percent$$0000000C) for _printf_x
    omodem.o(.text) refers to _printf_dec.o(.text) for _printf_int_dec
    omodem.o(.text) refers to _printf_hex_int.o(.text) for _printf_longlong_hex
    omodem.o(.text) refers to bsp_updata_usart.o(.text) for uiUpdata_Usart_Get_Num
    omodem.o(.text) refers to noretval__2printf.o(.text) for __2printf
    omodem.o(.text) refers to rt_memcpy_v6.o(.text) for __aeabi_memcpy
    omodem.o(.text) refers to rt_memclr_w.o(.text) for __aeabi_memclr4
    mmodem.o(.text) refers to _scanf_int.o(.text) for _scanf_int
    mmodem.o(.text) refers to _printf_percent.o(.ARM.Collect$$_printf_percent$$00000000) for _printf_percent
    mmodem.o(.text) refers to _printf_s.o(.ARM.Collect$$_printf_percent$$00000014) for _printf_s
    mmodem.o(.text) refers to _printf_str.o(.text) for _printf_str
    mmodem.o(.text) refers to _printf_d.o(.ARM.Collect$$_printf_percent$$00000009) for _printf_d
    mmodem.o(.text) refers to _printf_dec.o(.text) for _printf_int_dec
[...]
    ..\Libraries\STM32F4xx_StdPeriph_Driver\src\stm32f4xx_cryp.c 0x00000000   Number         0  stm32f4xx_cryp.o ABSOLUTE
    ..\Libraries\STM32F4xx_StdPeriph_Driver\src\stm32f4xx_cryp_aes.c 0x00000000   Number         0  stm32f4xx_cryp_aes.o ABSOLUTE
    ..\Libraries\STM32F4xx_StdPeriph_Driver\src\stm32f4xx_cryp_des.c 0x00000000   Number         0  stm32f4xx_cryp_des.o ABSOLUTE
    ..\Libraries\STM32F4xx_StdPeriph_Driver\src\stm32f4xx_cryp_tdes.c 0x00000000   Number         0  stm32f4xx_cryp_tdes.o ABSOLUTE
    ..\Libraries\STM32F4xx_StdPeriph_Driver\src\stm32f4xx_dbgmcu.c 0x00000000   Number         0  stm32f4xx_dbgmcu.o ABSOLUTE
    ..\Libraries\STM32F4xx_StdPeriph_Driver\src\stm32f4xx_flash.c 0x00000000   Number         0  stm32f4xx_flash.o ABSOLUTE
    ..\Libraries\STM32F4xx_StdPeriph_Driver\src\stm32f4xx_flash_ramfunc.c 0x00000000   Number         0  stm32f4xx_flash_ramfunc.o ABSOLUTE
    ..\Libraries\STM32F4xx_StdPeriph_Driver\src\stm32f4xx_fmc.c 0x00000000   Number         0  stm32f4xx_fmc.o ABSOLUTE
    ..\Libraries\STM32F4xx_StdPeriph_Driver\src\stm32f4xx_fmpi2c.c 0x00000000   Number         0  stm32f4xx_fmpi2c.o ABSOLUTE
    ..\Libraries\STM32F4xx_StdPeriph_Driver\src\stm32f4xx_gpio.c 0x00000000   Number         0  stm32f4xx_gpio.o ABSOLUTE
    ..\Libraries\STM32F4xx_StdPeriph_Driver\src\stm32f4xx_i2c.c 0x00000000   Number         0  stm32f4xx_i2c.o ABSOLUTE
    ..\Libraries\STM32F4xx_StdPeriph_Driver\src\stm32f4xx_iwdg.c 0x00000000   Number         0  stm32f4xx_iwdg.o ABSOLUTE
    ..\Libraries\STM32F4xx_StdPeriph_Driver\src\stm32f4xx_pwr.c 0x00000000   Number         0  stm32f4xx_pwr.o ABSOLUTE
    ..\Libraries\STM32F4xx_StdPeriph_Driver\src\stm32f4xx_qspi.c 0x00000000   Number         0  stm32f4xx_qspi.o ABSOLUTE
    ..\Libraries\STM32F4xx_StdPeriph_Driver\src\stm32f4xx_rcc.c 0x00000000   Number         0  stm32f4xx_rcc.o ABSOLUTE
    ..\Libraries\STM32F4xx_StdPeriph_Driver\src\stm32f4xx_spdifrx.c 0x00000000   Number         0  stm32f4xx_spdifrx.o ABSOLUTE
    ..\Libraries\STM32F4xx_StdPeriph_Driver\src\stm32f4xx_spi.c 0x00000000   Number         0  stm32f4xx_spi.o ABSOLUTE
    ..\Libraries\STM32F4xx_StdPeriph_Driver\src\stm32f4xx_syscfg.c 0x00000000   Number         0  stm32f4xx_syscfg.o ABSOLUTE
    ..\Libraries\STM32F4xx_StdPeriph_Driver\src\stm32f4xx_tim.c 0x00000000   Number         0  stm32f4xx_tim.o ABSOLUTE
    ..\Libraries\STM32F4xx_StdPeriph_Driver\src\stm32f4xx_usart.c 0x00000000   Number         0  stm32f4xx_usart.o ABSOLUTE
    ..\Libraries\STM32F4xx_StdPeriph_Driver\src\stm32f4xx_wwdg.c 0x00000000   Number         0  stm32f4xx_wwdg.o ABSOLUTE
    ..\Moudle\Crc\crc.c                      0x00000000   Number         0  crc.o ABSOLUTE
    ..\Moudle\Mmodem\mmodem.c                0x00000000   Number         0  mmodem.o ABSOLUTE
    ..\Moudle\Omodem\omodem.c                0x00000000   Number         0  omodem.o ABSOLUTE
    ..\Moudle\Updata\updata.c                0x00000000   Number         0  updata.o ABSOLUTE
    ..\User\main.c                           0x00000000   Number         0  main.o ABSOLUTE
    ..\User\stm32f4xx_it.c                   0x00000000   Number         0  stm32f4xx_it.o ABSOLUTE
    ..\User\test.c                           0x00000000   Number         0  test.o ABSOLUTE
    ..\\Bsp\\internal_flash\\bsp_internal_flash.c 0x00000000   Number         0  bsp_internal_flash.o ABSOLUTE
    ..\\Bsp\\led\\bsp_led.c                  0x00000000   Number         0  bsp_led.o ABSOLUTE
    ..\\Bsp\\sdram\\bsp_sdram.c              0x00000000   Number         0  bsp_sdram.o ABSOLUTE
    ..\\Bsp\\systick\\bsp_SysTick.c          0x00000000   Number         0  bsp_systick.o ABSOLUTE
    ..\\Bsp\\uart\\bsp_debug_usart.c         0x00000000   Number         0  bsp_debug_usart.o ABSOLUTE
    ..\\Bsp\\uart\\bsp_updata_usart.c        0x00000000   Number         0  bsp_updata_usart.o ABSOLUTE
    ..\\Libraries\\CMSIS\\Device\\ST\\STM32F4xx\\Source\\Templates\\system_stm32f4xx.c 0x00000000   Number         0  system_stm32f4xx.o ABSOLUTE
    ..\\Libraries\\STM32F4xx_StdPeriph_Driver\\src\\misc.c 0x00000000   Number         0  misc.o ABSOLUTE
    ..\\Libraries\\STM32F4xx_StdPeriph_Driver\\src\\stm32f4xx_can.c 0x00000000   Number         0  stm32f4xx_can.o ABSOLUTE
    ..\\Libraries\\STM32F4xx_StdPeriph_Driver\\src\\stm32f4xx_crc.c 0x00000000   Number         0  stm32f4xx_crc.o ABSOLUTE
    ..\\Libraries\\STM32F4xx_StdPeriph_Driver\\src\\stm32f4xx_cryp.c 0x00000000   Number         0  stm32f4xx_cryp.o ABSOLUTE
    ..\\Libraries\\STM32F4xx_StdPeriph_Driver\\src\\stm32f4xx_cryp_aes.c 0x00000000   Number         0  stm32f4xx_cryp_aes.o ABSOLUTE
    ..\\Libraries\\STM32F4xx_StdPeriph_Driver\\src\\stm32f4xx_cryp_des.c 0x00000000   Number         0  stm32f4xx_cryp_des.o ABSOLUTE
    ..\\Libraries\\STM32F4xx_StdPeriph_Driver\\src\\stm32f4xx_cryp_tdes.c 0x00000000   Number         0  stm32f4xx_cryp_tdes.o ABSOLUTE
    ..\\Libraries\\STM32F4xx_StdPeriph_Driver\\src\\stm32f4xx_dbgmcu.c 0x00000000   Number         0  stm32f4xx_dbgmcu.o ABSOLUTE
    ..\\Libraries\\STM32F4xx_StdPeriph_Driver\\src\\stm32f4xx_flash.c 0x00000000   Number         0  stm32f4xx_flash.o ABSOLUTE
    ..\\Libraries\\STM32F4xx_StdPeriph_Driver\\src\\stm32f4xx_flash_ramfunc.c 0x00000000   Number         0  stm32f4xx_flash_ramfunc.o ABSOLUTE
    ..\\Libraries\\STM32F4xx_StdPeriph_Driver\\src\\stm32f4xx_fmc.c 0x00000000   Number         0  stm32f4xx_fmc.o ABSOLUTE
    ..\\Libraries\\STM32F4xx_StdPeriph_Driver\\src\\stm32f4xx_fmpi2c.c 0x00000000   Number         0  stm32f4xx_fmpi2c.o ABSOLUTE
    ..\\Libraries\\STM32F4xx_StdPeriph_Driver\\src\\stm32f4xx_gpio.c 0x00000000   Number         0  stm32f4xx_gpio.o ABSOLUTE
    ..\\Libraries\\STM32F4xx_StdPeriph_Driver\\src\\stm32f4xx_i2c.c 0x00000000   Number         0  stm32f4xx_i2c.o ABSOLUTE
    ..\\Libraries\\STM32F4xx_StdPeriph_Driver\\src\\stm32f4xx_iwdg.c 0x00000000   Number         0  stm32f4xx_iwdg.o ABSOLUTE
    ..\\Libraries\\STM32F4xx_StdPeriph_Driver\\src\\stm32f4xx_pwr.c 0x00000000   Number         0  stm32f4xx_pwr.o ABSOLUTE
    ..\\Libraries\\STM32F4xx_StdPeriph_Driver\\src\\stm32f4xx_qspi.c 0x00000000   Number         0  stm32f4xx_qspi.o ABSOLUTE
    ..\\Libraries\\STM32F4xx_StdPeriph_Driver\\src\\stm32f4xx_rcc.c 0x00000000   Number         0  stm32f4xx_rcc.o ABSOLUTE
    ..\\Libraries\\STM32F4xx_StdPeriph_Driver\\src\\stm32f4xx_spdifrx.c 0x00000000   Number         0  stm32f4xx_spdifrx.o ABSOLUTE
    ..\\Libraries\\STM32F4xx_StdPeriph_Driver\\src\\stm32f4xx_spi.c 0x00000000   Number         0  stm32f4xx_spi.o ABSOLUTE
    ..\\Libraries\\STM32F4xx_StdPeriph_Driver\\src\\stm32f4xx_syscfg.c 0x00000000   Number         0  stm32f4xx_syscfg.o ABSOLUTE
    ..\\Libraries\\STM32F4xx_StdPeriph_Driver\\src\\stm32f4xx_tim.c 0x00000000   Number         0  stm32f4xx_tim.o ABSOLUTE
    ..\\Libraries\\STM32F4xx_StdPeriph_Driver\\src\\stm32f4xx_usart.c 0x00000000   Number         0  stm32f4xx_usart.o ABSOLUTE
    ..\\Libraries\\STM32F4xx_StdPeriph_Driver\\src\\stm32f4xx_wwdg.c 0x00000000   Number         0  stm32f4xx_wwdg.o ABSOLUTE
    ..\\Moudle\\Crc\\crc.c                   0x00000000   Number         0  crc.o ABSOLUTE
    ..\\Moudle\\Mmodem\\mmodem.c             0x00000000   Number         0  mmodem.o ABSOLUTE
    ..\\Moudle\\Omodem\\omodem.c             0x00000000   Number         0  omodem.o ABSOLUTE
    ..\\Moudle\\Updata\\updata.c             0x00000000   Number         0  updata.o ABSOLUTE
    ..\\User\\main.c                         0x00000000   Number         0  main.o ABSOLUTE
    ..\\User\\stm32f4xx_it.c                 0x00000000   Number         0  stm32f4xx_it.o ABSOLUTE
    ..\\User\\test.c                         0x00000000   Number         0  test.o ABSOLUTE
    dc.s                                     0x00000000   Number         0  dc.o ABSOLUTE
    RESET                                    0x08000000   Section      428  startup_stm32f429_439xx.o(RESET)
    !!!main                                  0x080001ac   Section        8  __main.o(!!!main)
    !!!scatter                               0x080001b4   Section       52  __scatter.o(!!!scatter)
    !!handler_copy                           0x080001e8   Section       26  __scatter_copy.o(!!handler_copy)
    .ARM.Collect$$_printf_percent$$00000000  0x08000202   Section        0  _printf_percent.o(.ARM.Collect$$_printf_percent$$00000000)
    .ARM.Collect$$_printf_percent$$00000009  0x08000202   Section        6  _printf_d.o(.ARM.Collect$$_printf_percent$$00000009)
    .ARM.Collect$$_printf_percent$$0000000C  0x08000208   Section        6  _printf_x.o(.ARM.Collect$$_printf_percent$$0000000C)
    .ARM.Collect$$_printf_percent$$00000014  0x0800020e   Section        6  _printf_s.o(.ARM.Collect$$_printf_percent$$00000014)
    .ARM.Collect$$_printf_percent$$00000017  0x08000214   Section        4  _printf_percent_end.o(.ARM.Collect$$_printf_percent$$00000017)
    .ARM.Collect$$libinit$$00000000          0x08000218   Section        2  libinit.o(.ARM.Collect$$libinit$$00000000)
    .ARM.Collect$$libinit$$00000001          0x0800021a   Section        4  libinit2.o(.ARM.Collect$$libinit$$00000001)
    .ARM.Collect$$libinit$$00000004          0x0800021e   Section        0  libinit2.o(.ARM.Collect$$libinit$$00000004)
    .ARM.Collect$$libinit$$0000000A          0x0800021e   Section        0  libinit2.o(.ARM.Collect$$libinit$$0000000A)
    .ARM.Collect$$libinit$$0000000C          0x0800021e   Section        0  libinit2.o(.ARM.Collect$$libinit$$0000000C)
    .ARM.Collect$$libinit$$0000000E          0x0800021e   Section        0  libinit2.o(.ARM.Collect$$libinit$$0000000E)
    .ARM.Collect$$libinit$$0000000F          0x0800021e   Section        6  libinit2.o(.ARM.Collect$$libinit$$0000000F)
    .ARM.Collect$$libinit$$00000011          0x08000224   Section        0  libinit2.o(.ARM.Collect$$libinit$$00000011)
    .ARM.Collect$$libinit$$00000012          0x08000224   Section       12  libinit2.o(.ARM.Collect$$libinit$$00000012)
    .ARM.Collect$$libinit$$00000013          0x08000230   Section        0  libinit2.o(.ARM.Collect$$libinit$$00000013)
    .ARM.Collect$$libinit$$00000015          0x08000230   Section        0  libinit2.o(.ARM.Collect$$libinit$$00000015)
    .ARM.Collect$$libinit$$00000017          0x08000230   Section        0  libinit2.o(.ARM.Collect$$libinit$$00000017)
    .ARM.Collect$$libinit$$00000019          0x08000230   Section        0  libinit2.o(.ARM.Collect$$libinit$$00000019)
    .ARM.Collect$$libinit$$0000001B          0x08000230   Section        0  libinit2.o(.ARM.Collect$$libinit$$0000001B)
    .ARM.Collect$$libinit$$0000001D          0x08000230   Section        0  libinit2.o(.ARM.Collect$$libinit$$0000001D)
    .ARM.Collect$$libinit$$0000001F          0x08000230   Section        0  libinit2.o(.ARM.Collect$$libinit$$0000001F)
    .ARM.Collect$$libinit$$00000021          0x08000230   Section        0  libinit2.o(.ARM.Collect$$libinit$$00000021)
    .ARM.Collect$$libinit$$00000023          0x08000230   Section        0  libinit2.o(.ARM.Collect$$libinit$$00000023)
    .ARM.Collect$$libinit$$00000025          0x08000230   Section        0  libinit2.o(.ARM.Collect$$libinit$$00000025)
    .ARM.Collect$$libinit$$0000002C          0x08000230   Section        0  libinit2.o(.ARM.Collect$$libinit$$0000002C)
    .ARM.Collect$$libinit$$0000002E          0x08000230   Section        0  libinit2.o(.ARM.Collect$$libinit$$0000002E)
    .ARM.Collect$$libinit$$00000030          0x08000230   Section        0  libinit2.o(.ARM.Collect$$libinit$$00000030)
    .ARM.Collect$$libinit$$00000032          0x08000230   Section        0  libinit2.o(.ARM.Collect$$libinit$$00000032)
    .ARM.Collect$$libinit$$00000033          0x08000230   Section        2  libinit2.o(.ARM.Collect$$libinit$$00000033)
    .ARM.Collect$$libshutdown$$00000000      0x08000232   Section        2  libshutdown.o(.ARM.Collect$$libshutdown$$00000000)
    .ARM.Collect$$libshutdown$$00000002      0x08000234   Section        0  libshutdown2.o(.ARM.Collect$$libshutdown$$00000002)
    .ARM.Collect$$libshutdown$$00000004      0x08000234   Section        0  libshutdown2.o(.ARM.Collect$$libshutdown$$00000004)
    .ARM.Collect$$libshutdown$$00000007      0x08000234   Section        0  libshutdown2.o(.ARM.Collect$$libshutdown$$00000007)
    .ARM.Collect$$libshutdown$$0000000A      0x08000234   Section        0  libshutdown2.o(.ARM.Collect$$libshutdown$$0000000A)
    .ARM.Collect$$libshutdown$$0000000C      0x08000234   Section        0  libshutdown2.o(.ARM.Collect$$libshutdown$$0000000C)
    .ARM.Collect$$libshutdown$$0000000F      0x08000234   Section        0  libshutdown2.o(.ARM.Collect$$libshutdown$$0000000F)
    .ARM.Collect$$libshutdown$$00000010      0x08000234   Section        2  libshutdown2.o(.ARM.Collect$$libshutdown$$00000010)
    .ARM.Collect$$rtentry$$00000000          0x08000236   Section        0  __rtentry.o(.ARM.Collect$$rtentry$$00000000)
    .ARM.Collect$$rtentry$$00000002          0x08000236   Section        0  __rtentry2.o(.ARM.Collect$$rtentry$$00000002)
    .ARM.Collect$$rtentry$$00000004          0x08000236   Section        6  __rtentry4.o(.ARM.Collect$$rtentry$$00000004)
    .ARM.Collect$$rtentry$$00000009          0x0800023c   Section        0  __rtentry2.o(.ARM.Collect$$rtentry$$00000009)
    .ARM.Collect$$rtentry$$0000000A          0x0800023c   Section        4  __rtentry2.o(.ARM.Collect$$rtentry$$0000000A)
    .ARM.Collect$$rtentry$$0000000C          0x08000240   Section        0  __rtentry2.o(.ARM.Collect$$rtentry$$0000000C)
    .ARM.Collect$$rtentry$$0000000D          0x08000240   Section        8  __rtentry2.o(.ARM.Collect$$rtentry$$0000000D)
    .ARM.Collect$$rtexit$$00000000           0x08000248   Section        2  rtexit.o(.ARM.Collect$$rtexit$$00000000)
    .ARM.Collect$$rtexit$$00000002           0x0800024a   Section        0  rtexit2.o(.ARM.Collect$$rtexit$$00000002)
    .ARM.Collect$$rtexit$$00000003           0x0800024a   Section        4  rtexit2.o(.ARM.Collect$$rtexit$$00000003)
    .ARM.Collect$$rtexit$$00000004           0x0800024e   Section        6  rtexit2.o(.ARM.Collect$$rtexit$$00000004)
    .text                                    0x08000254   Section        0  main.o(.text)
    .text                                    0x08000400   Section        0  stm32f4xx_it.o(.text)
    .text                                    0x08000418   Section        0  bsp_led.o(.text)
    .text                                    0x08000458   Section        0  bsp_systick.o(.text)
    .text                                    0x080004f0   Section        0  bsp_sdram.o(.text)
    SDRAM_delay                              0x080004f1   Thumb Code    32  bsp_sdram.o(.text)
    SDRAM_GPIO_Config                        0x08000511   Thumb Code   908  bsp_sdram.o(.text)
    SDRAM_InitSequence                       0x0800089d   Thumb Code   206  bsp_sdram.o(.text)
    .text                                    0x08000bb8   Section        0  bsp_updata_usart.o(.text)
    .text                                    0x08000d08   Section        0  bsp_internal_flash.o(.text)
    .text                                    0x08000fe8   Section        0  omodem.o(.text)
    .text                                    0x080011c0   Section        0  mmodem.o(.text)
    .text                                    0x080015ac   Section        0  updata.o(.text)
    .text                                    0x08001944   Section        0  crc.o(.text)
    .text                                    0x08001970   Section       64  startup_stm32f429_439xx.o(.text)
    $v0                                      0x08001970   Number         0  startup_stm32f429_439xx.o(.text)
    .text                                    0x080019b0   Section        0  system_stm32f4xx.o(.text)
    SetSysClock                              0x080019b1   Thumb Code   272  system_stm32f4xx.o(.text)
    .text                                    0x08001bf4   Section        0  misc.o(.text)
    .text                                    0x08001cd4   Section        0  stm32f4xx_flash.o(.text)
    .text                                    0x0800236c   Section        0  stm32f4xx_fmc.o(.text)
    .text                                    0x08002d0c   Section        0  stm32f4xx_gpio.o(.text)
    .text                                    0x08002fa0   Section        0  stm32f4xx_rcc.o(.text)
    .text                                    0x08003600   Section        0  stm32f4xx_usart.o(.text)
    .text                                    0x08003a54   Section        2  use_no_semi_2.o(.text)
    .text                                    0x08003a58   Section        0  noretval__2printf.o(.text)
    .text                                    0x08003a70   Section        0  __printf.o(.text)
    .text                                    0x08003ad8   Section        0  _printf_str.o(.text)
    .text                                    0x08003b2c   Section        0  _printf_dec.o(.text)
    .text                                    0x08003ba4   Section        0  _printf_hex_int.o(.text)
    .text                                    0x08003bfc   Section        0  __0sscanf.o(.text)
    .text                                    0x08003c38   Section        0  _scanf_int.o(.text)
    .text                                    0x08003d84   Section      138  rt_memcpy_v6.o(.text)
    .text                                    0x08003e0e   Section       68  rt_memclr.o(.text)
    .text                                    0x08003e52   Section       78  rt_memclr_w.o(.text)
    .text                                    0x08003ea0   Section        0  heapauxi.o(.text)
    .text                                    0x08003ea6   Section        2  use_no_semi.o(.text)
    .text                                    0x08003ea8   Section        0  _printf_intcommon.o(.text)
    .text                                    0x08003f5a   Section        0  _printf_char.o(.text)
    .text                                    0x08003f88   Section        0  _printf_char_file.o(.text)
    .text                                    0x08003fac   Section        0  _chval.o(.text)
    .text                                    0x08003fc8   Section        0  scanf_char.o(.text)
    _scanf_char_input                        0x08003fc9   Thumb Code    12  scanf_char.o(.text)
    .text                                    0x08003ff4   Section        0  _sgetc.o(.text)
    .text                                    0x08004034   Section      100  rt_memcpy_w.o(.text)
    .text                                    0x08004098   Section        0  isspace.o(.text)
    .text                                    0x080040ac   Section        0  _printf_char_common.o(.text)
    _printf_input_char                       0x080040ad   Thumb Code    10  _printf_char_common.o(.text)
    .text                                    0x080040dc   Section        0  _scanf.o(.text)
    .text                                    0x08004450   Section        0  ferror.o(.text)
    .text                                    0x08004458   Section       74  sys_stackheap_outer.o(.text)
    .text                                    0x080044a4   Section       16  rt_ctype_table.o(.text)
    .text                                    0x080044b4   Section        0  exit.o(.text)
    .text                                    0x080044c8   Section        8  libspace.o(.text)
    .text                                    0x080044d0   Section        8  rt_locale_intlibspace.o(.text)
    .text                                    0x080044d8   Section      128  strcmpv7m.o(.text)
    locale$$code                             0x08004558   Section       44  lc_ctype_c.o(locale$$code)
    x$fpl$fpinit                             0x08004584   Section       10  fpinit.o(x$fpl$fpinit)
    $v0                                      0x08004584   Number         0  fpinit.o(x$fpl$fpinit)
    .constdata                               0x0800458e   Section      512  crc.o(.constdata)
    crc16tab                                 0x0800458e   Data         512  crc.o(.constdata)
    .constdata                               0x08004790   Section       28  stm32f4xx_fmc.o(.constdata)
    .constdata                               0x080047ac   Section       40  _printf_hex_int.o(.constdata)
    uc_hextab                                0x080047ac   Data          20  _printf_hex_int.o(.constdata)
    lc_hextab                                0x080047c0   Data          20  _printf_hex_int.o(.constdata)
    locale$$data                             0x080047e4   Section      272  lc_ctype_c.o(locale$$data)
    __lcctype_c_name                         0x080047e8   Data           2  lc_ctype_c.o(locale$$data)
    __lcctype_c_start                        0x080047f0   Data           0  lc_ctype_c.o(locale$$data)
    __lcctype_c_end                          0x080048f4   Data           0  lc_ctype_c.o(locale$$data)
    .text                                    0x08010000   Section        0  bsp_debug_usart.o(.text)
    vNVIC_Configuration                      0x08010001   Thumb Code    32  bsp_debug_usart.o(.text)
    .data                                    0x20000000   Section       20  main.o(.data)
    .data                                    0x20000014   Section        4  bsp_systick.o(.data)
    TimingDelay                              0x20000014   Data           4  bsp_systick.o(.data)
    .data                                    0x20000018   Section        4  bsp_debug_usart.o(.data)
    .data                                    0x2000001c   Section        2  bsp_updata_usart.o(.data)
    .data                                    0x20000020   Section        4  updata.o(.data)
    .data                                    0x20000024   Section       20  system_stm32f4xx.o(.data)
    .data                                    0x20000038   Section       16  stm32f4xx_rcc.o(.data)
    APBAHBPrescTable                         0x20000038   Data          16  stm32f4xx_rcc.o(.data)
    .bss                                     0x20000048   Section     1544  main.o(.bss)
    .bss                                     0x20000650   Section     1314  bsp_updata_usart.o(.bss)
    .bss                                     0x20000b74   Section       96  libspace.o(.bss)
    HEAP                                     0x20000bd8   Section     8192  startup_stm32f429_439xx.o(HEAP)
    Heap_Mem                                 0x20000bd8   Data        8192  startup_stm32f429_439xx.o(HEAP)
    STACK                                    0x20002bd8   Section     1024  startup_stm32f429_439xx.o(STACK)
    Stack_Mem                                0x20002bd8   Data        1024  startup_stm32f429_439xx.o(STACK)
    __initial_sp                             0x20002fd8   Data           0  startup_stm32f429_439xx.o(STACK)

    Global Symbols

    Symbol Name                              Value     Ov Type        Size  Object(Section)

    BuildAttributes$$THM_ISAv4$E$P$D$K$B$S$7EM$VFPi3$EXTD16$VFPS$VFMA$PE$A:L22UL41UL21$X:L11$S22US41US21$IEEE1$IW$USESV6$~STKCKD$USESV7$~SHL$OSPACE$ROPI$EBA8$UX$STANDARDLIB$REQ8$PRES8$EABIv2 0x00000000   Number         0  anon$$obj.o ABSOLUTE
    __ARM_use_no_argv                        0x00000000   Number         0  main.o ABSOLUTE
    __ARM_exceptions_init                     - Undefined Weak Reference
    __alloca_initialize                       - Undefined Weak Reference
    __arm_preinit_                            - Undefined Weak Reference
    __cpp_initialize__aeabi_                  - Undefined Weak Reference
    __cxa_finalize                            - Undefined Weak Reference
    __sigvec_lookup                           - Undefined Weak Reference
    _atexit_init                              - Undefined Weak Reference
    _call_atexit_fns                          - Undefined Weak Reference
    _clock_init                               - Undefined Weak Reference
    _fp_trap_init                             - Undefined Weak Reference
    _fp_trap_shutdown                         - Undefined Weak Reference
    _get_lc_collate                           - Undefined Weak Reference
    _get_lc_monetary                          - Undefined Weak Reference
    _get_lc_numeric                           - Undefined Weak Reference
    _get_lc_time                              - Undefined Weak Reference
    _getenv_init                              - Undefined Weak Reference
    _handle_redirection                       - Undefined Weak Reference
    _init_alloc                               - Undefined Weak Reference
    _init_user_alloc                          - Undefined Weak Reference
    _initio                                   - Undefined Weak Reference
    _mutex_acquire                            - Undefined Weak Reference
    _mutex_release                            - Undefined Weak Reference
    _printf_mbtowc                            - Undefined Weak Reference
    _printf_post_padding                      - Undefined Weak Reference
    _printf_pre_padding                       - Undefined Weak Reference
    _printf_truncate_signed                   - Undefined Weak Reference
    _printf_truncate_unsigned                 - Undefined Weak Reference
    _rand_init                                - Undefined Weak Reference
    _scanf_longlong                           - Undefined Weak Reference
    _scanf_mbtowc                             - Undefined Weak Reference
    _scanf_real                               - Undefined Weak Reference
    _scanf_string                             - Undefined Weak Reference
    _scanf_wctomb                             - Undefined Weak Reference
    _scanf_wstring                            - Undefined Weak Reference
    _signal_finish                            - Undefined Weak Reference
    _signal_init                              - Undefined Weak Reference
    _terminate_alloc                          - Undefined Weak Reference
    _terminate_user_alloc                     - Undefined Weak Reference
    _terminateio                              - Undefined Weak Reference
    __Vectors_Size                           0x000001ac   Number         0  startup_stm32f429_439xx.o ABSOLUTE
    __Vectors                                0x08000000   Data           4  startup_stm32f429_439xx.o(RESET)
    __Vectors_End                            0x080001ac   Data           0  startup_stm32f429_439xx.o(RESET)
    __main                                   0x080001ad   Thumb Code     8  __main.o(!!!main)
    __scatterload                            0x080001b5   Thumb Code     0  __scatter.o(!!!scatter)
    __scatterload_rt2                        0x080001b5   Thumb Code    44  __scatter.o(!!!scatter)
    __scatterload_rt2_thumb_only             0x080001b5   Thumb Code     0  __scatter.o(!!!scatter)
    __scatterload_null                       0x080001c3   Thumb Code     0  __scatter.o(!!!scatter)
    __scatterload_copy                       0x080001e9   Thumb Code    26  __scatter_copy.o(!!handler_copy)
    _printf_d                                0x08000203   Thumb Code     0  _printf_d.o(.ARM.Collect$$_printf_percent$$00000009)
    _printf_percent                          0x08000203   Thumb Code     0  _printf_percent.o(.ARM.Collect$$_printf_percent$$00000000)
    _printf_x                                0x08000209   Thumb Code     0  _printf_x.o(.ARM.Collect$$_printf_percent$$0000000C)
    _printf_s                                0x0800020f   Thumb Code     0  _printf_s.o(.ARM.Collect$$_printf_percent$$00000014)
    _printf_percent_end                      0x08000215   Thumb Code     0  _printf_percent_end.o(.ARM.Collect$$_printf_percent$$00000017)
    __rt_lib_init                            0x08000219   Thumb Code     0  libinit.o(.ARM.Collect$$libinit$$00000000)
    __rt_lib_init_fp_1                       0x0800021b   Thumb Code     0  libinit2.o(.ARM.Collect$$libinit$$00000001)
    __rt_lib_init_heap_1                     0x0800021f   Thumb Code     0  libinit2.o(.ARM.Collect$$libinit$$0000000A)
    __rt_lib_init_lc_common                  0x0800021f   Thumb Code     0  libinit2.o(.ARM.Collect$$libinit$$0000000F)
    __rt_lib_init_preinit_1                  0x0800021f   Thumb Code     0  libinit2.o(.ARM.Collect$$libinit$$00000004)
    __rt_lib_init_rand_1                     0x0800021f   Thumb Code     0  libinit2.o(.ARM.Collect$$libinit$$0000000E)
    __rt_lib_init_user_alloc_1               0x0800021f   Thumb Code     0  libinit2.o(.ARM.Collect$$libinit$$0000000C)
    __rt_lib_init_lc_collate_1               0x08000225   Thumb Code     0  libinit2.o(.ARM.Collect$$libinit$$00000011)
    __rt_lib_init_lc_ctype_2                 0x08000225   Thumb Code     0  libinit2.o(.ARM.Collect$$libinit$$00000012)
    __rt_lib_init_alloca_1                   0x08000231   Thumb Code     0  libinit2.o(.ARM.Collect$$libinit$$0000002E)
    __rt_lib_init_argv_1                     0x08000231   Thumb Code     0  libinit2.o(.ARM.Collect$$libinit$$0000002C)
    __rt_lib_init_atexit_1                   0x08000231   Thumb Code     0  libinit2.o(.ARM.Collect$$libinit$$0000001B)
    __rt_lib_init_clock_1                    0x08000231   Thumb Code     0  libinit2.o(.ARM.Collect$$libinit$$00000021)
    __rt_lib_init_cpp_1                      0x08000231   Thumb Code     0  libinit2.o(.ARM.Collect$$libinit$$00000032)
    __rt_lib_init_exceptions_1               0x08000231   Thumb Code     0  libinit2.o(.ARM.Collect$$libinit$$00000030)
    __rt_lib_init_fp_trap_1                  0x08000231   Thumb Code     0  libinit2.o(.ARM.Collect$$libinit$$0000001F)
    __rt_lib_init_getenv_1                   0x08000231   Thumb Code     0  libinit2.o(.ARM.Collect$$libinit$$00000023)
    __rt_lib_init_lc_ctype_1                 0x08000231   Thumb Code     0  libinit2.o(.ARM.Collect$$libinit$$00000013)
    __rt_lib_init_lc_monetary_1              0x08000231   Thumb Code     0  libinit2.o(.ARM.Collect$$libinit$$00000015)
    __rt_lib_init_lc_numeric_1               0x08000231   Thumb Code     0  libinit2.o(.ARM.Collect$$libinit$$00000017)
    __rt_lib_init_lc_time_1                  0x08000231   Thumb Code     0  libinit2.o(.ARM.Collect$$libinit$$00000019)
    __rt_lib_init_return                     0x08000231   Thumb Code     0  libinit2.o(.ARM.Collect$$libinit$$00000033)
    __rt_lib_init_signal_1                   0x08000231   Thumb Code     0  libinit2.o(.ARM.Collect$$libinit$$0000001D)
    __rt_lib_init_stdio_1                    0x08000231   Thumb Code     0  libinit2.o(.ARM.Collect$$libinit$$00000025)
    __rt_lib_shutdown                        0x08000233   Thumb Code     0  libshutdown.o(.ARM.Collect$$libshutdown$$00000000)
    __rt_lib_shutdown_cpp_1                  0x08000235   Thumb Code     0  libshutdown2.o(.ARM.Collect$$libshutdown$$00000002)
    __rt_lib_shutdown_fp_trap_1              0x08000235   Thumb Code     0  libshutdown2.o(.ARM.Collect$$libshutdown$$00000007)
    __rt_lib_shutdown_heap_1                 0x08000235   Thumb Code     0  libshutdown2.o(.ARM.Collect$$libshutdown$$0000000F)
    __rt_lib_shutdown_return                 0x08000235   Thumb Code     0  libshutdown2.o(.ARM.Collect$$libshutdown$$00000010)
    __rt_lib_shutdown_signal_1               0x08000235   Thumb Code     0  libshutdown2.o(.ARM.Collect$$libshutdown$$0000000A)
    __rt_lib_shutdown_stdio_1                0x08000235   Thumb Code     0  libshutdown2.o(.ARM.Collect$$libshutdown$$00000004)
    __rt_lib_shutdown_user_alloc_1           0x08000235   Thumb Code     0  libshutdown2.o(.ARM.Collect$$libshutdown$$0000000C)
    __rt_entry                               0x08000237   Thumb Code     0  __rtentry.o(.ARM.Collect$$rtentry$$00000000)
    __rt_entry_presh_1                       0x08000237   Thumb Code     0  __rtentry2.o(.ARM.Collect$$rtentry$$00000002)
    __rt_entry_sh                            0x08000237   Thumb Code     0  __rtentry4.o(.ARM.Collect$$rtentry$$00000004)
    __rt_entry_li                            0x0800023d   Thumb Code     0  __rtentry2.o(.ARM.Collect$$rtentry$$0000000A)
    __rt_entry_postsh_1                      0x0800023d   Thumb Code     0  __rtentry2.o(.ARM.Collect$$rtentry$$00000009)
    __rt_entry_main                          0x08000241   Thumb Code     0  __rtentry2.o(.ARM.Collect$$rtentry$$0000000D)
    __rt_entry_postli_1                      0x08000241   Thumb Code     0  __rtentry2.o(.ARM.Collect$$rtentry$$0000000C)
    __rt_exit                                0x08000249   Thumb Code     0  rtexit.o(.ARM.Collect$$rtexit$$00000000)
    __rt_exit_ls                             0x0800024b   Thumb Code     0  rtexit2.o(.ARM.Collect$$rtexit$$00000003)
    __rt_exit_prels_1                        0x0800024b   Thumb Code     0  rtexit2.o(.ARM.Collect$$rtexit$$00000002)
    __rt_exit_exit                           0x0800024f   Thumb Code     0  rtexit2.o(.ARM.Collect$$rtexit$$00000004)
    vMoudle_Init                             0x08000255   Thumb Code    12  main.o(.text)
    vBSP_Init                                0x08000261   Thumb Code    34  main.o(.text)
    main                                     0x08000283   Thumb Code   286  main.o(.text)
    NMI_Handler                              0x08000401   Thumb Code     2  stm32f4xx_it.o(.text)
    HardFault_Handler                        0x08000403   Thumb Code     4  stm32f4xx_it.o(.text)
    MemManage_Handler                        0x08000407   Thumb Code     4  stm32f4xx_it.o(.text)
    BusFault_Handler                         0x0800040b   Thumb Code     4  stm32f4xx_it.o(.text)
    UsageFault_Handler                       0x0800040f   Thumb Code     4  stm32f4xx_it.o(.text)
    DebugMon_Handler                         0x08000413   Thumb Code     2  stm32f4xx_it.o(.text)
    SVC_Handler                              0x08000415   Thumb Code     2  stm32f4xx_it.o(.text)
    PendSV_Handler                           0x08000417   Thumb Code     2  stm32f4xx_it.o(.text)
    vLedGpioConfig                           0x08000419   Thumb Code    60  bsp_led.o(.text)
    SysTick_Init                             0x08000459   Thumb Code    90  bsp_systick.o(.text)
    vDelay_ms                                0x080004b3   Thumb Code    20  bsp_systick.o(.text)
    TimingDelay_Decrement                    0x080004c7   Thumb Code    18  bsp_systick.o(.text)
    SysTick_Handler                          0x080004d9   Thumb Code     8  bsp_systick.o(.text)
    SDRAM_Init                               0x0800096b   Thumb Code   100  bsp_sdram.o(.text)
    SDRAM_WriteBuffer                        0x080009cf   Thumb Code    58  bsp_sdram.o(.text)
    SDRAM_ReadBuffer                         0x08000a09   Thumb Code    50  bsp_sdram.o(.text)
    SDRAM_Test                               0x08000a3b   Thumb Code   196  bsp_sdram.o(.text)
    vUpdata_USART_Config                     0x08000bb9   Thumb Code   184  bsp_updata_usart.o(.text)
    vUpdata_Usart_SendByte                   0x08000c71   Thumb Code    28  bsp_updata_usart.o(.text)
    uiUpdata_Usart_Get_Buff                  0x08000c8d   Thumb Code    22  bsp_updata_usart.o(.text)
    uiUpdata_Usart_Get_Num                   0x08000ca3   Thumb Code     6  bsp_updata_usart.o(.text)
    vUpdata_Usart_Clear_Buff                 0x08000ca9   Thumb Code    20  bsp_updata_usart.o(.text)
    USART2_IRQHandler                        0x08000cbd   Thumb Code    58  bsp_updata_usart.o(.text)
    vInternal_Flash_Init                     0x08000d09   Thumb Code     2  bsp_internal_flash.o(.text)
    ulInternal_Flash_GetSector               0x08000d0b   Thumb Code   374  bsp_internal_flash.o(.text)
    cInterNal_Flash_Write                    0x08000e81   Thumb Code   246  bsp_internal_flash.o(.text)
    vInternal_Flash_Read                     0x08000f77   Thumb Code    26  bsp_internal_flash.o(.text)
    vOmodem_Init                             0x08000fe9   Thumb Code     2  omodem.o(.text)
    prv_cOmodem_TimeOut                      0x08000feb   Thumb Code    60  omodem.o(.text)
    prv_vOmodem_Clear_Buff                   0x08001027   Thumb Code     8  omodem.o(.text)
    prv_vOmodem_Send_Byte                    0x0800102f   Thumb Code    12  omodem.o(.text)
    prv_uiOmodem_Get_Buff                    0x0800103b   Thumb Code    18  omodem.o(.text)
    cOmodem_Analysis                         0x0800104d   Thumb Code   240  omodem.o(.text)
    cOmodem_Handle                           0x0800113d   Thumb Code    68  omodem.o(.text)
    vMmodem_Init                             0x080011c1   Thumb Code     2  mmodem.o(.text)
    prv_cMmodem_TimeOut                      0x080011c3   Thumb Code    62  mmodem.o(.text)
    prv_vMmodem_Clear_Buff                   0x08001201   Thumb Code     8  mmodem.o(.text)
    prv_vMmodem_Send_Byte                    0x08001209   Thumb Code    12  mmodem.o(.text)
    prv_uiMmodem_Get_Buff                    0x08001215   Thumb Code    18  mmodem.o(.text)
    prv_cMmodem_Get_File_Info                0x08001227   Thumb Code   400  mmodem.o(.text)
    vMmodem_Handle                           0x080013b7   Thumb Code   298  mmodem.o(.text)
    prv_vUpdata_Flash_Sector_Erase           0x080015ad   Thumb Code     2  updata.o(.text)
    prv_vUpdata_Flash_Write                  0x080015af   Thumb Code     2  updata.o(.text)
    prv_vUpdata_Flash_Read                   0x080015b1   Thumb Code     2  updata.o(.text)
    prv_cUpdata_Run_Flash_Write              0x080015b3   Thumb Code    30  updata.o(.text)
    prv_vUpdata_Run_Flash_Read               0x080015d1   Thumb Code    20  updata.o(.text)
    vUpdata_Init                             0x080015e5   Thumb Code     2  updata.o(.text)
    prv_vUpdata_Write_App1                   0x080015e7   Thumb Code    82  updata.o(.text)
    prv_vUpdata_Write_App2                   0x08001639   Thumb Code    84  updata.o(.text)
    prv_vUpdata_Write_App3                   0x0800168d   Thumb Code    84  updata.o(.text)
    prv_vUpdata_Write_Run                    0x080016e1   Thumb Code    36  updata.o(.text)
    prv_vUpdata_Write_UP                     0x08001705   Thumb Code    82  updata.o(.text)
    prv_cUpdata_Read_App1                    0x08001757   Thumb Code    54  updata.o(.text)
    prv_cUpdata_Read_App2                    0x0800178d   Thumb Code    54  updata.o(.text)
    prv_cUpdata_Read_App3                    0x080017c3   Thumb Code    54  updata.o(.text)
    prv_cUpdata_Read_Run                     0x080017f9   Thumb Code    52  updata.o(.text)
    prv_cUpdata_Read_UP                      0x0800182d   Thumb Code    52  updata.o(.text)
    vUpdata_Write_App                        0x08001861   Thumb Code    78  updata.o(.text)
    cUpdata_Read_App                         0x080018af   Thumb Code    98  updata.o(.text)
    vUpdata_Jump_To_Run                      0x08001911   Thumb Code    28  updata.o(.text)
    uiCrc_16                                 0x08001945   Thumb Code    40  crc.o(.text)
    Reset_Handler                            0x08001971   Thumb Code     8  startup_stm32f429_439xx.o(.text)
    ADC_IRQHandler                           0x0800198b   Thumb Code     0  startup_stm32f429_439xx.o(.text)
    CAN1_RX0_IRQHandler                      0x0800198b   Thumb Code     0  startup_stm32f429_439xx.o(.text)
    CAN1_RX1_IRQHandler                      0x0800198b   Thumb Code     0  startup_stm32f429_439xx.o(.text)
    CAN1_SCE_IRQHandler                      0x0800198b   Thumb Code     0  startup_stm32f429_439xx.o(.text)
    CAN1_TX_IRQHandler                       0x0800198b   Thumb Code     0  startup_stm32f429_439xx.o(.text)
    CAN2_RX0_IRQHandler                      0x0800198b   Thumb Code     0  startup_stm32f429_439xx.o(.text)
    CAN2_RX1_IRQHandler                      0x0800198b   Thumb Code     0  startup_stm32f429_439xx.o(.text)
    CAN2_SCE_IRQHandler                      0x0800198b   Thumb Code     0  startup_stm32f429_439xx.o(.text)
    CAN2_TX_IRQHandler                       0x0800198b   Thumb Code     0  startup_stm32f429_439xx.o(.text)
    CRYP_IRQHandler                          0x0800198b   Thumb Code     0  startup_stm32f429_439xx.o(.text)
    DCMI_IRQHandler                          0x0800198b   Thumb Code     0  startup_stm32f429_439xx.o(.text)
    DMA1_Stream0_IRQHandler                  0x0800198b   Thumb Code     0  startup_stm32f429_439xx.o(.text)
    DMA1_Stream1_IRQHandler                  0x0800198b   Thumb Code     0  startup_stm32f429_439xx.o(.text)
    DMA1_Stream2_IRQHandler                  0x0800198b   Thumb Code     0  startup_stm32f429_439xx.o(.text)
    DMA1_Stream3_IRQHandler                  0x0800198b   Thumb Code     0  startup_stm32f429_439xx.o(.text)
    DMA1_Stream4_IRQHandler                  0x0800198b   Thumb Code     0  startup_stm32f429_439xx.o(.text)
    DMA1_Stream5_IRQHandler                  0x0800198b   Thumb Code     0  startup_stm32f429_439xx.o(.text)
    DMA1_Stream6_IRQHandler                  0x0800198b   Thumb Code     0  startup_stm32f429_439xx.o(.text)
    DMA1_Stream7_IRQHandler                  0x0800198b   Thumb Code     0  startup_stm32f429_439xx.o(.text)
    DMA2D_IRQHandler                         0x0800198b   Thumb Code     0  startup_stm32f429_439xx.o(.text)
    DMA2_Stream0_IRQHandler                  0x0800198b   Thumb Code     0  startup_stm32f429_439xx.o(.text)
    DMA2_Stream1_IRQHandler                  0x0800198b   Thumb Code     0  startup_stm32f429_439xx.o(.text)
    DMA2_Stream2_IRQHandler                  0x0800198b   Thumb Code     0  startup_stm32f429_439xx.o(.text)
    DMA2_Stream3_IRQHandler                  0x0800198b   Thumb Code     0  startup_stm32f429_439xx.o(.text)
    DMA2_Stream4_IRQHandler                  0x0800198b   Thumb Code     0  startup_stm32f429_439xx.o(.text)
    DMA2_Stream5_IRQHandler                  0x0800198b   Thumb Code     0  startup_stm32f429_439xx.o(.text)
    DMA2_Stream6_IRQHandler                  0x0800198b   Thumb Code     0  startup_stm32f429_439xx.o(.text)
    DMA2_Stream7_IRQHandler                  0x0800198b   Thumb Code     0  startup_stm32f429_439xx.o(.text)
    ETH_IRQHandler                           0x0800198b   Thumb Code     0  startup_stm32f429_439xx.o(.text)
    ETH_WKUP_IRQHandler                      0x0800198b   Thumb Code     0  startup_stm32f429_439xx.o(.text)
    EXTI0_IRQHandler                         0x0800198b   Thumb Code     0  startup_stm32f429_439xx.o(.text)
    EXTI15_10_IRQHandler                     0x0800198b   Thumb Code     0  startup_stm32f429_439xx.o(.text)
    EXTI1_IRQHandler                         0x0800198b   Thumb Code     0  startup_stm32f429_439xx.o(.text)
    EXTI2_IRQHandler                         0x0800198b   Thumb Code     0  startup_stm32f429_439xx.o(.text)
    EXTI3_IRQHandler                         0x0800198b   Thumb Code     0  startup_stm32f429_439xx.o(.text)
    EXTI4_IRQHandler                         0x0800198b   Thumb Code     0  startup_stm32f429_439xx.o(.text)
    EXTI9_5_IRQHandler                       0x0800198b   Thumb Code     0  startup_stm32f429_439xx.o(.text)
    FLASH_IRQHandler                         0x0800198b   Thumb Code     0  startup_stm32f429_439xx.o(.text)
    FMC_IRQHandler                           0x0800198b   Thumb Code     0  startup_stm32f429_439xx.o(.text)
    FPU_IRQHandler                           0x0800198b   Thumb Code     0  startup_stm32f429_439xx.o(.text)
    HASH_RNG_IRQHandler                      0x0800198b   Thumb Code     0  startup_stm32f429_439xx.o(.text)
    I2C1_ER_IRQHandler                       0x0800198b   Thumb Code     0  startup_stm32f429_439xx.o(.text)
    I2C1_EV_IRQHandler                       0x0800198b   Thumb Code     0  startup_stm32f429_439xx.o(.text)
    I2C2_ER_IRQHandler                       0x0800198b   Thumb Code     0  startup_stm32f429_439xx.o(.text)
    I2C2_EV_IRQHandler                       0x0800198b   Thumb Code     0  startup_stm32f429_439xx.o(.text)
    I2C3_ER_IRQHandler                       0x0800198b   Thumb Code     0  startup_stm32f429_439xx.o(.text)
    I2C3_EV_IRQHandler                       0x0800198b   Thumb Code     0  startup_stm32f429_439xx.o(.text)
    LTDC_ER_IRQHandler                       0x0800198b   Thumb Code     0  startup_stm32f429_439xx.o(.text)
    LTDC_IRQHandler                          0x0800198b   Thumb Code     0  startup_stm32f429_439xx.o(.text)
    OTG_FS_IRQHandler                        0x0800198b   Thumb Code     0  startup_stm32f429_439xx.o(.text)
    OTG_FS_WKUP_IRQHandler                   0x0800198b   Thumb Code     0  startup_stm32f429_439xx.o(.text)
    OTG_HS_EP1_IN_IRQHandler                 0x0800198b   Thumb Code     0  startup_stm32f429_439xx.o(.text)
    OTG_HS_EP1_OUT_IRQHandler                0x0800198b   Thumb Code     0  startup_stm32f429_439xx.o(.text)
    OTG_HS_IRQHandler                        0x0800198b   Thumb Code     0  startup_stm32f429_439xx.o(.text)
    OTG_HS_WKUP_IRQHandler                   0x0800198b   Thumb Code     0  startup_stm32f429_439xx.o(.text)
    PVD_IRQHandler                           0x0800198b   Thumb Code     0  startup_stm32f429_439xx.o(.text)
    RCC_IRQHandler                           0x0800198b   Thumb Code     0  startup_stm32f429_439xx.o(.text)
    RTC_Alarm_IRQHandler                     0x0800198b   Thumb Code     0  startup_stm32f429_439xx.o(.text)
    RTC_WKUP_IRQHandler                      0x0800198b   Thumb Code     0  startup_stm32f429_439xx.o(.text)
    SAI1_IRQHandler                          0x0800198b   Thumb Code     0  startup_stm32f429_439xx.o(.text)
    SDIO_IRQHandler                          0x0800198b   Thumb Code     0  startup_stm32f429_439xx.o(.text)
    SPI1_IRQHandler                          0x0800198b   Thumb Code     0  startup_stm32f429_439xx.o(.text)
    SPI2_IRQHandler                          0x0800198b   Thumb Code     0  startup_stm32f429_439xx.o(.text)
    SPI3_IRQHandler                          0x0800198b   Thumb Code     0  startup_stm32f429_439xx.o(.text)
    SPI4_IRQHandler                          0x0800198b   Thumb Code     0  startup_stm32f429_439xx.o(.text)
    SPI5_IRQHandler                          0x0800198b   Thumb Code     0  startup_stm32f429_439xx.o(.text)
    SPI6_IRQHandler                          0x0800198b   Thumb Code     0  startup_stm32f429_439xx.o(.text)
    TAMP_STAMP_IRQHandler                    0x0800198b   Thumb Code     0  startup_stm32f429_439xx.o(.text)
    TIM1_BRK_TIM9_IRQHandler                 0x0800198b   Thumb Code     0  startup_stm32f429_439xx.o(.text)
    TIM1_CC_IRQHandler                       0x0800198b   Thumb Code     0  startup_stm32f429_439xx.o(.text)
    TIM1_TRG_COM_TIM11_IRQHandler            0x0800198b   Thumb Code     0  startup_stm32f429_439xx.o(.text)
    TIM1_UP_TIM10_IRQHandler                 0x0800198b   Thumb Code     0  startup_stm32f429_439xx.o(.text)
    TIM2_IRQHandler                          0x0800198b   Thumb Code     0  startup_stm32f429_439xx.o(.text)
    TIM3_IRQHandler                          0x0800198b   Thumb Code     0  startup_stm32f429_439xx.o(.text)
    TIM4_IRQHandler                          0x0800198b   Thumb Code     0  startup_stm32f429_439xx.o(.text)
    TIM5_IRQHandler                          0x0800198b   Thumb Code     0  startup_stm32f429_439xx.o(.text)
    TIM6_DAC_IRQHandler                      0x0800198b   Thumb Code     0  startup_stm32f429_439xx.o(.text)
    TIM7_IRQHandler                          0x0800198b   Thumb Code     0  startup_stm32f429_439xx.o(.text)
    TIM8_BRK_TIM12_IRQHandler                0x0800198b   Thumb Code     0  startup_stm32f429_439xx.o(.text)
    TIM8_CC_IRQHandler                       0x0800198b   Thumb Code     0  startup_stm32f429_439xx.o(.text)
    TIM8_TRG_COM_TIM14_IRQHandler            0x0800198b   Thumb Code     0  startup_stm32f429_439xx.o(.text)
    TIM8_UP_TIM13_IRQHandler                 0x0800198b   Thumb Code     0  startup_stm32f429_439xx.o(.text)
    UART4_IRQHandler                         0x0800198b   Thumb Code     0  startup_stm32f429_439xx.o(.text)
    UART5_IRQHandler                         0x0800198b   Thumb Code     0  startup_stm32f429_439xx.o(.text)
    UART7_IRQHandler                         0x0800198b   Thumb Code     0  startup_stm32f429_439xx.o(.text)
    UART8_IRQHandler                         0x0800198b   Thumb Code     0  startup_stm32f429_439xx.o(.text)
    USART1_IRQHandler                        0x0800198b   Thumb Code     0  startup_stm32f429_439xx.o(.text)
    USART3_IRQHandler                        0x0800198b   Thumb Code     0  startup_stm32f429_439xx.o(.text)
    USART6_IRQHandler                        0x0800198b   Thumb Code     0  startup_stm32f429_439xx.o(.text)
    WWDG_IRQHandler                          0x0800198b   Thumb Code     0  startup_stm32f429_439xx.o(.text)
    __user_initial_stackheap                 0x0800198d   Thumb Code     0  startup_stm32f429_439xx.o(.text)
    SystemInit                               0x08001ac1   Thumb Code    88  system_stm32f4xx.o(.text)
    SystemCoreClockUpdate                    0x08001b19   Thumb Code   174  system_stm32f4xx.o(.text)
    NVIC_PriorityGroupConfig                 0x08001bf5   Thumb Code    10  misc.o(.text)
    NVIC_Init                                0x08001bff   Thumb Code   106  misc.o(.text)
    NVIC_SetVectorTable                      0x08001c69   Thumb Code    14  misc.o(.text)
    NVIC_SystemLPConfig                      0x08001c77   Thumb Code    34  misc.o(.text)
    SysTick_CLKSourceConfig                  0x08001c99   Thumb Code    40  misc.o(.text)
    FLASH_SetLatency                         0x08001cd5   Thumb Code     6  stm32f4xx_flash.o(.text)
    FLASH_PrefetchBufferCmd                  0x08001cdb   Thumb Code    30  stm32f4xx_flash.o(.text)
    FLASH_InstructionCacheCmd                0x08001cf9   Thumb Code    30  stm32f4xx_flash.o(.text)
    FLASH_DataCacheCmd                       0x08001d17   Thumb Code    30  stm32f4xx_flash.o(.text)
    FLASH_InstructionCacheReset              0x08001d35   Thumb Code    14  stm32f4xx_flash.o(.text)
    FLASH_DataCacheReset                     0x08001d43   Thumb Code    14  stm32f4xx_flash.o(.text)
    FLASH_Unlock                             0x08001d51   Thumb Code    26  stm32f4xx_flash.o(.text)
    FLASH_Lock                               0x08001d6b   Thumb Code    18  stm32f4xx_flash.o(.text)
    FLASH_GetStatus                          0x08001d7d   Thumb Code    90  stm32f4xx_flash.o(.text)
    FLASH_WaitForLastOperation               0x08001dd7   Thumb Code    34  stm32f4xx_flash.o(.text)
    FLASH_EraseSector                        0x08001df9   Thumb Code   140  stm32f4xx_flash.o(.text)
    FLASH_EraseAllSectors                    0x08001e85   Thumb Code   118  stm32f4xx_flash.o(.text)
    FLASH_EraseAllBank1Sectors               0x08001efb   Thumb Code   112  stm32f4xx_flash.o(.text)
    FLASH_EraseAllBank2Sectors               0x08001f6b   Thumb Code   112  stm32f4xx_flash.o(.text)
    FLASH_ProgramDoubleWord                  0x08001fdb   Thumb Code    86  stm32f4xx_flash.o(.text)
    FLASH_ProgramWord                        0x08002031   Thumb Code    82  stm32f4xx_flash.o(.text)
    FLASH_ProgramHalfWord                    0x08002083   Thumb Code    96  stm32f4xx_flash.o(.text)
    FLASH_ProgramByte                        0x080020e3   Thumb Code    70  stm32f4xx_flash.o(.text)
    FLASH_OB_Unlock                          0x08002129   Thumb Code    26  stm32f4xx_flash.o(.text)
    FLASH_OB_Lock                            0x08002143   Thumb Code    18  stm32f4xx_flash.o(.text)
    FLASH_OB_WRPConfig                       0x08002155   Thumb Code    54  stm32f4xx_flash.o(.text)
    FLASH_OB_WRP1Config                      0x0800218b   Thumb Code    54  stm32f4xx_flash.o(.text)
    FLASH_OB_PCROPSelectionConfig            0x080021c1   Thumb Code    24  stm32f4xx_flash.o(.text)
    FLASH_OB_PCROPConfig                     0x080021d9   Thumb Code    54  stm32f4xx_flash.o(.text)
    FLASH_OB_PCROP1Config                    0x0800220f   Thumb Code    54  stm32f4xx_flash.o(.text)
    FLASH_OB_RDPConfig                       0x08002245   Thumb Code    24  stm32f4xx_flash.o(.text)
    FLASH_OB_UserConfig                      0x0800225d   Thumb Code    46  stm32f4xx_flash.o(.text)
    FLASH_OB_BootConfig                      0x0800228b   Thumb Code    26  stm32f4xx_flash.o(.text)
    FLASH_OB_BORConfig                       0x080022a5   Thumb Code    26  stm32f4xx_flash.o(.text)
    FLASH_OB_Launch                          0x080022bf   Thumb Code    30  stm32f4xx_flash.o(.text)
    FLASH_OB_GetUser                         0x080022dd   Thumb Code    12  stm32f4xx_flash.o(.text)
    FLASH_OB_GetWRP                          0x080022e9   Thumb Code     8  stm32f4xx_flash.o(.text)
    FLASH_OB_GetWRP1                         0x080022f1   Thumb Code     8  stm32f4xx_flash.o(.text)
    FLASH_OB_GetPCROP                        0x080022f9   Thumb Code     8  stm32f4xx_flash.o(.text)
    FLASH_OB_GetPCROP1                       0x08002301   Thumb Code     8  stm32f4xx_flash.o(.text)
    FLASH_OB_GetRDP                          0x08002309   Thumb Code    20  stm32f4xx_flash.o(.text)
    FLASH_OB_GetBOR                          0x0800231d   Thumb Code    12  stm32f4xx_flash.o(.text)
    FLASH_ITConfig                           0x08002329   Thumb Code    26  stm32f4xx_flash.o(.text)
    FLASH_GetFlagStatus                      0x08002343   Thumb Code    22  stm32f4xx_flash.o(.text)
    FLASH_ClearFlag                          0x08002359   Thumb Code     8  stm32f4xx_flash.o(.text)
    FMC_NORSRAMDeInit                        0x0800236d   Thumb Code    54  stm32f4xx_fmc.o(.text)
    FMC_NORSRAMInit                          0x080023a3   Thumb Code   316  stm32f4xx_fmc.o(.text)
    FMC_NORSRAMStructInit                    0x080024df   Thumb Code    54  stm32f4xx_fmc.o(.text)
    FMC_NORSRAMCmd                           0x08002515   Thumb Code    46  stm32f4xx_fmc.o(.text)
    FMC_NANDDeInit                           0x08002543   Thumb Code    62  stm32f4xx_fmc.o(.text)
    FMC_NANDInit                             0x08002581   Thumb Code   204  stm32f4xx_fmc.o(.text)
    FMC_NANDStructInit                       0x0800264d   Thumb Code    58  stm32f4xx_fmc.o(.text)
    FMC_NANDCmd                              0x08002687   Thumb Code    86  stm32f4xx_fmc.o(.text)
    FMC_NANDECCCmd                           0x080026dd   Thumb Code    86  stm32f4xx_fmc.o(.text)
    FMC_GetECC                               0x08002733   Thumb Code    24  stm32f4xx_fmc.o(.text)
    FMC_PCCARDDeInit                         0x0800274b   Thumb Code    36  stm32f4xx_fmc.o(.text)
    FMC_PCCARDInit                           0x0800276f   Thumb Code   212  stm32f4xx_fmc.o(.text)
    FMC_PCCARDStructInit                     0x08002843   Thumb Code    60  stm32f4xx_fmc.o(.text)
    FMC_PCCARDCmd                            0x0800287f   Thumb Code    42  stm32f4xx_fmc.o(.text)
    FMC_SDRAMDeInit                          0x080028a9   Thumb Code    48  stm32f4xx_fmc.o(.text)
    FMC_SDRAMInit                            0x080028d9   Thumb Code   322  stm32f4xx_fmc.o(.text)
    FMC_SDRAMStructInit                      0x08002a1b   Thumb Code    64  stm32f4xx_fmc.o(.text)
    FMC_SDRAMCmdConfig                       0x08002a5b   Thumb Code    30  stm32f4xx_fmc.o(.text)
    FMC_GetModeStatus                        0x08002a79   Thumb Code    32  stm32f4xx_fmc.o(.text)
    FMC_SetRefreshCount                      0x08002a99   Thumb Code    20  stm32f4xx_fmc.o(.text)
    FMC_SetAutoRefresh_Number                0x08002aad   Thumb Code    20  stm32f4xx_fmc.o(.text)
    FMC_SDRAMWriteProtectionConfig           0x08002ac1   Thumb Code    56  stm32f4xx_fmc.o(.text)
    FMC_ITConfig                             0x08002af9   Thumb Code   176  stm32f4xx_fmc.o(.text)
    FMC_GetFlagStatus                        0x08002ba9   Thumb Code    78  stm32f4xx_fmc.o(.text)
    FMC_ClearFlag                            0x08002bf7   Thumb Code    84  stm32f4xx_fmc.o(.text)
    FMC_GetITStatus                          0x08002c4b   Thumb Code    96  stm32f4xx_fmc.o(.text)
    FMC_ClearITPendingBit                    0x08002cab   Thumb Code    92  stm32f4xx_fmc.o(.text)
    GPIO_DeInit                              0x08002d0d   Thumb Code   268  stm32f4xx_gpio.o(.text)
    GPIO_Init                                0x08002e19   Thumb Code   144  stm32f4xx_gpio.o(.text)
    GPIO_StructInit                          0x08002ea9   Thumb Code    18  stm32f4xx_gpio.o(.text)
    GPIO_PinLockConfig                       0x08002ebb   Thumb Code    34  stm32f4xx_gpio.o(.text)
    GPIO_ReadInputDataBit                    0x08002edd   Thumb Code    18  stm32f4xx_gpio.o(.text)
    GPIO_ReadInputData                       0x08002eef   Thumb Code     8  stm32f4xx_gpio.o(.text)
    GPIO_ReadOutputDataBit                   0x08002ef7   Thumb Code    18  stm32f4xx_gpio.o(.text)
    GPIO_ReadOutputData                      0x08002f09   Thumb Code     8  stm32f4xx_gpio.o(.text)
    GPIO_SetBits                             0x08002f11   Thumb Code     4  stm32f4xx_gpio.o(.text)
    GPIO_ResetBits                           0x08002f15   Thumb Code     4  stm32f4xx_gpio.o(.text)
    GPIO_WriteBit                            0x08002f19   Thumb Code    10  stm32f4xx_gpio.o(.text)
    GPIO_Write                               0x08002f23   Thumb Code     4  stm32f4xx_gpio.o(.text)
    GPIO_ToggleBits                          0x08002f27   Thumb Code     8  stm32f4xx_gpio.o(.text)
    GPIO_PinAFConfig                         0x08002f2f   Thumb Code    70  stm32f4xx_gpio.o(.text)
    RCC_DeInit                               0x08002fa1   Thumb Code    82  stm32f4xx_rcc.o(.text)
    RCC_HSEConfig                            0x08002ff3   Thumb Code    14  stm32f4xx_rcc.o(.text)
    RCC_GetFlagStatus                        0x08003001   Thumb Code    60  stm32f4xx_rcc.o(.text)
    RCC_WaitForHSEStartUp                    0x0800303d   Thumb Code    56  stm32f4xx_rcc.o(.text)
    RCC_AdjustHSICalibrationValue            0x08003075   Thumb Code    20  stm32f4xx_rcc.o(.text)
    RCC_HSICmd                               0x08003089   Thumb Code     6  stm32f4xx_rcc.o(.text)
    RCC_LSEConfig                            0x0800308f   Thumb Code    46  stm32f4xx_rcc.o(.text)
    RCC_LSICmd                               0x080030bd   Thumb Code     6  stm32f4xx_rcc.o(.text)
    RCC_PLLConfig                            0x080030c3   Thumb Code    32  stm32f4xx_rcc.o(.text)
    RCC_PLLCmd                               0x080030e3   Thumb Code     6  stm32f4xx_rcc.o(.text)
    RCC_PLLI2SConfig                         0x080030e9   Thumb Code    20  stm32f4xx_rcc.o(.text)
    RCC_PLLI2SCmd                            0x080030fd   Thumb Code     6  stm32f4xx_rcc.o(.text)
    RCC_PLLSAIConfig                         0x08003103   Thumb Code    20  stm32f4xx_rcc.o(.text)
    RCC_PLLSAICmd                            0x08003117   Thumb Code     6  stm32f4xx_rcc.o(.text)
    RCC_ClockSecuritySystemCmd               0x0800311d   Thumb Code     6  stm32f4xx_rcc.o(.text)
    RCC_MCO1Config                           0x08003123   Thumb Code    28  stm32f4xx_rcc.o(.text)
    RCC_MCO2Config                           0x0800313f   Thumb Code    28  stm32f4xx_rcc.o(.text)
    RCC_SYSCLKConfig                         0x0800315b   Thumb Code    20  stm32f4xx_rcc.o(.text)
    RCC_GetSYSCLKSource                      0x0800316f   Thumb Code    12  stm32f4xx_rcc.o(.text)
    RCC_HCLKConfig                           0x0800317b   Thumb Code    20  stm32f4xx_rcc.o(.text)
    RCC_PCLK1Config                          0x0800318f   Thumb Code    20  stm32f4xx_rcc.o(.text)
    RCC_PCLK2Config                          0x080031a3   Thumb Code    22  stm32f4xx_rcc.o(.text)
    RCC_GetClocksFreq                        0x080031b9   Thumb Code   222  stm32f4xx_rcc.o(.text)
    RCC_RTCCLKConfig                         0x08003297   Thumb Code    54  stm32f4xx_rcc.o(.text)
    RCC_RTCCLKCmd                            0x080032cd   Thumb Code     8  stm32f4xx_rcc.o(.text)
    RCC_BackupResetCmd                       0x080032d5   Thumb Code     8  stm32f4xx_rcc.o(.text)
    RCC_I2SCLKConfig                         0x080032dd   Thumb Code     6  stm32f4xx_rcc.o(.text)
    RCC_SAIBlockACLKConfig                   0x080032e3   Thumb Code    20  stm32f4xx_rcc.o(.text)
    RCC_SAIBlockBCLKConfig                   0x080032f7   Thumb Code    20  stm32f4xx_rcc.o(.text)
    RCC_SAIPLLI2SClkDivConfig                0x0800330b   Thumb Code    26  stm32f4xx_rcc.o(.text)
    RCC_SAIPLLSAIClkDivConfig                0x08003325   Thumb Code    28  stm32f4xx_rcc.o(.text)
    RCC_LTDCCLKDivConfig                     0x08003341   Thumb Code    20  stm32f4xx_rcc.o(.text)
    RCC_TIMCLKPresConfig                     0x08003355   Thumb Code     6  stm32f4xx_rcc.o(.text)
    RCC_AHB1PeriphClockCmd                   0x0800335b   Thumb Code    82  stm32f4xx_rcc.o(.text)
    RCC_AHB2PeriphClockCmd                   0x080033ad   Thumb Code    26  stm32f4xx_rcc.o(.text)
    RCC_AHB3PeriphClockCmd                   0x080033c7   Thumb Code    34  stm32f4xx_rcc.o(.text)
    RCC_APB1PeriphClockCmd                   0x080033e9   Thumb Code    34  stm32f4xx_rcc.o(.text)
    RCC_APB2PeriphClockCmd                   0x0800340b   Thumb Code    34  stm32f4xx_rcc.o(.text)
    RCC_AHB1PeriphResetCmd                   0x0800342d   Thumb Code    34  stm32f4xx_rcc.o(.text)
    RCC_AHB2PeriphResetCmd                   0x0800344f   Thumb Code    34  stm32f4xx_rcc.o(.text)
    RCC_AHB3PeriphResetCmd                   0x08003471   Thumb Code    34  stm32f4xx_rcc.o(.text)
    RCC_APB1PeriphResetCmd                   0x08003493   Thumb Code    34  stm32f4xx_rcc.o(.text)
    RCC_APB2PeriphResetCmd                   0x080034b5   Thumb Code    34  stm32f4xx_rcc.o(.text)
    RCC_AHB1PeriphClockLPModeCmd             0x080034d7   Thumb Code    34  stm32f4xx_rcc.o(.text)
    RCC_AHB2PeriphClockLPModeCmd             0x080034f9   Thumb Code    34  stm32f4xx_rcc.o(.text)
    RCC_AHB3PeriphClockLPModeCmd             0x0800351b   Thumb Code    34  stm32f4xx_rcc.o(.text)
    RCC_APB1PeriphClockLPModeCmd             0x0800353d   Thumb Code    34  stm32f4xx_rcc.o(.text)
    RCC_APB2PeriphClockLPModeCmd             0x0800355f   Thumb Code    34  stm32f4xx_rcc.o(.text)
    RCC_LSEModeConfig                        0x08003581   Thumb Code    40  stm32f4xx_rcc.o(.text)
    RCC_ITConfig                             0x080035a9   Thumb Code    34  stm32f4xx_rcc.o(.text)
    RCC_ClearFlag                            0x080035cb   Thumb Code    18  stm32f4xx_rcc.o(.text)
    RCC_GetITStatus                          0x080035dd   Thumb Code    22  stm32f4xx_rcc.o(.text)
    RCC_ClearITPendingBit                    0x080035f3   Thumb Code     8  stm32f4xx_rcc.o(.text)
    USART_DeInit                             0x08003601   Thumb Code   206  stm32f4xx_usart.o(.text)
    USART_Init                               0x080036cf   Thumb Code   204  stm32f4xx_usart.o(.text)
    USART_StructInit                         0x0800379b   Thumb Code    24  stm32f4xx_usart.o(.text)
    USART_ClockInit                          0x080037b3   Thumb Code    32  stm32f4xx_usart.o(.text)
    USART_ClockStructInit                    0x080037d3   Thumb Code    12  stm32f4xx_usart.o(.text)
    USART_Cmd                                0x080037df   Thumb Code    24  stm32f4xx_usart.o(.text)
    USART_SetPrescaler                       0x080037f7   Thumb Code    16  stm32f4xx_usart.o(.text)
    USART_OverSampling8Cmd                   0x08003807   Thumb Code    22  stm32f4xx_usart.o(.text)
    USART_OneBitMethodCmd                    0x0800381d   Thumb Code    24  stm32f4xx_usart.o(.text)
    USART_SendData                           0x08003835   Thumb Code     8  stm32f4xx_usart.o(.text)
    USART_ReceiveData                        0x0800383d   Thumb Code    10  stm32f4xx_usart.o(.text)
    USART_SetAddress                         0x08003847   Thumb Code    18  stm32f4xx_usart.o(.text)
    USART_ReceiverWakeUpCmd                  0x08003859   Thumb Code    24  stm32f4xx_usart.o(.text)
    USART_WakeUpConfig                       0x08003871   Thumb Code    18  stm32f4xx_usart.o(.text)
    USART_LINBreakDetectLengthConfig         0x08003883   Thumb Code    18  stm32f4xx_usart.o(.text)
    USART_LINCmd                             0x08003895   Thumb Code    24  stm32f4xx_usart.o(.text)
    USART_SendBreak                          0x080038ad   Thumb Code    10  stm32f4xx_usart.o(.text)
    USART_HalfDuplexCmd                      0x080038b7   Thumb Code    24  stm32f4xx_usart.o(.text)
    USART_SetGuardTime                       0x080038cf   Thumb Code    16  stm32f4xx_usart.o(.text)
    USART_SmartCardCmd                       0x080038df   Thumb Code    24  stm32f4xx_usart.o(.text)
    USART_SmartCardNACKCmd                   0x080038f7   Thumb Code    24  stm32f4xx_usart.o(.text)
    USART_IrDAConfig                         0x0800390f   Thumb Code    18  stm32f4xx_usart.o(.text)
    USART_IrDACmd                            0x08003921   Thumb Code    24  stm32f4xx_usart.o(.text)
    USART_DMACmd                             0x08003939   Thumb Code    18  stm32f4xx_usart.o(.text)
    USART_ITConfig                           0x0800394b   Thumb Code    74  stm32f4xx_usart.o(.text)
    USART_GetFlagStatus                      0x08003995   Thumb Code    26  stm32f4xx_usart.o(.text)
    USART_ClearFlag                          0x080039af   Thumb Code    18  stm32f4xx_usart.o(.text)
    USART_GetITStatus                        0x080039c1   Thumb Code   118  stm32f4xx_usart.o(.text)
    USART_ClearITPendingBit                  0x08003a37   Thumb Code    30  stm32f4xx_usart.o(.text)
    __use_no_semihosting                     0x08003a55   Thumb Code     2  use_no_semi_2.o(.text)
    __2printf                                0x08003a59   Thumb Code    20  noretval__2printf.o(.text)
    __printf                                 0x08003a71   Thumb Code   104  __printf.o(.text)
    _printf_str                              0x08003ad9   Thumb Code    82  _printf_str.o(.text)
    _printf_int_dec                          0x08003b2d   Thumb Code   104  _printf_dec.o(.text)
    _printf_int_hex                          0x08003ba5   Thumb Code    84  _printf_hex_int.o(.text)
    _printf_longlong_hex                     0x08003ba5   Thumb Code     0  _printf_hex_int.o(.text)
    __0sscanf                                0x08003bfd   Thumb Code    52  __0sscanf.o(.text)
    _scanf_int                               0x08003c39   Thumb Code   332  _scanf_int.o(.text)
    __aeabi_memcpy                           0x08003d85   Thumb Code     0  rt_memcpy_v6.o(.text)
    __rt_memcpy                              0x08003d85   Thumb Code   138  rt_memcpy_v6.o(.text)
    _memcpy_lastbytes                        0x08003deb   Thumb Code     0  rt_memcpy_v6.o(.text)
    __aeabi_memclr                           0x08003e0f   Thumb Code     0  rt_memclr.o(.text)
    __rt_memclr                              0x08003e0f   Thumb Code    68  rt_memclr.o(.text)
    _memset                                  0x08003e13   Thumb Code     0  rt_memclr.o(.text)
    __aeabi_memclr4                          0x08003e53   Thumb Code     0  rt_memclr_w.o(.text)
    __aeabi_memclr8                          0x08003e53   Thumb Code     0  rt_memclr_w.o(.text)
    __rt_memclr_w                            0x08003e53   Thumb Code    78  rt_memclr_w.o(.text)
    _memset_w                                0x08003e57   Thumb Code     0  rt_memclr_w.o(.text)
    __use_two_region_memory                  0x08003ea1   Thumb Code     2  heapauxi.o(.text)
    __rt_heap_escrow$2region                 0x08003ea3   Thumb Code     2  heapauxi.o(.text)
    __rt_heap_expand$2region                 0x08003ea5   Thumb Code     2  heapauxi.o(.text)
    __I$use$semihosting                      0x08003ea7   Thumb Code     0  use_no_semi.o(.text)
    __use_no_semihosting_swi                 0x08003ea7   Thumb Code     2  use_no_semi.o(.text)
    _printf_int_common                       0x08003ea9   Thumb Code   178  _printf_intcommon.o(.text)
    _printf_cs_common                        0x08003f5b   Thumb Code    20  _printf_char.o(.text)
    _printf_char                             0x08003f6f   Thumb Code    16  _printf_char.o(.text)
    _printf_string                           0x08003f7f   Thumb Code     8  _printf_char.o(.text)
    _printf_char_file                        0x08003f89   Thumb Code    32  _printf_char_file.o(.text)
    _chval                                   0x08003fad   Thumb Code    28  _chval.o(.text)
    __vfscanf_char                           0x08003fd5   Thumb Code    24  scanf_char.o(.text)
    _sgetc                                   0x08003ff5   Thumb Code    30  _sgetc.o(.text)
    _sbackspace                              0x08004013   Thumb Code    34  _sgetc.o(.text)
    __aeabi_memcpy4                          0x08004035   Thumb Code     0  rt_memcpy_w.o(.text)
    __aeabi_memcpy8                          0x08004035   Thumb Code     0  rt_memcpy_w.o(.text)
    __rt_memcpy_w                            0x08004035   Thumb Code   100  rt_memcpy_w.o(.text)
    _memcpy_lastbytes_aligned                0x0800407d   Thumb Code     0  rt_memcpy_w.o(.text)
    isspace                                  0x08004099   Thumb Code    18  isspace.o(.text)
    _printf_char_common                      0x080040b7   Thumb Code    32  _printf_char_common.o(.text)
    __vfscanf                                0x080040dd   Thumb Code   878  _scanf.o(.text)
    ferror                                   0x08004451   Thumb Code     8  ferror.o(.text)
    __user_setup_stackheap                   0x08004459   Thumb Code    74  sys_stackheap_outer.o(.text)
    __rt_ctype_table                         0x080044a5   Thumb Code    16  rt_ctype_table.o(.text)
    exit                                     0x080044b5   Thumb Code    18  exit.o(.text)
    __user_libspace                          0x080044c9   Thumb Code     8  libspace.o(.text)
    __user_perproc_libspace                  0x080044c9   Thumb Code     0  libspace.o(.text)
    __user_perthread_libspace                0x080044c9   Thumb Code     0  libspace.o(.text)
    __rt_locale                              0x080044d1   Thumb Code     8  rt_locale_intlibspace.o(.text)
    strcmp                                   0x080044d9   Thumb Code   128  strcmpv7m.o(.text)
    _get_lc_ctype                            0x08004559   Thumb Code    44  lc_ctype_c.o(locale$$code)
    _fp_init                                 0x08004585   Thumb Code    10  fpinit.o(x$fpl$fpinit)
    __fplib_config_fpu_vfp                   0x0800458d   Thumb Code     0  fpinit.o(x$fpl$fpinit)
    __fplib_config_pureend_doubles           0x0800458d   Thumb Code     0  fpinit.o(x$fpl$fpinit)
    FMC_DefaultTimingStruct                  0x08004790   Data          28  stm32f4xx_fmc.o(.constdata)
    Region$$Table$$Base                      0x080047d4   Number         0  anon$$obj.o(Region$$Table)
    Region$$Table$$Limit                     0x080047e4   Number         0  anon$$obj.o(Region$$Table)
    __ctype                                  0x080047f1   Data           0  lc_ctype_c.o(locale$$data)
    vDebug_USART_Config                      0x08010021   Thumb Code   158  bsp_debug_usart.o(.text)
    Usart_SendByte                           0x080100bf   Thumb Code    30  bsp_debug_usart.o(.text)
    Usart_SendString                         0x080100dd   Thumb Code    42  bsp_debug_usart.o(.text)
    Usart_SendHalfWord                       0x08010107   Thumb Code    60  bsp_debug_usart.o(.text)
    _sys_exit                                0x08010143   Thumb Code     4  bsp_debug_usart.o(.text)
    fputc                                    0x08010147   Thumb Code    32  bsp_debug_usart.o(.text)
    ui_loop_cnt                              0x20000000   Data           2  main.o(.data)
    uc_app_run_flag                          0x20000002   Data           1  main.o(.data)
    uc_updata_app_flag                       0x20000003   Data           1  main.o(.data)
    read_app_cnt                             0x20000004   Data           1  main.o(.data)
    p_data                                   0x20000008   Data           4  main.o(.data)
    p_up_data                                0x2000000c   Data           4  main.o(.data)
    i                                        0x20000010   Data           4  main.o(.data)
    __stdout                                 0x20000018   Data           4  bsp_debug_usart.o(.data)
    prv_updata_usart_receive_data_num        0x2000001c   Data           2  bsp_updata_usart.o(.data)
    prv_Jump_To_Application                  0x20000020   Data           4  updata.o(.data)
    SystemCoreClock                          0x20000024   Data           4  system_stm32f4xx.o(.data)
    AHBPrescTable                            0x20000028   Data          16  system_stm32f4xx.o(.data)
    updata_app_str                           0x20000048   Data          12  main.o(.bss)
    updata_msg_str                           0x20000054   Data          64  main.o(.bss)
    omodem_updata_str                        0x20000094   Data        1468  main.o(.bss)
    prv_updata_usart_receive_data            0x20000650   Data        1314  bsp_updata_usart.o(.bss)
    __libspace_start                         0x20000b74   Data          96  libspace.o(.bss)
    __temporary_stack_top$libspace           0x20000bd4   Data           0  libspace.o(.bss)



==============================================================================

Memory Map of the image

  Image Entry point : 0x080001ad

  Load Region LR_IROM1 (Base: 0x08000000, Size: 0x000101b8, Max: 0x00020000, ABSOLUTE)

    Execution Region ER_IROM1 (Base: 0x08000000, Size: 0x000048f4, Max: 0x00010000, ABSOLUTE)

    Base Addr    Size         Type   Attr      Idx    E Section Name        Object

    0x08000000   0x000001ac   Data   RO          523    RESET               startup_stm32f429_439xx.o
    0x080001ac   0x00000008   Code   RO         1204  * !!!main             c_w.l(__main.o)
    0x080001b4   0x00000034   Code   RO         1398    !!!scatter          c_w.l(__scatter.o)
    0x080001e8   0x0000001a   Code   RO         1400    !!handler_copy      c_w.l(__scatter_copy.o)
    0x08000202   0x00000000   Code   RO         1191    .ARM.Collect$$_printf_percent$$00000000  c_w.l(_printf_percent.o)
    0x08000202   0x00000006   Code   RO         1190    .ARM.Collect$$_printf_percent$$00000009  c_w.l(_printf_d.o)
    0x08000208   0x00000006   Code   RO         1189    .ARM.Collect$$_printf_percent$$0000000C  c_w.l(_printf_x.o)
    0x0800020e   0x00000006   Code   RO         1188    .ARM.Collect$$_printf_percent$$00000014  c_w.l(_printf_s.o)
    0x08000214   0x00000004   Code   RO         1215    .ARM.Collect$$_printf_percent$$00000017  c_w.l(_printf_percent_end.o)
    0x08000218   0x00000002   Code   RO         1262    .ARM.Collect$$libinit$$00000000  c_w.l(libinit.o)
    0x0800021a   0x00000004   Code   RO         1276    .ARM.Collect$$libinit$$00000001  c_w.l(libinit2.o)
    0x0800021e   0x00000000   Code   RO         1279    .ARM.Collect$$libinit$$00000004  c_w.l(libinit2.o)
    0x0800021e   0x00000000   Code   RO         1282    .ARM.Collect$$libinit$$0000000A  c_w.l(libinit2.o)
    0x0800021e   0x00000000   Code   RO         1284    .ARM.Collect$$libinit$$0000000C  c_w.l(libinit2.o)
    0x0800021e   0x00000000   Code   RO         1286    .ARM.Collect$$libinit$$0000000E  c_w.l(libinit2.o)
    0x0800021e   0x00000006   Code   RO         1287    .ARM.Collect$$libinit$$0000000F  c_w.l(libinit2.o)
    0x08000224   0x00000000   Code   RO         1289    .ARM.Collect$$libinit$$00000011  c_w.l(libinit2.o)
    0x08000224   0x0000000c   Code   RO         1290    .ARM.Collect$$libinit$$00000012  c_w.l(libinit2.o)
    0x08000230   0x00000000   Code   RO         1291    .ARM.Collect$$libinit$$00000013  c_w.l(libinit2.o)
    0x08000230   0x00000000   Code   RO         1293    .ARM.Collect$$libinit$$00000015  c_w.l(libinit2.o)
    0x08000230   0x00000000   Code   RO         1295    .ARM.Collect$$libinit$$00000017  c_w.l(libinit2.o)
    0x08000230   0x00000000   Code   RO         1297    .ARM.Collect$$libinit$$00000019  c_w.l(libinit2.o)
    0x08000230   0x00000000   Code   RO         1299    .ARM.Collect$$libinit$$0000001B  c_w.l(libinit2.o)
    0x08000230   0x00000000   Code   RO         1301    .ARM.Collect$$libinit$$0000001D  c_w.l(libinit2.o)
    0x08000230   0x00000000   Code   RO         1303    .ARM.Collect$$libinit$$0000001F  c_w.l(libinit2.o)
    0x08000230   0x00000000   Code   RO         1305    .ARM.Collect$$libinit$$00000021  c_w.l(libinit2.o)
    0x08000230   0x00000000   Code   RO         1307    .ARM.Collect$$libinit$$00000023  c_w.l(libinit2.o)
    0x08000230   0x00000000   Code   RO         1309    .ARM.Collect$$libinit$$00000025  c_w.l(libinit2.o)
    0x08000230   0x00000000   Code   RO         1313    .ARM.Collect$$libinit$$0000002C  c_w.l(libinit2.o)
    0x08000230   0x00000000   Code   RO         1315    .ARM.Collect$$libinit$$0000002E  c_w.l(libinit2.o)
    0x08000230   0x00000000   Code   RO         1317    .ARM.Collect$$libinit$$00000030  c_w.l(libinit2.o)
    0x08000230   0x00000000   Code   RO         1319    .ARM.Collect$$libinit$$00000032  c_w.l(libinit2.o)
    0x08000230   0x00000002   Code   RO         1320    .ARM.Collect$$libinit$$00000033  c_w.l(libinit2.o)
    0x08000232   0x00000002   Code   RO         1340    .ARM.Collect$$libshutdown$$00000000  c_w.l(libshutdown.o)
    0x08000234   0x00000000   Code   RO         1350    .ARM.Collect$$libshutdown$$00000002  c_w.l(libshutdown2.o)
    0x08000234   0x00000000   Code   RO         1352    .ARM.Collect$$libshutdown$$00000004  c_w.l(libshutdown2.o)
    0x08000234   0x00000000   Code   RO         1355    .ARM.Collect$$libshutdown$$00000007  c_w.l(libshutdown2.o)
    0x08000234   0x00000000   Code   RO         1358    .ARM.Collect$$libshutdown$$0000000A  c_w.l(libshutdown2.o)
    0x08000234   0x00000000   Code   RO         1360    .ARM.Collect$$libshutdown$$0000000C  c_w.l(libshutdown2.o)
    0x08000234   0x00000000   Code   RO         1363    .ARM.Collect$$libshutdown$$0000000F  c_w.l(libshutdown2.o)
    0x08000234   0x00000002   Code   RO         1364    .ARM.Collect$$libshutdown$$00000010  c_w.l(libshutdown2.o)
    0x08000236   0x00000000   Code   RO         1208    .ARM.Collect$$rtentry$$00000000  c_w.l(__rtentry.o)
    0x08000236   0x00000000   Code   RO         1225    .ARM.Collect$$rtentry$$00000002  c_w.l(__rtentry2.o)
    0x08000236   0x00000006   Code   RO         1237    .ARM.Collect$$rtentry$$00000004  c_w.l(__rtentry4.o)
    0x0800023c   0x00000000   Code   RO         1227    .ARM.Collect$$rtentry$$00000009  c_w.l(__rtentry2.o)
    0x0800023c   0x00000004   Code   RO         1228    .ARM.Collect$$rtentry$$0000000A  c_w.l(__rtentry2.o)
    0x08000240   0x00000000   Code   RO         1230    .ARM.Collect$$rtentry$$0000000C  c_w.l(__rtentry2.o)
    0x08000240   0x00000008   Code   RO         1231    .ARM.Collect$$rtentry$$0000000D  c_w.l(__rtentry2.o)
    0x08000248   0x00000002   Code   RO         1266    .ARM.Collect$$rtexit$$00000000  c_w.l(rtexit.o)
    0x0800024a   0x00000000   Code   RO         1322    .ARM.Collect$$rtexit$$00000002  c_w.l(rtexit2.o)
    0x0800024a   0x00000004   Code   RO         1323    .ARM.Collect$$rtexit$$00000003  c_w.l(rtexit2.o)
    0x0800024e   0x00000006   Code   RO         1324    .ARM.Collect$$rtexit$$00000004  c_w.l(rtexit2.o)
    0x08000254   0x000001ac   Code   RO            4    .text               main.o
    0x08000400   0x00000018   Code   RO          194    .text               stm32f4xx_it.o
    0x08000418   0x00000040   Code   RO          252    .text               bsp_led.o
    0x08000458   0x00000098   Code   RO          276    .text               bsp_systick.o
    0x080004f0   0x000006c8   Code   RO          306    .text               bsp_sdram.o
    0x08000bb8   0x00000150   Code   RO          361    .text               bsp_updata_usart.o
    0x08000d08   0x000002e0   Code   RO          392    .text               bsp_internal_flash.o
    0x08000fe8   0x000001d8   Code   RO          416    .text               omodem.o
    0x080011c0   0x000003ec   Code   RO          444    .text               mmodem.o
    0x080015ac   0x00000398   Code   RO          468    .text               updata.o
    0x08001944   0x0000002c   Code   RO          498    .text               crc.o
    0x08001970   0x00000040   Code   RO          524    .text               startup_stm32f429_439xx.o
    0x080019b0   0x00000244   Code   RO          531    .text               system_stm32f4xx.o
    0x08001bf4   0x000000e0   Code   RO          561    .text               misc.o
    0x08001cd4   0x00000698   Code   RO          753    .text               stm32f4xx_flash.o
    0x0800236c   0x000009a0   Code   RO          804    .text               stm32f4xx_fmc.o
    0x08002d0c   0x00000294   Code   RO          852    .text               stm32f4xx_gpio.o
    0x08002fa0   0x00000660   Code   RO          969    .text               stm32f4xx_rcc.o
    0x08003600   0x00000454   Code   RO         1043    .text               stm32f4xx_usart.o
    0x08003a54   0x00000002   Code   RO         1135    .text               c_w.l(use_no_semi_2.o)
    0x08003a56   0x00000002   PAD
    0x08003a58   0x00000018   Code   RO         1139    .text               c_w.l(noretval__2printf.o)
    0x08003a70   0x00000068   Code   RO         1141    .text               c_w.l(__printf.o)
    0x08003ad8   0x00000052   Code   RO         1143    .text               c_w.l(_printf_str.o)
    0x08003b2a   0x00000002   PAD
    0x08003b2c   0x00000078   Code   RO         1145    .text               c_w.l(_printf_dec.o)
    0x08003ba4   0x00000058   Code   RO         1150    .text               c_w.l(_printf_hex_int.o)
    0x08003bfc   0x0000003c   Code   RO         1192    .text               c_w.l(__0sscanf.o)
    0x08003c38   0x0000014c   Code   RO         1194    .text               c_w.l(_scanf_int.o)
    0x08003d84   0x0000008a   Code   RO         1196    .text               c_w.l(rt_memcpy_v6.o)
    0x08003e0e   0x00000044   Code   RO         1198    .text               c_w.l(rt_memclr.o)
    0x08003e52   0x0000004e   Code   RO         1200    .text               c_w.l(rt_memclr_w.o)
    0x08003ea0   0x00000006   Code   RO         1202    .text               c_w.l(heapauxi.o)
    0x08003ea6   0x00000002   Code   RO         1206    .text               c_w.l(use_no_semi.o)
    0x08003ea8   0x000000b2   Code   RO         1209    .text               c_w.l(_printf_intcommon.o)
    0x08003f5a   0x0000002c   Code   RO         1211    .text               c_w.l(_printf_char.o)
    0x08003f86   0x00000002   PAD
    0x08003f88   0x00000024   Code   RO         1213    .text               c_w.l(_printf_char_file.o)
    0x08003fac   0x0000001c   Code   RO         1216    .text               c_w.l(_chval.o)
    0x08003fc8   0x0000002c   Code   RO         1218    .text               c_w.l(scanf_char.o)
    0x08003ff4   0x00000040   Code   RO         1220    .text               c_w.l(_sgetc.o)
    0x08004034   0x00000064   Code   RO         1222    .text               c_w.l(rt_memcpy_w.o)
    0x08004098   0x00000012   Code   RO         1239    .text               c_w.l(isspace.o)
    0x080040aa   0x00000002   PAD
    0x080040ac   0x00000030   Code   RO         1241    .text               c_w.l(_printf_char_common.o)
    0x080040dc   0x00000374   Code   RO         1243    .text               c_w.l(_scanf.o)
    0x08004450   0x00000008   Code   RO         1245    .text               c_w.l(ferror.o)
    0x08004458   0x0000004a   Code   RO         1249    .text               c_w.l(sys_stackheap_outer.o)
    0x080044a2   0x00000002   PAD
    0x080044a4   0x00000010   Code   RO         1251    .text               c_w.l(rt_ctype_table.o)
    0x080044b4   0x00000012   Code   RO         1255    .text               c_w.l(exit.o)
    0x080044c6   0x00000002   PAD
    0x080044c8   0x00000008   Code   RO         1263    .text               c_w.l(libspace.o)
    0x080044d0   0x00000008   Code   RO         1271    .text               c_w.l(rt_locale_intlibspace.o)
    0x080044d8   0x00000080   Code   RO         1328    .text               c_w.l(strcmpv7m.o)
    0x08004558   0x0000002c   Code   RO         1274    locale$$code        c_w.l(lc_ctype_c.o)
    0x08004584   0x0000000a   Code   RO         1332    x$fpl$fpinit        fz_wm.l(fpinit.o)
    0x0800458e   0x00000200   Data   RO          499    .constdata          crc.o
    0x0800478e   0x00000002   PAD
    0x08004790   0x0000001c   Data   RO          805    .constdata          stm32f4xx_fmc.o
    0x080047ac   0x00000028   Data   RO         1151    .constdata          c_w.l(_printf_hex_int.o)
    0x080047d4   0x00000010   Data   RO         1396    Region$$Table       anon$$obj.o
    0x080047e4   0x00000110   Data   RO         1273    locale$$data        c_w.l(lc_ctype_c.o)


    Execution Region app_ROM (Base: 0x08010000, Size: 0x00000170, Max: 0x00010000, ABSOLUTE, FIXED)

    Base Addr    Size         Type   Attr      Idx    E Section Name        Object

    0x08010000   0x00000170   Code   RO          330    .text               bsp_debug_usart.o


    Execution Region RW_IRAM1 (Base: 0x20000000, Size: 0x00002fd8, Max: 0x00030000, ABSOLUTE, UNINIT)

    Base Addr    Size         Type   Attr      Idx    E Section Name        Object

    0x20000000   0x00000014   Data   RW            6    .data               main.o
    0x20000014   0x00000004   Data   RW          277    .data               bsp_systick.o
    0x20000018   0x00000004   Data   RW          331    .data               bsp_debug_usart.o
    0x2000001c   0x00000002   Data   RW          363    .data               bsp_updata_usart.o
    0x2000001e   0x00000002   PAD
    0x20000020   0x00000004   Data   RW          469    .data               updata.o
    0x20000024   0x00000014   Data   RW          532    .data               system_stm32f4xx.o
    0x20000038   0x00000010   Data   RW          970    .data               stm32f4xx_rcc.o
    0x20000048   0x00000608   Zero   RW            5    .bss                main.o
    0x20000650   0x00000522   Zero   RW          362    .bss                bsp_updata_usart.o
    0x20000b72   0x00000002   PAD
    0x20000b74   0x00000060   Zero   RW         1264    .bss                c_w.l(libspace.o)
    0x20000bd4   0x00000004   PAD
    0x20000bd8   0x00002000   Zero   RW          522    HEAP                startup_stm32f429_439xx.o
    0x20002bd8   0x00000400   Zero   RW          521    STACK               startup_stm32f429_439xx.o


==============================================================================

Image component sizes


      Code (inc. data)   RO Data    RW Data    ZI Data      Debug   Object Name

       368         10          0          4          0       3871   bsp_debug_usart.o
       736         88          0          0          0       2785   bsp_internal_flash.o
        64          4          0          0          0        549   bsp_led.o
      1736        214          0          0          0       3339   bsp_sdram.o
       152         16          0          4          0      28254   bsp_systick.o
       336         18          0          2       1314       2402   bsp_updata_usart.o
        44          4        512          0          0       1107   crc.o
       428         96          0         20       1544     302695   main.o
       224         20          0          0          0       1993   misc.o
      1004        204          0          0          0       3619   mmodem.o
       472         64          0          0          0       2990   omodem.o
        64         26        428          0       9216        952   startup_stm32f429_439xx.o
      1688         24          0          0          0       9590   stm32f4xx_flash.o
      2464         40         28          0          0       8198   stm32f4xx_fmc.o
       660         44          0          0          0       4333   stm32f4xx_gpio.o
        24          0          0          0          0       1154   stm32f4xx_it.o
      1632         54          0         16          0      13320   stm32f4xx_rcc.o
      1108         34          0          0          0       8060   stm32f4xx_usart.o
       580         46          0         20          0       2171   system_stm32f4xx.o
       920         36          0          4          0       8600   updata.o

    ----------------------------------------------------------------------
     14704       1042        986         72      12076     409982   Object Totals
         0          0         16          0          0          0   (incl. Generated)
         0          0          2          2          2          0   (incl. Padding)

    ----------------------------------------------------------------------

      Code (inc. data)   RO Data    RW Data    ZI Data      Debug   Library Member Name

        60          8          0          0          0         84   __0sscanf.o
         8          0          0          0          0         68   __main.o
       104          0          0          0          0         84   __printf.o
         0          0          0          0          0          0   __rtentry.o
        12          0          0          0          0          0   __rtentry2.o
         6          0          0          0          0          0   __rtentry4.o
        52          8          0          0          0          0   __scatter.o
        26          0          0          0          0          0   __scatter_copy.o
        28          0          0          0          0         68   _chval.o
        44          0          0          0          0        108   _printf_char.o
        48          6          0          0          0         96   _printf_char_common.o
        36          4          0          0          0         80   _printf_char_file.o
         6          0          0          0          0          0   _printf_d.o
       120         16          0          0          0         92   _printf_dec.o
        88          4         40          0          0         88   _printf_hex_int.o
       178          0          0          0          0         88   _printf_intcommon.o
         0          0          0          0          0          0   _printf_percent.o
         4          0          0          0          0          0   _printf_percent_end.o
         6          0          0          0          0          0   _printf_s.o
        82          0          0          0          0         80   _printf_str.o
         6          0          0          0          0          0   _printf_x.o
       884          6          0          0          0        100   _scanf.o
       332          0          0          0          0         96   _scanf_int.o
        64          0          0          0          0         84   _sgetc.o
        18          0          0          0          0         80   exit.o
         8          0          0          0          0         68   ferror.o
         6          0          0          0          0        152   heapauxi.o
        18          0          0          0          0         76   isspace.o
        44         10        272          0          0         76   lc_ctype_c.o
         2          0          0          0          0          0   libinit.o
        24          0          0          0          0          0   libinit2.o
         2          0          0          0          0          0   libshutdown.o
         2          0          0          0          0          0   libshutdown2.o
         8          4          0          0         96         68   libspace.o
        24          4          0          0          0         84   noretval__2printf.o
        16          4          0          0          0         76   rt_ctype_table.o
         8          4          0          0          0         68   rt_locale_intlibspace.o
        68          0          0          0          0         68   rt_memclr.o
        78          0          0          0          0         80   rt_memclr_w.o
       138          0          0          0          0         68   rt_memcpy_v6.o
       100          0          0          0          0         80   rt_memcpy_w.o
         2          0          0          0          0          0   rtexit.o
        10          0          0          0          0          0   rtexit2.o
        44          8          0          0          0         84   scanf_char.o
       128          0          0          0          0         68   strcmpv7m.o
        74          0          0          0          0         80   sys_stackheap_outer.o
         2          0          0          0          0         68   use_no_semi.o
         2          0          0          0          0         68   use_no_semi_2.o
        10          0          0          0          0        116   fpinit.o

    ----------------------------------------------------------------------
      3042         86        312          0        100       2744   Library Totals
        12          0          0          0          4          0   (incl. Padding)

    ----------------------------------------------------------------------

      Code (inc. data)   RO Data    RW Data    ZI Data      Debug   Library Name

      3020         86        312          0         96       2628   c_w.l
        10          0          0          0          0        116   fz_wm.l

    ----------------------------------------------------------------------
      3042         86        312          0        100       2744   Library Totals

    ----------------------------------------------------------------------

==============================================================================


      Code (inc. data)   RO Data    RW Data    ZI Data      Debug   

     17746       1128       1298         72      12176     407102   Grand Totals
     17746       1128       1298         72      12176     407102   ELF Image Totals
     17746       1128       1298         72          0          0   ROM Totals

==============================================================================

    Total RO  Size (Code + RO Data)                19044 (  18.60kB)
    Total RW  Size (RW Data + ZI Data)             12248 (  11.96kB)
    Total ROM Size (Code + RO Data + RW Data)      19116 (  18.67kB)

==============================================================================

