Component: ARM Compiler 5.06 update 2 (build 183) Tool: armlink [4d35b7]

==============================================================================

Section Cross References

    main.o(.text) refers to _printf_percent.o(.ARM.Collect$$_printf_percent$$00000000) for _printf_percent
    main.o(.text) refers to _printf_d.o(.ARM.Collect$$_printf_percent$$00000009) for _printf_d
    main.o(.text) refers to _printf_dec.o(.text) for _printf_int_dec
    main.o(.text) refers to mmodem.o(.text) for vMmodem_Init
    main.o(.text) refers to updata.o(.text) for vUpdata_Init
    main.o(.text) refers to bsp_debug_usart.o(.text) for vDebug_USART_Config
    main.o(.text) refers to bsp_led.o(.text) for vLedGpioConfig
    main.o(.text) refers to bsp_sdram.o(.text) for SDRAM_Init
    main.o(.text) refers to bsp_internal_flash.o(.text) for vInternal_Flash_Init
    main.o(.text) refers to bsp_updata_usart.o(.text) for vUpdata_USART_Config
    main.o(.text) refers to bsp_systick.o(.text) for SysTick_Init
    main.o(.text) refers to noretval__2printf.o(.text) for __2printf
    main.o(.text) refers to omodem.o(.text) for cOmodem_Handle
    main.o(.text) refers to rt_memcpy_v6.o(.text) for __aeabi_memcpy
    main.o(.text) refers to main.o(.data) for i
    main.o(.text) refers to main.o(.bss) for omodem_updata_str
    test.o(.text) refers to bsp_internal_flash.o(.text) for cInterNal_Flash_Write
    test.o(.text) refers to updata.o(.text) for vUpdata_Jump_To_Run
    bsp_led.o(.text) refers to stm32f4xx_rcc.o(.text) for RCC_AHB1PeriphClockCmd
    bsp_led.o(.text) refers to stm32f4xx_gpio.o(.text) for GPIO_Init
    bsp_systick.o(.text) refers to system_stm32f4xx.o(.data) for SystemCoreClock
    bsp_systick.o(.text) refers to bsp_systick.o(.data) for TimingDelay
    bsp_sdram.o(.text) refers to stm32f4xx_rcc.o(.text) for RCC_AHB1PeriphClockCmd
    bsp_sdram.o(.text) refers to stm32f4xx_gpio.o(.text) for GPIO_Init
    bsp_sdram.o(.text) refers to stm32f4xx_fmc.o(.text) for FMC_GetFlagStatus
    bsp_sdram.o(.text) refers to noretval__2printf.o(.text) for __2printf
    bsp_debug_usart.o(.rev16_text) refers (Special) to use_no_semi_2.o(.text) for __use_no_semihosting
    bsp_debug_usart.o(.revsh_text) refers (Special) to use_no_semi_2.o(.text) for __use_no_semihosting
    bsp_debug_usart.o(.rrx_text) refers (Special) to use_no_semi_2.o(.text) for __use_no_semihosting
    bsp_debug_usart.o(.text) refers (Special) to use_no_semi_2.o(.text) for __use_no_semihosting
    bsp_debug_usart.o(.text) refers to misc.o(.text) for NVIC_Init
    bsp_debug_usart.o(.text) refers to stm32f4xx_rcc.o(.text) for RCC_AHB1PeriphClockCmd
    bsp_debug_usart.o(.text) refers to stm32f4xx_gpio.o(.text) for GPIO_Init
    bsp_debug_usart.o(.text) refers to stm32f4xx_usart.o(.text) for USART_Init
    bsp_debug_usart.o(.data) refers (Special) to use_no_semi_2.o(.text) for __use_no_semihosting
    bsp_updata_usart.o(.text) refers to stm32f4xx_rcc.o(.text) for RCC_AHB1PeriphClockCmd
    bsp_updata_usart.o(.text) refers to stm32f4xx_gpio.o(.text) for GPIO_Init
    bsp_updata_usart.o(.text) refers to stm32f4xx_usart.o(.text) for USART_Init
    bsp_updata_usart.o(.text) refers to misc.o(.text) for NVIC_Init
    bsp_updata_usart.o(.text) refers to rt_memcpy_v6.o(.text) for __aeabi_memcpy
    bsp_updata_usart.o(.text) refers to rt_memclr.o(.text) for __aeabi_memclr
    bsp_updata_usart.o(.text) refers to bsp_updata_usart.o(.data) for prv_updata_usart_receive_data_num
    bsp_updata_usart.o(.text) refers to bsp_updata_usart.o(.bss) for prv_updata_usart_receive_data
    bsp_internal_flash.o(.text) refers to stm32f4xx_flash.o(.text) for FLASH_Unlock
    bsp_internal_flash.o(.text) refers to rt_memcpy_v6.o(.text) for __aeabi_memcpy
    omodem.o(.text) refers to _printf_percent.o(.ARM.Collect$$_printf_percent$$00000000) for _printf_percent
    omodem.o(.text) refers to _printf_d.o(.ARM.Collect$$_printf_percent$$00000009) for _printf_d
    omodem.o(.text) refers to _printf_x.o(.ARM.Collect$$_printf_percent$$0000000C) for _printf_x
    omodem.o(.text) refers to _printf_dec.o(.text) for _printf_int_dec
    omodem.o(.text) refers to _printf_hex_int.o(.text) for _printf_longlong_hex
    omodem.o(.text) refers to bsp_updata_usart.o(.text) for uiUpdata_Usart_Get_Num
    omodem.o(.text) refers to noretval__2printf.o(.text) for __2printf
    omodem.o(.text) refers to rt_memcpy_v6.o(.text) for __aeabi_memcpy
    omodem.o(.text) refers to rt_memclr_w.o(.text) for __aeabi_memclr4
    mmodem.o(.text) refers to _scanf_int.o(.text) for _scanf_int
    mmodem.o(.text) refers to _printf_percent.o(.ARM.Collect$$_printf_percent$$00000000) for _printf_percent
    mmodem.o(.text) refers to _printf_s.o(.ARM.Collect$$_printf_percent$$00000014) for _printf_s
    mmodem.o(.text) refers to _printf_str.o(.text) for _printf_str
    mmodem.o(.text) refers to _printf_d.o(.ARM.Collect$$_printf_percent$$00000009) for _printf_d
    mmodem.o(.text) refers to _printf_dec.o(.text) for _printf_int_dec
[...]
    ..\Libraries\STM32F4xx_StdPeriph_Driver\src\stm32f4xx_cryp_des.c 0x00000000   Number         0  stm32f4xx_cryp_des.o ABSOLUTE
    ..\Libraries\STM32F4xx_StdPeriph_Driver\src\stm32f4xx_cryp_tdes.c 0x00000000   Number         0  stm32f4xx_cryp_tdes.o ABSOLUTE
    ..\Libraries\STM32F4xx_StdPeriph_Driver\src\stm32f4xx_dbgmcu.c 0x00000000   Number         0  stm32f4xx_dbgmcu.o ABSOLUTE
    ..\Libraries\STM32F4xx_StdPeriph_Driver\src\stm32f4xx_flash.c 0x00000000   Number         0  stm32f4xx_flash.o ABSOLUTE
    ..\Libraries\STM32F4xx_StdPeriph_Driver\src\stm32f4xx_flash_ramfunc.c 0x00000000   Number         0  stm32f4xx_flash_ramfunc.o ABSOLUTE
    ..\Libraries\STM32F4xx_StdPeriph_Driver\src\stm32f4xx_fmc.c 0x00000000   Number         0  stm32f4xx_fmc.o ABSOLUTE
    ..\Libraries\STM32F4xx_StdPeriph_Driver\src\stm32f4xx_fmpi2c.c 0x00000000   Number         0  stm32f4xx_fmpi2c.o ABSOLUTE
    ..\Libraries\STM32F4xx_StdPeriph_Driver\src\stm32f4xx_gpio.c 0x00000000   Number         0  stm32f4xx_gpio.o ABSOLUTE
    ..\Libraries\STM32F4xx_StdPeriph_Driver\src\stm32f4xx_i2c.c 0x00000000   Number         0  stm32f4xx_i2c.o ABSOLUTE
    ..\Libraries\STM32F4xx_StdPeriph_Driver\src\stm32f4xx_iwdg.c 0x00000000   Number         0  stm32f4xx_iwdg.o ABSOLUTE
    ..\Libraries\STM32F4xx_StdPeriph_Driver\src\stm32f4xx_pwr.c 0x00000000   Number         0  stm32f4xx_pwr.o ABSOLUTE
    ..\Libraries\STM32F4xx_StdPeriph_Driver\src\stm32f4xx_qspi.c 0x00000000   Number         0  stm32f4xx_qspi.o ABSOLUTE
    ..\Libraries\STM32F4xx_StdPeriph_Driver\src\stm32f4xx_rcc.c 0x00000000   Number         0  stm32f4xx_rcc.o ABSOLUTE
    ..\Libraries\STM32F4xx_StdPeriph_Driver\src\stm32f4xx_spdifrx.c 0x00000000   Number         0  stm32f4xx_spdifrx.o ABSOLUTE
    ..\Libraries\STM32F4xx_StdPeriph_Driver\src\stm32f4xx_spi.c 0x00000000   Number         0  stm32f4xx_spi.o ABSOLUTE
    ..\Libraries\STM32F4xx_StdPeriph_Driver\src\stm32f4xx_syscfg.c 0x00000000   Number         0  stm32f4xx_syscfg.o ABSOLUTE
    ..\Libraries\STM32F4xx_StdPeriph_Driver\src\stm32f4xx_tim.c 0x00000000   Number         0  stm32f4xx_tim.o ABSOLUTE
    ..\Libraries\STM32F4xx_StdPeriph_Driver\src\stm32f4xx_usart.c 0x00000000   Number         0  stm32f4xx_usart.o ABSOLUTE
    ..\Libraries\STM32F4xx_StdPeriph_Driver\src\stm32f4xx_wwdg.c 0x00000000   Number         0  stm32f4xx_wwdg.o ABSOLUTE
    ..\Moudle\Crc\crc.c                      0x00000000   Number         0  crc.o ABSOLUTE
    ..\Moudle\Mmodem\mmodem.c                0x00000000   Number         0  mmodem.o ABSOLUTE
    ..\Moudle\Omodem\omodem.c                0x00000000   Number         0  omodem.o ABSOLUTE
    ..\Moudle\Updata\updata.c                0x00000000   Number         0  updata.o ABSOLUTE
    ..\User\main.c                           0x00000000   Number         0  main.o ABSOLUTE
    ..\User\stm32f4xx_it.c                   0x00000000   Number         0  stm32f4xx_it.o ABSOLUTE
    ..\User\test.c                           0x00000000   Number         0  test.o ABSOLUTE
    ..\\Bsp\\internal_flash\\bsp_internal_flash.c 0x00000000   Number         0  bsp_internal_flash.o ABSOLUTE
    ..\\Bsp\\led\\bsp_led.c                  0x00000000   Number         0  bsp_led.o ABSOLUTE
    ..\\Bsp\\sdram\\bsp_sdram.c              0x00000000   Number         0  bsp_sdram.o ABSOLUTE
    ..\\Bsp\\systick\\bsp_SysTick.c          0x00000000   Number         0  bsp_systick.o ABSOLUTE
    ..\\Bsp\\uart\\bsp_debug_usart.c         0x00000000   Number         0  bsp_debug_usart.o ABSOLUTE
    ..\\Bsp\\uart\\bsp_updata_usart.c        0x00000000   Number         0  bsp_updata_usart.o ABSOLUTE
    ..\\Libraries\\CMSIS\\Device\\ST\\STM32F4xx\\Source\\Templates\\system_stm32f4xx.c 0x00000000   Number         0  system_stm32f4xx.o ABSOLUTE
    ..\\Libraries\\STM32F4xx_StdPeriph_Driver\\src\\misc.c 0x00000000   Number         0  misc.o ABSOLUTE
    ..\\Libraries\\STM32F4xx_StdPeriph_Driver\\src\\stm32f4xx_can.c 0x00000000   Number         0  stm32f4xx_can.o ABSOLUTE
    ..\\Libraries\\STM32F4xx_StdPeriph_Driver\\src\\stm32f4xx_crc.c 0x00000000   Number         0  stm32f4xx_crc.o ABSOLUTE
    ..\\Libraries\\STM32F4xx_StdPeriph_Driver\\src\\stm32f4xx_cryp.c 0x00000000   Number         0  stm32f4xx_cryp.o ABSOLUTE
    ..\\Libraries\\STM32F4xx_StdPeriph_Driver\\src\\stm32f4xx_cryp_aes.c 0x00000000   Number         0  stm32f4xx_cryp_aes.o ABSOLUTE
    ..\\Libraries\\STM32F4xx_StdPeriph_Driver\\src\\stm32f4xx_cryp_des.c 0x00000000   Number         0  stm32f4xx_cryp_des.o ABSOLUTE
    ..\\Libraries\\STM32F4xx_StdPeriph_Driver\\src\\stm32f4xx_cryp_tdes.c 0x00000000   Number         0  stm32f4xx_cryp_tdes.o ABSOLUTE
    ..\\Libraries\\STM32F4xx_StdPeriph_Driver\\src\\stm32f4xx_dbgmcu.c 0x00000000   Number         0  stm32f4xx_dbgmcu.o ABSOLUTE
    ..\\Libraries\\STM32F4xx_StdPeriph_Driver\\src\\stm32f4xx_flash.c 0x00000000   Number         0  stm32f4xx_flash.o ABSOLUTE
    ..\\Libraries\\STM32F4xx_StdPeriph_Driver\\src\\stm32f4xx_flash_ramfunc.c 0x00000000   Number         0  stm32f4xx_flash_ramfunc.o ABSOLUTE
    ..\\Libraries\\STM32F4xx_StdPeriph_Driver\\src\\stm32f4xx_fmc.c 0x00000000   Number         0  stm32f4xx_fmc.o ABSOLUTE
    ..\\Libraries\\STM32F4xx_StdPeriph_Driver\\src\\stm32f4xx_fmpi2c.c 0x00000000   Number         0  stm32f4xx_fmpi2c.o ABSOLUTE
    ..\\Libraries\\STM32F4xx_StdPeriph_Driver\\src\\stm32f4xx_gpio.c 0x00000000   Number         0  stm32f4xx_gpio.o ABSOLUTE
    ..\\Libraries\\STM32F4xx_StdPeriph_Driver\\src\\stm32f4xx_i2c.c 0x00000000   Number         0  stm32f4xx_i2c.o ABSOLUTE
    ..\\Libraries\\STM32F4xx_StdPeriph_Driver\\src\\stm32f4xx_iwdg.c 0x00000000   Number         0  stm32f4xx_iwdg.o ABSOLUTE
    ..\\Libraries\\STM32F4xx_StdPeriph_Driver\\src\\stm32f4xx_pwr.c 0x00000000   Number         0  stm32f4xx_pwr.o ABSOLUTE
    ..\\Libraries\\STM32F4xx_StdPeriph_Driver\\src\\stm32f4xx_qspi.c 0x00000000   Number         0  stm32f4xx_qspi.o ABSOLUTE
    ..\\Libraries\\STM32F4xx_StdPeriph_Driver\\src\\stm32f4xx_rcc.c 0x00000000   Number         0  stm32f4xx_rcc.o ABSOLUTE
    ..\\Libraries\\STM32F4xx_StdPeriph_Driver\\src\\stm32f4xx_spdifrx.c 0x00000000   Number         0  stm32f4xx_spdifrx.o ABSOLUTE
    ..\\Libraries\\STM32F4xx_StdPeriph_Driver\\src\\stm32f4xx_spi.c 0x00000000   Number         0  stm32f4xx_spi.o ABSOLUTE
    ..\\Libraries\\STM32F4xx_StdPeriph_Driver\\src\\stm32f4xx_syscfg.c 0x00000000   Number         0  stm32f4xx_syscfg.o ABSOLUTE
    ..\\Libraries\\STM32F4xx_StdPeriph_Driver\\src\\stm32f4xx_tim.c 0x00000000   Number         0  stm32f4xx_tim.o ABSOLUTE
    ..\\Libraries\\STM32F4xx_StdPeriph_Driver\\src\\stm32f4xx_usart.c 0x00000000   Number         0  stm32f4xx_usart.o ABSOLUTE
    ..\\Libraries\\STM32F4xx_StdPeriph_Driver\\src\\stm32f4xx_wwdg.c 0x00000000   Number         0  stm32f4xx_wwdg.o ABSOLUTE
    ..\\Moudle\\Crc\\crc.c                   0x00000000   Number         0  crc.o ABSOLUTE
    ..\\Moudle\\Mmodem\\mmodem.c             0x00000000   Number         0  mmodem.o ABSOLUTE
    ..\\Moudle\\Omodem\\omodem.c             0x00000000   Number         0  omodem.o ABSOLUTE
    ..\\Moudle\\Updata\\updata.c             0x00000000   Number         0  updata.o ABSOLUTE
    ..\\User\\main.c                         0x00000000   Number         0  main.o ABSOLUTE
    ..\\User\\stm32f4xx_it.c                 0x00000000   Number         0  stm32f4xx_it.o ABSOLUTE
    ..\\User\\test.c                         0x00000000   Number         0  test.o ABSOLUTE
    dc.s                                     0x00000000   Number         0  dc.o ABSOLUTE
    RESET                                    0x08000000   Section      428  startup_stm32f429_439xx.o(RESET)
    !!!main                                  0x080001ac   Section        8  __main.o(!!!main)
    !!!scatter                               0x080001b4   Section       52  __scatter.o(!!!scatter)
    !!handler_copy                           0x080001e8   Section       26  __scatter_copy.o(!!handler_copy)
    .ARM.Collect$$_printf_percent$$00000000  0x08000202   Section        0  _printf_percent.o(.ARM.Collect$$_printf_percent$$00000000)
    .ARM.Collect$$_printf_percent$$00000009  0x08000202   Section        6  _printf_d.o(.ARM.Collect$$_printf_percent$$00000009)
    .ARM.Collect$$_printf_percent$$0000000C  0x08000208   Section        6  _printf_x.o(.ARM.Collect$$_printf_percent$$0000000C)
    .ARM.Collect$$_printf_percent$$00000014  0x0800020e   Section        6  _printf_s.o(.ARM.Collect$$_printf_percent$$00000014)
    .ARM.Collect$$_printf_percent$$00000017  0x08000214   Section        4  _printf_percent_end.o(.ARM.Collect$$_printf_percent$$00000017)
    .ARM.Collect$$libinit$$00000000          0x08000218   Section        2  libinit.o(.ARM.Collect$$libinit$$00000000)
    .ARM.Collect$$libinit$$00000001          0x0800021a   Section        4  libinit2.o(.ARM.Collect$$libinit$$00000001)
    .ARM.Collect$$libinit$$00000004          0x0800021e   Section        0  libinit2.o(.ARM.Collect$$libinit$$00000004)
    .ARM.Collect$$libinit$$0000000A          0x0800021e   Section        0  libinit2.o(.ARM.Collect$$libinit$$0000000A)
    .ARM.Collect$$libinit$$0000000C          0x0800021e   Section        0  libinit2.o(.ARM.Collect$$libinit$$0000000C)
    .ARM.Collect$$libinit$$0000000E          0x0800021e   Section        0  libinit2.o(.ARM.Collect$$libinit$$0000000E)
    .ARM.Collect$$libinit$$0000000F          0x0800021e   Section        6  libinit2.o(.ARM.Collect$$libinit$$0000000F)
    .ARM.Collect$$libinit$$00000011          0x08000224   Section        0  libinit2.o(.ARM.Collect$$libinit$$00000011)
    .ARM.Collect$$libinit$$00000012          0x08000224   Section       12  libinit2.o(.ARM.Collect$$libinit$$00000012)
    .ARM.Collect$$libinit$$00000013          0x08000230   Section        0  libinit2.o(.ARM.Collect$$libinit$$00000013)
    .ARM.Collect$$libinit$$00000015          0x08000230   Section        0  libinit2.o(.ARM.Collect$$libinit$$00000015)
    .ARM.Collect$$libinit$$00000017          0x08000230   Section        0  libinit2.o(.ARM.Collect$$libinit$$00000017)
    .ARM.Collect$$libinit$$00000019          0x08000230   Section        0  libinit2.o(.ARM.Collect$$libinit$$00000019)
    .ARM.Collect$$libinit$$0000001B          0x08000230   Section        0  libinit2.o(.ARM.Collect$$libinit$$0000001B)
    .ARM.Collect$$libinit$$0000001D          0x08000230   Section        0  libinit2.o(.ARM.Collect$$libinit$$0000001D)
    .ARM.Collect$$libinit$$0000001F          0x08000230   Section        0  libinit2.o(.ARM.Collect$$libinit$$0000001F)
    .ARM.Collect$$libinit$$00000021          0x08000230   Section        0  libinit2.o(.ARM.Collect$$libinit$$00000021)
    .ARM.Collect$$libinit$$00000023          0x08000230   Section        0  libinit2.o(.ARM.Collect$$libinit$$00000023)
    .ARM.Collect$$libinit$$00000025          0x08000230   Section        0  libinit2.o(.ARM.Collect$$libinit$$00000025)
    .ARM.Collect$$libinit$$0000002C          0x08000230   Section        0  libinit2.o(.ARM.Collect$$libinit$$0000002C)
    .ARM.Collect$$libinit$$0000002E          0x08000230   Section        0  libinit2.o(.ARM.Collect$$libinit$$0000002E)
    .ARM.Collect$$libinit$$00000030          0x08000230   Section        0  libinit2.o(.ARM.Collect$$libinit$$00000030)
    .ARM.Collect$$libinit$$00000032          0x08000230   Section        0  libinit2.o(.ARM.Collect$$libinit$$00000032)
    .ARM.Collect$$libinit$$00000033          0x08000230   Section        2  libinit2.o(.ARM.Collect$$libinit$$00000033)
    .ARM.Collect$$libshutdown$$00000000      0x08000232   Section        2  libshutdown.o(.ARM.Collect$$libshutdown$$00000000)
    .ARM.Collect$$libshutdown$$00000002      0x08000234   Section        0  libshutdown2.o(.ARM.Collect$$libshutdown$$00000002)
    .ARM.Collect$$libshutdown$$00000004      0x08000234   Section        0  libshutdown2.o(.ARM.Collect$$libshutdown$$00000004)
    .ARM.Collect$$libshutdown$$00000007      0x08000234   Section        0  libshutdown2.o(.ARM.Collect$$libshutdown$$00000007)
    .ARM.Collect$$libshutdown$$0000000A      0x08000234   Section        0  libshutdown2.o(.ARM.Collect$$libshutdown$$0000000A)
    .ARM.Collect$$libshutdown$$0000000C      0x08000234   Section        0  libshutdown2.o(.ARM.Collect$$libshutdown$$0000000C)
    .ARM.Collect$$libshutdown$$0000000F      0x08000234   Section        0  libshutdown2.o(.ARM.Collect$$libshutdown$$0000000F)
    .ARM.Collect$$libshutdown$$00000010      0x08000234   Section        2  libshutdown2.o(.ARM.Collect$$libshutdown$$00000010)
    .ARM.Collect$$rtentry$$00000000          0x08000236   Section        0  __rtentry.o(.ARM.Collect$$rtentry$$00000000)
    .ARM.Collect$$rtentry$$00000002          0x08000236   Section        0  __rtentry2.o(.ARM.Collect$$rtentry$$00000002)
    .ARM.Collect$$rtentry$$00000004          0x08000236   Section        6  __rtentry4.o(.ARM.Collect$$rtentry$$00000004)
    .ARM.Collect$$rtentry$$00000009          0x0800023c   Section        0  __rtentry2.o(.ARM.Collect$$rtentry$$00000009)
    .ARM.Collect$$rtentry$$0000000A          0x0800023c   Section        4  __rtentry2.o(.ARM.Collect$$rtentry$$0000000A)
    .ARM.Collect$$rtentry$$0000000C          0x08000240   Section        0  __rtentry2.o(.ARM.Collect$$rtentry$$0000000C)
    .ARM.Collect$$rtentry$$0000000D          0x08000240   Section        8  __rtentry2.o(.ARM.Collect$$rtentry$$0000000D)
    .ARM.Collect$$rtexit$$00000000           0x08000248   Section        2  rtexit.o(.ARM.Collect$$rtexit$$00000000)
    .ARM.Collect$$rtexit$$00000002           0x0800024a   Section        0  rtexit2.o(.ARM.Collect$$rtexit$$00000002)
    .ARM.Collect$$rtexit$$00000003           0x0800024a   Section        4  rtexit2.o(.ARM.Collect$$rtexit$$00000003)
    .ARM.Collect$$rtexit$$00000004           0x0800024e   Section        6  rtexit2.o(.ARM.Collect$$rtexit$$00000004)
    .text                                    0x08000254   Section        0  main.o(.text)
    .text                                    0x080003cc   Section        0  stm32f4xx_it.o(.text)
    .text                                    0x080003e4   Section        0  bsp_led.o(.text)
    .text                                    0x08000424   Section        0  bsp_systick.o(.text)
    .text                                    0x080004bc   Section        0  bsp_sdram.o(.text)
    SDRAM_delay                              0x080004bd   Thumb Code    32  bsp_sdram.o(.text)
    SDRAM_GPIO_Config                        0x080004dd   Thumb Code   908  bsp_sdram.o(.text)
    SDRAM_InitSequence                       0x08000869   Thumb Code   206  bsp_sdram.o(.text)
    .text                                    0x08000b84   Section        0  bsp_updata_usart.o(.text)
    .text                                    0x08000cd4   Section        0  bsp_internal_flash.o(.text)
    .text                                    0x08000fb4   Section        0  omodem.o(.text)
    .text                                    0x0800118c   Section        0  mmodem.o(.text)
    .text                                    0x08001490   Section        0  updata.o(.text)
    .text                                    0x08001884   Section        0  crc.o(.text)
    .text                                    0x080018b0   Section       64  startup_stm32f429_439xx.o(.text)
    $v0                                      0x080018b0   Number         0  startup_stm32f429_439xx.o(.text)
    .text                                    0x080018f0   Section        0  system_stm32f4xx.o(.text)
    SetSysClock                              0x080018f1   Thumb Code   272  system_stm32f4xx.o(.text)
    .text                                    0x08001b34   Section        0  misc.o(.text)
    .text                                    0x08001c14   Section        0  stm32f4xx_flash.o(.text)
    .text                                    0x080022ac   Section        0  stm32f4xx_fmc.o(.text)
    .text                                    0x08002c4c   Section        0  stm32f4xx_gpio.o(.text)
    .text                                    0x08002ee0   Section        0  stm32f4xx_rcc.o(.text)
    .text                                    0x08003540   Section        0  stm32f4xx_usart.o(.text)
    .text                                    0x08003994   Section        2  use_no_semi_2.o(.text)
    .text                                    0x08003998   Section        0  noretval__2printf.o(.text)
    .text                                    0x080039b0   Section        0  __printf.o(.text)
    .text                                    0x08003a18   Section        0  _printf_str.o(.text)
    .text                                    0x08003a6c   Section        0  _printf_dec.o(.text)
    .text                                    0x08003ae4   Section        0  _printf_hex_int.o(.text)
    .text                                    0x08003b3c   Section        0  __0sscanf.o(.text)
    .text                                    0x08003b78   Section        0  _scanf_int.o(.text)
    .text                                    0x08003cc4   Section      138  rt_memcpy_v6.o(.text)
    .text                                    0x08003d4e   Section       68  rt_memclr.o(.text)
    .text                                    0x08003d92   Section       78  rt_memclr_w.o(.text)
    .text                                    0x08003de0   Section        0  heapauxi.o(.text)
    .text                                    0x08003de6   Section        2  use_no_semi.o(.text)
    .text                                    0x08003de8   Section        0  _printf_intcommon.o(.text)
    .text                                    0x08003e9a   Section        0  _printf_char.o(.text)
    .text                                    0x08003ec8   Section        0  _printf_char_file.o(.text)
    .text                                    0x08003eec   Section        0  _chval.o(.text)
    .text                                    0x08003f08   Section        0  scanf_char.o(.text)
    _scanf_char_input                        0x08003f09   Thumb Code    12  scanf_char.o(.text)
    .text                                    0x08003f34   Section        0  _sgetc.o(.text)
    .text                                    0x08003f74   Section      100  rt_memcpy_w.o(.text)
    .text                                    0x08003fd8   Section        0  isspace.o(.text)
    .text                                    0x08003fec   Section        0  _printf_char_common.o(.text)
    _printf_input_char                       0x08003fed   Thumb Code    10  _printf_char_common.o(.text)
    .text                                    0x0800401c   Section        0  _scanf.o(.text)
    .text                                    0x08004390   Section        0  ferror.o(.text)
    .text                                    0x08004398   Section       74  sys_stackheap_outer.o(.text)
    .text                                    0x080043e4   Section       16  rt_ctype_table.o(.text)
    .text                                    0x080043f4   Section        0  exit.o(.text)
    .text                                    0x08004408   Section        8  libspace.o(.text)
    .text                                    0x08004410   Section        8  rt_locale_intlibspace.o(.text)
    .text                                    0x08004418   Section      128  strcmpv7m.o(.text)
    locale$$code                             0x08004498   Section       44  lc_ctype_c.o(locale$$code)
    x$fpl$fpinit                             0x080044c4   Section       10  fpinit.o(x$fpl$fpinit)
    $v0                                      0x080044c4   Number         0  fpinit.o(x$fpl$fpinit)
    .constdata                               0x080044ce   Section      512  crc.o(.constdata)
    crc16tab                                 0x080044ce   Data         512  crc.o(.constdata)
    .constdata                               0x080046d0   Section       28  stm32f4xx_fmc.o(.constdata)
    .constdata                               0x080046ec   Section       40  _printf_hex_int.o(.constdata)
    uc_hextab                                0x080046ec   Data          20  _printf_hex_int.o(.constdata)
    lc_hextab                                0x08004700   Data          20  _printf_hex_int.o(.constdata)
    locale$$data                             0x08004724   Section      272  lc_ctype_c.o(locale$$data)
    __lcctype_c_name                         0x08004728   Data           2  lc_ctype_c.o(locale$$data)
    __lcctype_c_start                        0x08004730   Data           0  lc_ctype_c.o(locale$$data)
    __lcctype_c_end                          0x08004834   Data           0  lc_ctype_c.o(locale$$data)
    .text                                    0x08010000   Section        0  bsp_debug_usart.o(.text)
    vNVIC_Configuration                      0x08010001   Thumb Code    32  bsp_debug_usart.o(.text)
    .data                                    0x20000000   Section       20  main.o(.data)
    .data                                    0x20000014   Section        4  bsp_systick.o(.data)
    TimingDelay                              0x20000014   Data           4  bsp_systick.o(.data)
    .data                                    0x20000018   Section        4  bsp_debug_usart.o(.data)
    .data                                    0x2000001c   Section        2  bsp_updata_usart.o(.data)
    .data                                    0x20000020   Section        4  updata.o(.data)
    .data                                    0x20000024   Section       20  system_stm32f4xx.o(.data)
    .data                                    0x20000038   Section       16  stm32f4xx_rcc.o(.data)
    APBAHBPrescTable                         0x20000038   Data          16  stm32f4xx_rcc.o(.data)
    .bss                                     0x20000048   Section     1564  main.o(.bss)
    .bss                                     0x20000664   Section     1314  bsp_updata_usart.o(.bss)
    .bss                                     0x20000b88   Section       96  libspace.o(.bss)
    HEAP                                     0x20000be8   Section     8192  startup_stm32f429_439xx.o(HEAP)
    Heap_Mem                                 0x20000be8   Data        8192  startup_stm32f429_439xx.o(HEAP)
    STACK                                    0x20002be8   Section     1024  startup_stm32f429_439xx.o(STACK)
    Stack_Mem                                0x20002be8   Data        1024  startup_stm32f429_439xx.o(STACK)
    __initial_sp                             0x20002fe8   Data           0  startup_stm32f429_439xx.o(STACK)

    Global Symbols

    Symbol Name                              Value     Ov Type        Size  Object(Section)

    BuildAttributes$$THM_ISAv4$E$P$D$K$B$S$7EM$VFPi3$EXTD16$VFPS$VFMA$PE$A:L22UL41UL21$X:L11$S22US41US21$IEEE1$IW$USESV6$~STKCKD$USESV7$~SHL$OSPACE$ROPI$EBA8$UX$STANDARDLIB$REQ8$PRES8$EABIv2 0x00000000   Number         0  anon$$obj.o ABSOLUTE
    __ARM_use_no_argv                        0x00000000   Number         0  main.o ABSOLUTE
    __ARM_exceptions_init                     - Undefined Weak Reference
    __alloca_initialize                       - Undefined Weak Reference
    __arm_preinit_                            - Undefined Weak Reference
    __cpp_initialize__aeabi_                  - Undefined Weak Reference
    __cxa_finalize                            - Undefined Weak Reference
    __sigvec_lookup                           - Undefined Weak Reference
    _atexit_init                              - Undefined Weak Reference
    _call_atexit_fns                          - Undefined Weak Reference
    _clock_init                               - Undefined Weak Reference
    _fp_trap_init                             - Undefined Weak Reference
    _fp_trap_shutdown                         - Undefined Weak Reference
    _get_lc_collate                           - Undefined Weak Reference
    _get_lc_monetary                          - Undefined Weak Reference
    _get_lc_numeric                           - Undefined Weak Reference
    _get_lc_time                              - Undefined Weak Reference
    _getenv_init                              - Undefined Weak Reference
    _handle_redirection                       - Undefined Weak Reference
    _init_alloc                               - Undefined Weak Reference
    _init_user_alloc                          - Undefined Weak Reference
    _initio                                   - Undefined Weak Reference
    _mutex_acquire                            - Undefined Weak Reference
    _mutex_release                            - Undefined Weak Reference
    _printf_mbtowc                            - Undefined Weak Reference
    _printf_post_padding                      - Undefined Weak Reference
    _printf_pre_padding                       - Undefined Weak Reference
    _printf_truncate_signed                   - Undefined Weak Reference
    _printf_truncate_unsigned                 - Undefined Weak Reference
    _rand_init                                - Undefined Weak Reference
    _scanf_longlong                           - Undefined Weak Reference
    _scanf_mbtowc                             - Undefined Weak Reference
    _scanf_real                               - Undefined Weak Reference
    _scanf_string                             - Undefined Weak Reference
    _scanf_wctomb                             - Undefined Weak Reference
    _scanf_wstring                            - Undefined Weak Reference
    _signal_finish                            - Undefined Weak Reference
    _signal_init                              - Undefined Weak Reference
    _terminate_alloc                          - Undefined Weak Reference
    _terminate_user_alloc                     - Undefined Weak Reference
    _terminateio                              - Undefined Weak Reference
    __Vectors_Size                           0x000001ac   Number         0  startup_stm32f429_439xx.o ABSOLUTE
    __Vectors                                0x08000000   Data           4  startup_stm32f429_439xx.o(RESET)
    __Vectors_End                            0x080001ac   Data           0  startup_stm32f429_439xx.o(RESET)
    __main                                   0x080001ad   Thumb Code     8  __main.o(!!!main)
    __scatterload                            0x080001b5   Thumb Code     0  __scatter.o(!!!scatter)
    __scatterload_rt2                        0x080001b5   Thumb Code    44  __scatter.o(!!!scatter)
    __scatterload_rt2_thumb_only             0x080001b5   Thumb Code     0  __scatter.o(!!!scatter)
    __scatterload_null                       0x080001c3   Thumb Code     0  __scatter.o(!!!scatter)
    __scatterload_copy                       0x080001e9   Thumb Code    26  __scatter_copy.o(!!handler_copy)
    _printf_d                                0x08000203   Thumb Code     0  _printf_d.o(.ARM.Collect$$_printf_percent$$00000009)
    _printf_percent                          0x08000203   Thumb Code     0  _printf_percent.o(.ARM.Collect$$_printf_percent$$00000000)
    _printf_x                                0x08000209   Thumb Code     0  _printf_x.o(.ARM.Collect$$_printf_percent$$0000000C)
    _printf_s                                0x0800020f   Thumb Code     0  _printf_s.o(.ARM.Collect$$_printf_percent$$00000014)
    _printf_percent_end                      0x08000215   Thumb Code     0  _printf_percent_end.o(.ARM.Collect$$_printf_percent$$00000017)
    __rt_lib_init                            0x08000219   Thumb Code     0  libinit.o(.ARM.Collect$$libinit$$00000000)
    __rt_lib_init_fp_1                       0x0800021b   Thumb Code     0  libinit2.o(.ARM.Collect$$libinit$$00000001)
    __rt_lib_init_heap_1                     0x0800021f   Thumb Code     0  libinit2.o(.ARM.Collect$$libinit$$0000000A)
    __rt_lib_init_lc_common                  0x0800021f   Thumb Code     0  libinit2.o(.ARM.Collect$$libinit$$0000000F)
    __rt_lib_init_preinit_1                  0x0800021f   Thumb Code     0  libinit2.o(.ARM.Collect$$libinit$$00000004)
    __rt_lib_init_rand_1                     0x0800021f   Thumb Code     0  libinit2.o(.ARM.Collect$$libinit$$0000000E)
    __rt_lib_init_user_alloc_1               0x0800021f   Thumb Code     0  libinit2.o(.ARM.Collect$$libinit$$0000000C)
    __rt_lib_init_lc_collate_1               0x08000225   Thumb Code     0  libinit2.o(.ARM.Collect$$libinit$$00000011)
    __rt_lib_init_lc_ctype_2                 0x08000225   Thumb Code     0  libinit2.o(.ARM.Collect$$libinit$$00000012)
    __rt_lib_init_alloca_1                   0x08000231   Thumb Code     0  libinit2.o(.ARM.Collect$$libinit$$0000002E)
    __rt_lib_init_argv_1                     0x08000231   Thumb Code     0  libinit2.o(.ARM.Collect$$libinit$$0000002C)
    __rt_lib_init_atexit_1                   0x08000231   Thumb Code     0  libinit2.o(.ARM.Collect$$libinit$$0000001B)
    __rt_lib_init_clock_1                    0x08000231   Thumb Code     0  libinit2.o(.ARM.Collect$$libinit$$00000021)
    __rt_lib_init_cpp_1                      0x08000231   Thumb Code     0  libinit2.o(.ARM.Collect$$libinit$$00000032)
    __rt_lib_init_exceptions_1               0x08000231   Thumb Code     0  libinit2.o(.ARM.Collect$$libinit$$00000030)
    __rt_lib_init_fp_trap_1                  0x08000231   Thumb Code     0  libinit2.o(.ARM.Collect$$libinit$$0000001F)
    __rt_lib_init_getenv_1                   0x08000231   Thumb Code     0  libinit2.o(.ARM.Collect$$libinit$$00000023)
    __rt_lib_init_lc_ctype_1                 0x08000231   Thumb Code     0  libinit2.o(.ARM.Collect$$libinit$$00000013)
    __rt_lib_init_lc_monetary_1              0x08000231   Thumb Code     0  libinit2.o(.ARM.Collect$$libinit$$00000015)
    __rt_lib_init_lc_numeric_1               0x08000231   Thumb Code     0  libinit2.o(.ARM.Collect$$libinit$$00000017)
    __rt_lib_init_lc_time_1                  0x08000231   Thumb Code     0  libinit2.o(.ARM.Collect$$libinit$$00000019)
    __rt_lib_init_return                     0x08000231   Thumb Code     0  libinit2.o(.ARM.Collect$$libinit$$00000033)
    __rt_lib_init_signal_1                   0x08000231   Thumb Code     0  libinit2.o(.ARM.Collect$$libinit$$0000001D)
    __rt_lib_init_stdio_1                    0x08000231   Thumb Code     0  libinit2.o(.ARM.Collect$$libinit$$00000025)
    __rt_lib_shutdown                        0x08000233   Thumb Code     0  libshutdown.o(.ARM.Collect$$libshutdown$$00000000)
    __rt_lib_shutdown_cpp_1                  0x08000235   Thumb Code     0  libshutdown2.o(.ARM.Collect$$libshutdown$$00000002)
    __rt_lib_shutdown_fp_trap_1              0x08000235   Thumb Code     0  libshutdown2.o(.ARM.Collect$$libshutdown$$00000007)
    __rt_lib_shutdown_heap_1                 0x08000235   Thumb Code     0  libshutdown2.o(.ARM.Collect$$libshutdown$$0000000F)
    __rt_lib_shutdown_return                 0x08000235   Thumb Code     0  libshutdown2.o(.ARM.Collect$$libshutdown$$00000010)
    __rt_lib_shutdown_signal_1               0x08000235   Thumb Code     0  libshutdown2.o(.ARM.Collect$$libshutdown$$0000000A)
    __rt_lib_shutdown_stdio_1                0x08000235   Thumb Code     0  libshutdown2.o(.ARM.Collect$$libshutdown$$00000004)
    __rt_lib_shutdown_user_alloc_1           0x08000235   Thumb Code     0  libshutdown2.o(.ARM.Collect$$libshutdown$$0000000C)
    __rt_entry                               0x08000237   Thumb Code     0  __rtentry.o(.ARM.Collect$$rtentry$$00000000)
    __rt_entry_presh_1                       0x08000237   Thumb Code     0  __rtentry2.o(.ARM.Collect$$rtentry$$00000002)
    __rt_entry_sh                            0x08000237   Thumb Code     0  __rtentry4.o(.ARM.Collect$$rtentry$$00000004)
    __rt_entry_li                            0x0800023d   Thumb Code     0  __rtentry2.o(.ARM.Collect$$rtentry$$0000000A)
    __rt_entry_postsh_1                      0x0800023d   Thumb Code     0  __rtentry2.o(.ARM.Collect$$rtentry$$00000009)
    __rt_entry_main                          0x08000241   Thumb Code     0  __rtentry2.o(.ARM.Collect$$rtentry$$0000000D)
    __rt_entry_postli_1                      0x08000241   Thumb Code     0  __rtentry2.o(.ARM.Collect$$rtentry$$0000000C)
    __rt_exit                                0x08000249   Thumb Code     0  rtexit.o(.ARM.Collect$$rtexit$$00000000)
    __rt_exit_ls                             0x0800024b   Thumb Code     0  rtexit2.o(.ARM.Collect$$rtexit$$00000003)
    __rt_exit_prels_1                        0x0800024b   Thumb Code     0  rtexit2.o(.ARM.Collect$$rtexit$$00000002)
    __rt_exit_exit                           0x0800024f   Thumb Code     0  rtexit2.o(.ARM.Collect$$rtexit$$00000004)
    vMoudle_Init                             0x08000255   Thumb Code    12  main.o(.text)
    vBSP_Init                                0x08000261   Thumb Code    34  main.o(.text)
    main                                     0x08000283   Thumb Code   266  main.o(.text)
    NMI_Handler                              0x080003cd   Thumb Code     2  stm32f4xx_it.o(.text)
    HardFault_Handler                        0x080003cf   Thumb Code     4  stm32f4xx_it.o(.text)
    MemManage_Handler                        0x080003d3   Thumb Code     4  stm32f4xx_it.o(.text)
    BusFault_Handler                         0x080003d7   Thumb Code     4  stm32f4xx_it.o(.text)
    UsageFault_Handler                       0x080003db   Thumb Code     4  stm32f4xx_it.o(.text)
    DebugMon_Handler                         0x080003df   Thumb Code     2  stm32f4xx_it.o(.text)
    SVC_Handler                              0x080003e1   Thumb Code     2  stm32f4xx_it.o(.text)
    PendSV_Handler                           0x080003e3   Thumb Code     2  stm32f4xx_it.o(.text)
    vLedGpioConfig                           0x080003e5   Thumb Code    60  bsp_led.o(.text)
    SysTick_Init                             0x08000425   Thumb Code    90  bsp_systick.o(.text)
    vDelay_ms                                0x0800047f   Thumb Code    20  bsp_systick.o(.text)
    TimingDelay_Decrement                    0x08000493   Thumb Code    18  bsp_systick.o(.text)
    SysTick_Handler                          0x080004a5   Thumb Code     8  bsp_systick.o(.text)
    SDRAM_Init                               0x08000937   Thumb Code   100  bsp_sdram.o(.text)
    SDRAM_WriteBuffer                        0x0800099b   Thumb Code    58  bsp_sdram.o(.text)
    SDRAM_ReadBuffer                         0x080009d5   Thumb Code    50  bsp_sdram.o(.text)
    SDRAM_Test                               0x08000a07   Thumb Code   196  bsp_sdram.o(.text)
    vUpdata_USART_Config                     0x08000b85   Thumb Code   184  bsp_updata_usart.o(.text)
    vUpdata_Usart_SendByte                   0x08000c3d   Thumb Code    28  bsp_updata_usart.o(.text)
    uiUpdata_Usart_Get_Buff                  0x08000c59   Thumb Code    22  bsp_updata_usart.o(.text)
    uiUpdata_Usart_Get_Num                   0x08000c6f   Thumb Code     6  bsp_updata_usart.o(.text)
    vUpdata_Usart_Clear_Buff                 0x08000c75   Thumb Code    20  bsp_updata_usart.o(.text)
    USART2_IRQHandler                        0x08000c89   Thumb Code    58  bsp_updata_usart.o(.text)
    vInternal_Flash_Init                     0x08000cd5   Thumb Code     2  bsp_internal_flash.o(.text)
    ulInternal_Flash_GetSector               0x08000cd7   Thumb Code   374  bsp_internal_flash.o(.text)
    cInterNal_Flash_Write                    0x08000e4d   Thumb Code   246  bsp_internal_flash.o(.text)
    vInternal_Flash_Read                     0x08000f43   Thumb Code    26  bsp_internal_flash.o(.text)
    vOmodem_Init                             0x08000fb5   Thumb Code     2  omodem.o(.text)
    prv_cOmodem_TimeOut                      0x08000fb7   Thumb Code    60  omodem.o(.text)
    prv_vOmodem_Clear_Buff                   0x08000ff3   Thumb Code     8  omodem.o(.text)
    prv_vOmodem_Send_Byte                    0x08000ffb   Thumb Code    12  omodem.o(.text)
    prv_uiOmodem_Get_Buff                    0x08001007   Thumb Code    18  omodem.o(.text)
    cOmodem_Analysis                         0x08001019   Thumb Code   240  omodem.o(.text)
    cOmodem_Handle                           0x08001109   Thumb Code    68  omodem.o(.text)
    vMmodem_Init                             0x0800118d   Thumb Code     2  mmodem.o(.text)
    prv_cMmodem_TimeOut                      0x0800118f   Thumb Code    62  mmodem.o(.text)
    prv_vMmodem_Clear_Buff                   0x080011cd   Thumb Code     8  mmodem.o(.text)
    prv_vMmodem_Send_Byte                    0x080011d5   Thumb Code    12  mmodem.o(.text)
    prv_uiMmodem_Get_Buff                    0x080011e1   Thumb Code    18  mmodem.o(.text)
    prv_cMmodem_Get_File_Info                0x080011f3   Thumb Code   322  mmodem.o(.text)
    vMmodem_Handle                           0x08001335   Thumb Code   228  mmodem.o(.text)
    prv_vUpdata_Flash_Sector_Erase           0x08001491   Thumb Code     2  updata.o(.text)
    prv_vUpdata_Flash_Write                  0x08001493   Thumb Code     2  updata.o(.text)
    prv_vUpdata_Flash_Read                   0x08001495   Thumb Code     2  updata.o(.text)
    prv_cUpdata_Run_Flash_Write              0x08001497   Thumb Code    30  updata.o(.text)
    prv_vUpdata_Run_Flash_Read               0x080014b5   Thumb Code    20  updata.o(.text)
    vUpdata_Init                             0x080014c9   Thumb Code     2  updata.o(.text)
    prv_vUpdata_Write_App1                   0x080014cb   Thumb Code    82  updata.o(.text)
    prv_vUpdata_Write_App2                   0x0800151d   Thumb Code    84  updata.o(.text)
    prv_vUpdata_Write_App3                   0x08001571   Thumb Code    84  updata.o(.text)
    vUpdata_Write_Run                        0x080015c5   Thumb Code    36  updata.o(.text)
    vUpdata_Write_UP                         0x080015e9   Thumb Code    84  updata.o(.text)
    prv_cUpdata_Read_App1                    0x0800163d   Thumb Code    54  updata.o(.text)
    prv_cUpdata_Read_App2                    0x08001673   Thumb Code    54  updata.o(.text)
    prv_cUpdata_Read_App3                    0x080016a9   Thumb Code    54  updata.o(.text)
    prv_cUpdata_Read_Run                     0x080016df   Thumb Code    52  updata.o(.text)
    cUpdata_Read_UP                          0x08001713   Thumb Code    44  updata.o(.text)
    prv_vUpdata_Printf_Msg                   0x0800173f   Thumb Code    46  updata.o(.text)
    vUpdata_Write_App                        0x0800176d   Thumb Code    40  updata.o(.text)
    cUpdata_Read_App                         0x08001795   Thumb Code    90  updata.o(.text)
    vUpdata_Jump_To_Run                      0x080017ef   Thumb Code    28  updata.o(.text)
    vUpdata_Test                             0x0800180b   Thumb Code    50  updata.o(.text)
    uiCrc_16                                 0x08001885   Thumb Code    40  crc.o(.text)
    Reset_Handler                            0x080018b1   Thumb Code     8  startup_stm32f429_439xx.o(.text)
    ADC_IRQHandler                           0x080018cb   Thumb Code     0  startup_stm32f429_439xx.o(.text)
    CAN1_RX0_IRQHandler                      0x080018cb   Thumb Code     0  startup_stm32f429_439xx.o(.text)
    CAN1_RX1_IRQHandler                      0x080018cb   Thumb Code     0  startup_stm32f429_439xx.o(.text)
    CAN1_SCE_IRQHandler                      0x080018cb   Thumb Code     0  startup_stm32f429_439xx.o(.text)
    CAN1_TX_IRQHandler                       0x080018cb   Thumb Code     0  startup_stm32f429_439xx.o(.text)
    CAN2_RX0_IRQHandler                      0x080018cb   Thumb Code     0  startup_stm32f429_439xx.o(.text)
    CAN2_RX1_IRQHandler                      0x080018cb   Thumb Code     0  startup_stm32f429_439xx.o(.text)
    CAN2_SCE_IRQHandler                      0x080018cb   Thumb Code     0  startup_stm32f429_439xx.o(.text)
    CAN2_TX_IRQHandler                       0x080018cb   Thumb Code     0  startup_stm32f429_439xx.o(.text)
    CRYP_IRQHandler                          0x080018cb   Thumb Code     0  startup_stm32f429_439xx.o(.text)
    DCMI_IRQHandler                          0x080018cb   Thumb Code     0  startup_stm32f429_439xx.o(.text)
    DMA1_Stream0_IRQHandler                  0x080018cb   Thumb Code     0  startup_stm32f429_439xx.o(.text)
    DMA1_Stream1_IRQHandler                  0x080018cb   Thumb Code     0  startup_stm32f429_439xx.o(.text)
    DMA1_Stream2_IRQHandler                  0x080018cb   Thumb Code     0  startup_stm32f429_439xx.o(.text)
    DMA1_Stream3_IRQHandler                  0x080018cb   Thumb Code     0  startup_stm32f429_439xx.o(.text)
    DMA1_Stream4_IRQHandler                  0x080018cb   Thumb Code     0  startup_stm32f429_439xx.o(.text)
    DMA1_Stream5_IRQHandler                  0x080018cb   Thumb Code     0  startup_stm32f429_439xx.o(.text)
    DMA1_Stream6_IRQHandler                  0x080018cb   Thumb Code     0  startup_stm32f429_439xx.o(.text)
    DMA1_Stream7_IRQHandler                  0x080018cb   Thumb Code     0  startup_stm32f429_439xx.o(.text)
    DMA2D_IRQHandler                         0x080018cb   Thumb Code     0  startup_stm32f429_439xx.o(.text)
    DMA2_Stream0_IRQHandler                  0x080018cb   Thumb Code     0  startup_stm32f429_439xx.o(.text)
    DMA2_Stream1_IRQHandler                  0x080018cb   Thumb Code     0  startup_stm32f429_439xx.o(.text)
    DMA2_Stream2_IRQHandler                  0x080018cb   Thumb Code     0  startup_stm32f429_439xx.o(.text)
    DMA2_Stream3_IRQHandler                  0x080018cb   Thumb Code     0  startup_stm32f429_439xx.o(.text)
    DMA2_Stream4_IRQHandler                  0x080018cb   Thumb Code     0  startup_stm32f429_439xx.o(.text)
    DMA2_Stream5_IRQHandler                  0x080018cb   Thumb Code     0  startup_stm32f429_439xx.o(.text)
    DMA2_Stream6_IRQHandler                  0x080018cb   Thumb Code     0  startup_stm32f429_439xx.o(.text)
    DMA2_Stream7_IRQHandler                  0x080018cb   Thumb Code     0  startup_stm32f429_439xx.o(.text)
    ETH_IRQHandler                           0x080018cb   Thumb Code     0  startup_stm32f429_439xx.o(.text)
    ETH_WKUP_IRQHandler                      0x080018cb   Thumb Code     0  startup_stm32f429_439xx.o(.text)
    EXTI0_IRQHandler                         0x080018cb   Thumb Code     0  startup_stm32f429_439xx.o(.text)
    EXTI15_10_IRQHandler                     0x080018cb   Thumb Code     0  startup_stm32f429_439xx.o(.text)
    EXTI1_IRQHandler                         0x080018cb   Thumb Code     0  startup_stm32f429_439xx.o(.text)
    EXTI2_IRQHandler                         0x080018cb   Thumb Code     0  startup_stm32f429_439xx.o(.text)
    EXTI3_IRQHandler                         0x080018cb   Thumb Code     0  startup_stm32f429_439xx.o(.text)
    EXTI4_IRQHandler                         0x080018cb   Thumb Code     0  startup_stm32f429_439xx.o(.text)
    EXTI9_5_IRQHandler                       0x080018cb   Thumb Code     0  startup_stm32f429_439xx.o(.text)
    FLASH_IRQHandler                         0x080018cb   Thumb Code     0  startup_stm32f429_439xx.o(.text)
    FMC_IRQHandler                           0x080018cb   Thumb Code     0  startup_stm32f429_439xx.o(.text)
    FPU_IRQHandler                           0x080018cb   Thumb Code     0  startup_stm32f429_439xx.o(.text)
    HASH_RNG_IRQHandler                      0x080018cb   Thumb Code     0  startup_stm32f429_439xx.o(.text)
    I2C1_ER_IRQHandler                       0x080018cb   Thumb Code     0  startup_stm32f429_439xx.o(.text)
    I2C1_EV_IRQHandler                       0x080018cb   Thumb Code     0  startup_stm32f429_439xx.o(.text)
    I2C2_ER_IRQHandler                       0x080018cb   Thumb Code     0  startup_stm32f429_439xx.o(.text)
    I2C2_EV_IRQHandler                       0x080018cb   Thumb Code     0  startup_stm32f429_439xx.o(.text)
    I2C3_ER_IRQHandler                       0x080018cb   Thumb Code     0  startup_stm32f429_439xx.o(.text)
    I2C3_EV_IRQHandler                       0x080018cb   Thumb Code     0  startup_stm32f429_439xx.o(.text)
    LTDC_ER_IRQHandler                       0x080018cb   Thumb Code     0  startup_stm32f429_439xx.o(.text)
    LTDC_IRQHandler                          0x080018cb   Thumb Code     0  startup_stm32f429_439xx.o(.text)
    OTG_FS_IRQHandler                        0x080018cb   Thumb Code     0  startup_stm32f429_439xx.o(.text)
    OTG_FS_WKUP_IRQHandler                   0x080018cb   Thumb Code     0  startup_stm32f429_439xx.o(.text)
    OTG_HS_EP1_IN_IRQHandler                 0x080018cb   Thumb Code     0  startup_stm32f429_439xx.o(.text)
    OTG_HS_EP1_OUT_IRQHandler                0x080018cb   Thumb Code     0  startup_stm32f429_439xx.o(.text)
    OTG_HS_IRQHandler                        0x080018cb   Thumb Code     0  startup_stm32f429_439xx.o(.text)
    OTG_HS_WKUP_IRQHandler                   0x080018cb   Thumb Code     0  startup_stm32f429_439xx.o(.text)
    PVD_IRQHandler                           0x080018cb   Thumb Code     0  startup_stm32f429_439xx.o(.text)
    RCC_IRQHandler                           0x080018cb   Thumb Code     0  startup_stm32f429_439xx.o(.text)
    RTC_Alarm_IRQHandler                     0x080018cb   Thumb Code     0  startup_stm32f429_439xx.o(.text)
    RTC_WKUP_IRQHandler                      0x080018cb   Thumb Code     0  startup_stm32f429_439xx.o(.text)
    SAI1_IRQHandler                          0x080018cb   Thumb Code     0  startup_stm32f429_439xx.o(.text)
    SDIO_IRQHandler                          0x080018cb   Thumb Code     0  startup_stm32f429_439xx.o(.text)
    SPI1_IRQHandler                          0x080018cb   Thumb Code     0  startup_stm32f429_439xx.o(.text)
    SPI2_IRQHandler                          0x080018cb   Thumb Code     0  startup_stm32f429_439xx.o(.text)
    SPI3_IRQHandler                          0x080018cb   Thumb Code     0  startup_stm32f429_439xx.o(.text)
    SPI4_IRQHandler                          0x080018cb   Thumb Code     0  startup_stm32f429_439xx.o(.text)
    SPI5_IRQHandler                          0x080018cb   Thumb Code     0  startup_stm32f429_439xx.o(.text)
    SPI6_IRQHandler                          0x080018cb   Thumb Code     0  startup_stm32f429_439xx.o(.text)
    TAMP_STAMP_IRQHandler                    0x080018cb   Thumb Code     0  startup_stm32f429_439xx.o(.text)
    TIM1_BRK_TIM9_IRQHandler                 0x080018cb   Thumb Code     0  startup_stm32f429_439xx.o(.text)
    TIM1_CC_IRQHandler                       0x080018cb   Thumb Code     0  startup_stm32f429_439xx.o(.text)
    TIM1_TRG_COM_TIM11_IRQHandler            0x080018cb   Thumb Code     0  startup_stm32f429_439xx.o(.text)
    TIM1_UP_TIM10_IRQHandler                 0x080018cb   Thumb Code     0  startup_stm32f429_439xx.o(.text)
    TIM2_IRQHandler                          0x080018cb   Thumb Code     0  startup_stm32f429_439xx.o(.text)
    TIM3_IRQHandler                          0x080018cb   Thumb Code     0  startup_stm32f429_439xx.o(.text)
    TIM4_IRQHandler                          0x080018cb   Thumb Code     0  startup_stm32f429_439xx.o(.text)
    TIM5_IRQHandler                          0x080018cb   Thumb Code     0  startup_stm32f429_439xx.o(.text)
    TIM6_DAC_IRQHandler                      0x080018cb   Thumb Code     0  startup_stm32f429_439xx.o(.text)
    TIM7_IRQHandler                          0x080018cb   Thumb Code     0  startup_stm32f429_439xx.o(.text)
    TIM8_BRK_TIM12_IRQHandler                0x080018cb   Thumb Code     0  startup_stm32f429_439xx.o(.text)
    TIM8_CC_IRQHandler                       0x080018cb   Thumb Code     0  startup_stm32f429_439xx.o(.text)
    TIM8_TRG_COM_TIM14_IRQHandler            0x080018cb   Thumb Code     0  startup_stm32f429_439xx.o(.text)
    TIM8_UP_TIM13_IRQHandler                 0x080018cb   Thumb Code     0  startup_stm32f429_439xx.o(.text)
    UART4_IRQHandler                         0x080018cb   Thumb Code     0  startup_stm32f429_439xx.o(.text)
    UART5_IRQHandler                         0x080018cb   Thumb Code     0  startup_stm32f429_439xx.o(.text)
    UART7_IRQHandler                         0x080018cb   Thumb Code     0  startup_stm32f429_439xx.o(.text)
    UART8_IRQHandler                         0x080018cb   Thumb Code     0  startup_stm32f429_439xx.o(.text)
    USART1_IRQHandler                        0x080018cb   Thumb Code     0  startup_stm32f429_439xx.o(.text)
    USART3_IRQHandler                        0x080018cb   Thumb Code     0  startup_stm32f429_439xx.o(.text)
    USART6_IRQHandler                        0x080018cb   Thumb Code     0  startup_stm32f429_439xx.o(.text)
    WWDG_IRQHandler                          0x080018cb   Thumb Code     0  startup_stm32f429_439xx.o(.text)
    __user_initial_stackheap                 0x080018cd   Thumb Code     0  startup_stm32f429_439xx.o(.text)
    SystemInit                               0x08001a01   Thumb Code    88  system_stm32f4xx.o(.text)
    SystemCoreClockUpdate                    0x08001a59   Thumb Code   174  system_stm32f4xx.o(.text)
    NVIC_PriorityGroupConfig                 0x08001b35   Thumb Code    10  misc.o(.text)
    NVIC_Init                                0x08001b3f   Thumb Code   106  misc.o(.text)
    NVIC_SetVectorTable                      0x08001ba9   Thumb Code    14  misc.o(.text)
    NVIC_SystemLPConfig                      0x08001bb7   Thumb Code    34  misc.o(.text)
    SysTick_CLKSourceConfig                  0x08001bd9   Thumb Code    40  misc.o(.text)
    FLASH_SetLatency                         0x08001c15   Thumb Code     6  stm32f4xx_flash.o(.text)
    FLASH_PrefetchBufferCmd                  0x08001c1b   Thumb Code    30  stm32f4xx_flash.o(.text)
    FLASH_InstructionCacheCmd                0x08001c39   Thumb Code    30  stm32f4xx_flash.o(.text)
    FLASH_DataCacheCmd                       0x08001c57   Thumb Code    30  stm32f4xx_flash.o(.text)
    FLASH_InstructionCacheReset              0x08001c75   Thumb Code    14  stm32f4xx_flash.o(.text)
    FLASH_DataCacheReset                     0x08001c83   Thumb Code    14  stm32f4xx_flash.o(.text)
    FLASH_Unlock                             0x08001c91   Thumb Code    26  stm32f4xx_flash.o(.text)
    FLASH_Lock                               0x08001cab   Thumb Code    18  stm32f4xx_flash.o(.text)
    FLASH_GetStatus                          0x08001cbd   Thumb Code    90  stm32f4xx_flash.o(.text)
    FLASH_WaitForLastOperation               0x08001d17   Thumb Code    34  stm32f4xx_flash.o(.text)
    FLASH_EraseSector                        0x08001d39   Thumb Code   140  stm32f4xx_flash.o(.text)
    FLASH_EraseAllSectors                    0x08001dc5   Thumb Code   118  stm32f4xx_flash.o(.text)
    FLASH_EraseAllBank1Sectors               0x08001e3b   Thumb Code   112  stm32f4xx_flash.o(.text)
    FLASH_EraseAllBank2Sectors               0x08001eab   Thumb Code   112  stm32f4xx_flash.o(.text)
    FLASH_ProgramDoubleWord                  0x08001f1b   Thumb Code    86  stm32f4xx_flash.o(.text)
    FLASH_ProgramWord                        0x08001f71   Thumb Code    82  stm32f4xx_flash.o(.text)
    FLASH_ProgramHalfWord                    0x08001fc3   Thumb Code    96  stm32f4xx_flash.o(.text)
    FLASH_ProgramByte                        0x08002023   Thumb Code    70  stm32f4xx_flash.o(.text)
    FLASH_OB_Unlock                          0x08002069   Thumb Code    26  stm32f4xx_flash.o(.text)
    FLASH_OB_Lock                            0x08002083   Thumb Code    18  stm32f4xx_flash.o(.text)
    FLASH_OB_WRPConfig                       0x08002095   Thumb Code    54  stm32f4xx_flash.o(.text)
    FLASH_OB_WRP1Config                      0x080020cb   Thumb Code    54  stm32f4xx_flash.o(.text)
    FLASH_OB_PCROPSelectionConfig            0x08002101   Thumb Code    24  stm32f4xx_flash.o(.text)
    FLASH_OB_PCROPConfig                     0x08002119   Thumb Code    54  stm32f4xx_flash.o(.text)
    FLASH_OB_PCROP1Config                    0x0800214f   Thumb Code    54  stm32f4xx_flash.o(.text)
    FLASH_OB_RDPConfig                       0x08002185   Thumb Code    24  stm32f4xx_flash.o(.text)
    FLASH_OB_UserConfig                      0x0800219d   Thumb Code    46  stm32f4xx_flash.o(.text)
    FLASH_OB_BootConfig                      0x080021cb   Thumb Code    26  stm32f4xx_flash.o(.text)
    FLASH_OB_BORConfig                       0x080021e5   Thumb Code    26  stm32f4xx_flash.o(.text)
    FLASH_OB_Launch                          0x080021ff   Thumb Code    30  stm32f4xx_flash.o(.text)
    FLASH_OB_GetUser                         0x0800221d   Thumb Code    12  stm32f4xx_flash.o(.text)
    FLASH_OB_GetWRP                          0x08002229   Thumb Code     8  stm32f4xx_flash.o(.text)
    FLASH_OB_GetWRP1                         0x08002231   Thumb Code     8  stm32f4xx_flash.o(.text)
    FLASH_OB_GetPCROP                        0x08002239   Thumb Code     8  stm32f4xx_flash.o(.text)
    FLASH_OB_GetPCROP1                       0x08002241   Thumb Code     8  stm32f4xx_flash.o(.text)
    FLASH_OB_GetRDP                          0x08002249   Thumb Code    20  stm32f4xx_flash.o(.text)
    FLASH_OB_GetBOR                          0x0800225d   Thumb Code    12  stm32f4xx_flash.o(.text)
    FLASH_ITConfig                           0x08002269   Thumb Code    26  stm32f4xx_flash.o(.text)
    FLASH_GetFlagStatus                      0x08002283   Thumb Code    22  stm32f4xx_flash.o(.text)
    FLASH_ClearFlag                          0x08002299   Thumb Code     8  stm32f4xx_flash.o(.text)
    FMC_NORSRAMDeInit                        0x080022ad   Thumb Code    54  stm32f4xx_fmc.o(.text)
    FMC_NORSRAMInit                          0x080022e3   Thumb Code   316  stm32f4xx_fmc.o(.text)
    FMC_NORSRAMStructInit                    0x0800241f   Thumb Code    54  stm32f4xx_fmc.o(.text)
    FMC_NORSRAMCmd                           0x08002455   Thumb Code    46  stm32f4xx_fmc.o(.text)
    FMC_NANDDeInit                           0x08002483   Thumb Code    62  stm32f4xx_fmc.o(.text)
    FMC_NANDInit                             0x080024c1   Thumb Code   204  stm32f4xx_fmc.o(.text)
    FMC_NANDStructInit                       0x0800258d   Thumb Code    58  stm32f4xx_fmc.o(.text)
    FMC_NANDCmd                              0x080025c7   Thumb Code    86  stm32f4xx_fmc.o(.text)
    FMC_NANDECCCmd                           0x0800261d   Thumb Code    86  stm32f4xx_fmc.o(.text)
    FMC_GetECC                               0x08002673   Thumb Code    24  stm32f4xx_fmc.o(.text)
    FMC_PCCARDDeInit                         0x0800268b   Thumb Code    36  stm32f4xx_fmc.o(.text)
    FMC_PCCARDInit                           0x080026af   Thumb Code   212  stm32f4xx_fmc.o(.text)
    FMC_PCCARDStructInit                     0x08002783   Thumb Code    60  stm32f4xx_fmc.o(.text)
    FMC_PCCARDCmd                            0x080027bf   Thumb Code    42  stm32f4xx_fmc.o(.text)
    FMC_SDRAMDeInit                          0x080027e9   Thumb Code    48  stm32f4xx_fmc.o(.text)
    FMC_SDRAMInit                            0x08002819   Thumb Code   322  stm32f4xx_fmc.o(.text)
    FMC_SDRAMStructInit                      0x0800295b   Thumb Code    64  stm32f4xx_fmc.o(.text)
    FMC_SDRAMCmdConfig                       0x0800299b   Thumb Code    30  stm32f4xx_fmc.o(.text)
    FMC_GetModeStatus                        0x080029b9   Thumb Code    32  stm32f4xx_fmc.o(.text)
    FMC_SetRefreshCount                      0x080029d9   Thumb Code    20  stm32f4xx_fmc.o(.text)
    FMC_SetAutoRefresh_Number                0x080029ed   Thumb Code    20  stm32f4xx_fmc.o(.text)
    FMC_SDRAMWriteProtectionConfig           0x08002a01   Thumb Code    56  stm32f4xx_fmc.o(.text)
    FMC_ITConfig                             0x08002a39   Thumb Code   176  stm32f4xx_fmc.o(.text)
    FMC_GetFlagStatus                        0x08002ae9   Thumb Code    78  stm32f4xx_fmc.o(.text)
    FMC_ClearFlag                            0x08002b37   Thumb Code    84  stm32f4xx_fmc.o(.text)
    FMC_GetITStatus                          0x08002b8b   Thumb Code    96  stm32f4xx_fmc.o(.text)
    FMC_ClearITPendingBit                    0x08002beb   Thumb Code    92  stm32f4xx_fmc.o(.text)
    GPIO_DeInit                              0x08002c4d   Thumb Code   268  stm32f4xx_gpio.o(.text)
    GPIO_Init                                0x08002d59   Thumb Code   144  stm32f4xx_gpio.o(.text)
    GPIO_StructInit                          0x08002de9   Thumb Code    18  stm32f4xx_gpio.o(.text)
    GPIO_PinLockConfig                       0x08002dfb   Thumb Code    34  stm32f4xx_gpio.o(.text)
    GPIO_ReadInputDataBit                    0x08002e1d   Thumb Code    18  stm32f4xx_gpio.o(.text)
    GPIO_ReadInputData                       0x08002e2f   Thumb Code     8  stm32f4xx_gpio.o(.text)
    GPIO_ReadOutputDataBit                   0x08002e37   Thumb Code    18  stm32f4xx_gpio.o(.text)
    GPIO_ReadOutputData                      0x08002e49   Thumb Code     8  stm32f4xx_gpio.o(.text)
    GPIO_SetBits                             0x08002e51   Thumb Code     4  stm32f4xx_gpio.o(.text)
    GPIO_ResetBits                           0x08002e55   Thumb Code     4  stm32f4xx_gpio.o(.text)
    GPIO_WriteBit                            0x08002e59   Thumb Code    10  stm32f4xx_gpio.o(.text)
    GPIO_Write                               0x08002e63   Thumb Code     4  stm32f4xx_gpio.o(.text)
    GPIO_ToggleBits                          0x08002e67   Thumb Code     8  stm32f4xx_gpio.o(.text)
    GPIO_PinAFConfig                         0x08002e6f   Thumb Code    70  stm32f4xx_gpio.o(.text)
    RCC_DeInit                               0x08002ee1   Thumb Code    82  stm32f4xx_rcc.o(.text)
    RCC_HSEConfig                            0x08002f33   Thumb Code    14  stm32f4xx_rcc.o(.text)
    RCC_GetFlagStatus                        0x08002f41   Thumb Code    60  stm32f4xx_rcc.o(.text)
    RCC_WaitForHSEStartUp                    0x08002f7d   Thumb Code    56  stm32f4xx_rcc.o(.text)
    RCC_AdjustHSICalibrationValue            0x08002fb5   Thumb Code    20  stm32f4xx_rcc.o(.text)
    RCC_HSICmd                               0x08002fc9   Thumb Code     6  stm32f4xx_rcc.o(.text)
    RCC_LSEConfig                            0x08002fcf   Thumb Code    46  stm32f4xx_rcc.o(.text)
    RCC_LSICmd                               0x08002ffd   Thumb Code     6  stm32f4xx_rcc.o(.text)
    RCC_PLLConfig                            0x08003003   Thumb Code    32  stm32f4xx_rcc.o(.text)
    RCC_PLLCmd                               0x08003023   Thumb Code     6  stm32f4xx_rcc.o(.text)
    RCC_PLLI2SConfig                         0x08003029   Thumb Code    20  stm32f4xx_rcc.o(.text)
    RCC_PLLI2SCmd                            0x0800303d   Thumb Code     6  stm32f4xx_rcc.o(.text)
    RCC_PLLSAIConfig                         0x08003043   Thumb Code    20  stm32f4xx_rcc.o(.text)
    RCC_PLLSAICmd                            0x08003057   Thumb Code     6  stm32f4xx_rcc.o(.text)
    RCC_ClockSecuritySystemCmd               0x0800305d   Thumb Code     6  stm32f4xx_rcc.o(.text)
    RCC_MCO1Config                           0x08003063   Thumb Code    28  stm32f4xx_rcc.o(.text)
    RCC_MCO2Config                           0x0800307f   Thumb Code    28  stm32f4xx_rcc.o(.text)
    RCC_SYSCLKConfig                         0x0800309b   Thumb Code    20  stm32f4xx_rcc.o(.text)
    RCC_GetSYSCLKSource                      0x080030af   Thumb Code    12  stm32f4xx_rcc.o(.text)
    RCC_HCLKConfig                           0x080030bb   Thumb Code    20  stm32f4xx_rcc.o(.text)
    RCC_PCLK1Config                          0x080030cf   Thumb Code    20  stm32f4xx_rcc.o(.text)
    RCC_PCLK2Config                          0x080030e3   Thumb Code    22  stm32f4xx_rcc.o(.text)
    RCC_GetClocksFreq                        0x080030f9   Thumb Code   222  stm32f4xx_rcc.o(.text)
    RCC_RTCCLKConfig                         0x080031d7   Thumb Code    54  stm32f4xx_rcc.o(.text)
    RCC_RTCCLKCmd                            0x0800320d   Thumb Code     8  stm32f4xx_rcc.o(.text)
    RCC_BackupResetCmd                       0x08003215   Thumb Code     8  stm32f4xx_rcc.o(.text)
    RCC_I2SCLKConfig                         0x0800321d   Thumb Code     6  stm32f4xx_rcc.o(.text)
    RCC_SAIBlockACLKConfig                   0x08003223   Thumb Code    20  stm32f4xx_rcc.o(.text)
    RCC_SAIBlockBCLKConfig                   0x08003237   Thumb Code    20  stm32f4xx_rcc.o(.text)
    RCC_SAIPLLI2SClkDivConfig                0x0800324b   Thumb Code    26  stm32f4xx_rcc.o(.text)
    RCC_SAIPLLSAIClkDivConfig                0x08003265   Thumb Code    28  stm32f4xx_rcc.o(.text)
    RCC_LTDCCLKDivConfig                     0x08003281   Thumb Code    20  stm32f4xx_rcc.o(.text)
    RCC_TIMCLKPresConfig                     0x08003295   Thumb Code     6  stm32f4xx_rcc.o(.text)
    RCC_AHB1PeriphClockCmd                   0x0800329b   Thumb Code    82  stm32f4xx_rcc.o(.text)
    RCC_AHB2PeriphClockCmd                   0x080032ed   Thumb Code    26  stm32f4xx_rcc.o(.text)
    RCC_AHB3PeriphClockCmd                   0x08003307   Thumb Code    34  stm32f4xx_rcc.o(.text)
    RCC_APB1PeriphClockCmd                   0x08003329   Thumb Code    34  stm32f4xx_rcc.o(.text)
    RCC_APB2PeriphClockCmd                   0x0800334b   Thumb Code    34  stm32f4xx_rcc.o(.text)
    RCC_AHB1PeriphResetCmd                   0x0800336d   Thumb Code    34  stm32f4xx_rcc.o(.text)
    RCC_AHB2PeriphResetCmd                   0x0800338f   Thumb Code    34  stm32f4xx_rcc.o(.text)
    RCC_AHB3PeriphResetCmd                   0x080033b1   Thumb Code    34  stm32f4xx_rcc.o(.text)
    RCC_APB1PeriphResetCmd                   0x080033d3   Thumb Code    34  stm32f4xx_rcc.o(.text)
    RCC_APB2PeriphResetCmd                   0x080033f5   Thumb Code    34  stm32f4xx_rcc.o(.text)
    RCC_AHB1PeriphClockLPModeCmd             0x08003417   Thumb Code    34  stm32f4xx_rcc.o(.text)
    RCC_AHB2PeriphClockLPModeCmd             0x08003439   Thumb Code    34  stm32f4xx_rcc.o(.text)
    RCC_AHB3PeriphClockLPModeCmd             0x0800345b   Thumb Code    34  stm32f4xx_rcc.o(.text)
    RCC_APB1PeriphClockLPModeCmd             0x0800347d   Thumb Code    34  stm32f4xx_rcc.o(.text)
    RCC_APB2PeriphClockLPModeCmd             0x0800349f   Thumb Code    34  stm32f4xx_rcc.o(.text)
    RCC_LSEModeConfig                        0x080034c1   Thumb Code    40  stm32f4xx_rcc.o(.text)
    RCC_ITConfig                             0x080034e9   Thumb Code    34  stm32f4xx_rcc.o(.text)
    RCC_ClearFlag                            0x0800350b   Thumb Code    18  stm32f4xx_rcc.o(.text)
    RCC_GetITStatus                          0x0800351d   Thumb Code    22  stm32f4xx_rcc.o(.text)
    RCC_ClearITPendingBit                    0x08003533   Thumb Code     8  stm32f4xx_rcc.o(.text)
    USART_DeInit                             0x08003541   Thumb Code   206  stm32f4xx_usart.o(.text)
    USART_Init                               0x0800360f   Thumb Code   204  stm32f4xx_usart.o(.text)
    USART_StructInit                         0x080036db   Thumb Code    24  stm32f4xx_usart.o(.text)
    USART_ClockInit                          0x080036f3   Thumb Code    32  stm32f4xx_usart.o(.text)
    USART_ClockStructInit                    0x08003713   Thumb Code    12  stm32f4xx_usart.o(.text)
    USART_Cmd                                0x0800371f   Thumb Code    24  stm32f4xx_usart.o(.text)
    USART_SetPrescaler                       0x08003737   Thumb Code    16  stm32f4xx_usart.o(.text)
    USART_OverSampling8Cmd                   0x08003747   Thumb Code    22  stm32f4xx_usart.o(.text)
    USART_OneBitMethodCmd                    0x0800375d   Thumb Code    24  stm32f4xx_usart.o(.text)
    USART_SendData                           0x08003775   Thumb Code     8  stm32f4xx_usart.o(.text)
    USART_ReceiveData                        0x0800377d   Thumb Code    10  stm32f4xx_usart.o(.text)
    USART_SetAddress                         0x08003787   Thumb Code    18  stm32f4xx_usart.o(.text)
    USART_ReceiverWakeUpCmd                  0x08003799   Thumb Code    24  stm32f4xx_usart.o(.text)
    USART_WakeUpConfig                       0x080037b1   Thumb Code    18  stm32f4xx_usart.o(.text)
    USART_LINBreakDetectLengthConfig         0x080037c3   Thumb Code    18  stm32f4xx_usart.o(.text)
    USART_LINCmd                             0x080037d5   Thumb Code    24  stm32f4xx_usart.o(.text)
    USART_SendBreak                          0x080037ed   Thumb Code    10  stm32f4xx_usart.o(.text)
    USART_HalfDuplexCmd                      0x080037f7   Thumb Code    24  stm32f4xx_usart.o(.text)
    USART_SetGuardTime                       0x0800380f   Thumb Code    16  stm32f4xx_usart.o(.text)
    USART_SmartCardCmd                       0x0800381f   Thumb Code    24  stm32f4xx_usart.o(.text)
    USART_SmartCardNACKCmd                   0x08003837   Thumb Code    24  stm32f4xx_usart.o(.text)
    USART_IrDAConfig                         0x0800384f   Thumb Code    18  stm32f4xx_usart.o(.text)
    USART_IrDACmd                            0x08003861   Thumb Code    24  stm32f4xx_usart.o(.text)
    USART_DMACmd                             0x08003879   Thumb Code    18  stm32f4xx_usart.o(.text)
    USART_ITConfig                           0x0800388b   Thumb Code    74  stm32f4xx_usart.o(.text)
    USART_GetFlagStatus                      0x080038d5   Thumb Code    26  stm32f4xx_usart.o(.text)
    USART_ClearFlag                          0x080038ef   Thumb Code    18  stm32f4xx_usart.o(.text)
    USART_GetITStatus                        0x08003901   Thumb Code   118  stm32f4xx_usart.o(.text)
    USART_ClearITPendingBit                  0x08003977   Thumb Code    30  stm32f4xx_usart.o(.text)
    __use_no_semihosting                     0x08003995   Thumb Code     2  use_no_semi_2.o(.text)
    __2printf                                0x08003999   Thumb Code    20  noretval__2printf.o(.text)
    __printf                                 0x080039b1   Thumb Code   104  __printf.o(.text)
    _printf_str                              0x08003a19   Thumb Code    82  _printf_str.o(.text)
    _printf_int_dec                          0x08003a6d   Thumb Code   104  _printf_dec.o(.text)
    _printf_int_hex                          0x08003ae5   Thumb Code    84  _printf_hex_int.o(.text)
    _printf_longlong_hex                     0x08003ae5   Thumb Code     0  _printf_hex_int.o(.text)
    __0sscanf                                0x08003b3d   Thumb Code    52  __0sscanf.o(.text)
    _scanf_int                               0x08003b79   Thumb Code   332  _scanf_int.o(.text)
    __aeabi_memcpy                           0x08003cc5   Thumb Code     0  rt_memcpy_v6.o(.text)
    __rt_memcpy                              0x08003cc5   Thumb Code   138  rt_memcpy_v6.o(.text)
    _memcpy_lastbytes                        0x08003d2b   Thumb Code     0  rt_memcpy_v6.o(.text)
    __aeabi_memclr                           0x08003d4f   Thumb Code     0  rt_memclr.o(.text)
    __rt_memclr                              0x08003d4f   Thumb Code    68  rt_memclr.o(.text)
    _memset                                  0x08003d53   Thumb Code     0  rt_memclr.o(.text)
    __aeabi_memclr4                          0x08003d93   Thumb Code     0  rt_memclr_w.o(.text)
    __aeabi_memclr8                          0x08003d93   Thumb Code     0  rt_memclr_w.o(.text)
    __rt_memclr_w                            0x08003d93   Thumb Code    78  rt_memclr_w.o(.text)
    _memset_w                                0x08003d97   Thumb Code     0  rt_memclr_w.o(.text)
    __use_two_region_memory                  0x08003de1   Thumb Code     2  heapauxi.o(.text)
    __rt_heap_escrow$2region                 0x08003de3   Thumb Code     2  heapauxi.o(.text)
    __rt_heap_expand$2region                 0x08003de5   Thumb Code     2  heapauxi.o(.text)
    __I$use$semihosting                      0x08003de7   Thumb Code     0  use_no_semi.o(.text)
    __use_no_semihosting_swi                 0x08003de7   Thumb Code     2  use_no_semi.o(.text)
    _printf_int_common                       0x08003de9   Thumb Code   178  _printf_intcommon.o(.text)
    _printf_cs_common                        0x08003e9b   Thumb Code    20  _printf_char.o(.text)
    _printf_char                             0x08003eaf   Thumb Code    16  _printf_char.o(.text)
    _printf_string                           0x08003ebf   Thumb Code     8  _printf_char.o(.text)
    _printf_char_file                        0x08003ec9   Thumb Code    32  _printf_char_file.o(.text)
    _chval                                   0x08003eed   Thumb Code    28  _chval.o(.text)
    __vfscanf_char                           0x08003f15   Thumb Code    24  scanf_char.o(.text)
    _sgetc                                   0x08003f35   Thumb Code    30  _sgetc.o(.text)
    _sbackspace                              0x08003f53   Thumb Code    34  _sgetc.o(.text)
    __aeabi_memcpy4                          0x08003f75   Thumb Code     0  rt_memcpy_w.o(.text)
    __aeabi_memcpy8                          0x08003f75   Thumb Code     0  rt_memcpy_w.o(.text)
    __rt_memcpy_w                            0x08003f75   Thumb Code   100  rt_memcpy_w.o(.text)
    _memcpy_lastbytes_aligned                0x08003fbd   Thumb Code     0  rt_memcpy_w.o(.text)
    isspace                                  0x08003fd9   Thumb Code    18  isspace.o(.text)
    _printf_char_common                      0x08003ff7   Thumb Code    32  _printf_char_common.o(.text)
    __vfscanf                                0x0800401d   Thumb Code   878  _scanf.o(.text)
    ferror                                   0x08004391   Thumb Code     8  ferror.o(.text)
    __user_setup_stackheap                   0x08004399   Thumb Code    74  sys_stackheap_outer.o(.text)
    __rt_ctype_table                         0x080043e5   Thumb Code    16  rt_ctype_table.o(.text)
    exit                                     0x080043f5   Thumb Code    18  exit.o(.text)
    __user_libspace                          0x08004409   Thumb Code     8  libspace.o(.text)
    __user_perproc_libspace                  0x08004409   Thumb Code     0  libspace.o(.text)
    __user_perthread_libspace                0x08004409   Thumb Code     0  libspace.o(.text)
    __rt_locale                              0x08004411   Thumb Code     8  rt_locale_intlibspace.o(.text)
    strcmp                                   0x08004419   Thumb Code   128  strcmpv7m.o(.text)
    _get_lc_ctype                            0x08004499   Thumb Code    44  lc_ctype_c.o(locale$$code)
    _fp_init                                 0x080044c5   Thumb Code    10  fpinit.o(x$fpl$fpinit)
    __fplib_config_fpu_vfp                   0x080044cd   Thumb Code     0  fpinit.o(x$fpl$fpinit)
    __fplib_config_pureend_doubles           0x080044cd   Thumb Code     0  fpinit.o(x$fpl$fpinit)
    FMC_DefaultTimingStruct                  0x080046d0   Data          28  stm32f4xx_fmc.o(.constdata)
    Region$$Table$$Base                      0x08004714   Number         0  anon$$obj.o(Region$$Table)
    Region$$Table$$Limit                     0x08004724   Number         0  anon$$obj.o(Region$$Table)
    __ctype                                  0x08004731   Data           0  lc_ctype_c.o(locale$$data)
    vDebug_USART_Config                      0x08010021   Thumb Code   158  bsp_debug_usart.o(.text)
    Usart_SendByte                           0x080100bf   Thumb Code    30  bsp_debug_usart.o(.text)
    Usart_SendString                         0x080100dd   Thumb Code    42  bsp_debug_usart.o(.text)
    Usart_SendHalfWord                       0x08010107   Thumb Code    60  bsp_debug_usart.o(.text)
    _sys_exit                                0x08010143   Thumb Code     4  bsp_debug_usart.o(.text)
    fputc                                    0x08010147   Thumb Code    32  bsp_debug_usart.o(.text)
    ui_loop_cnt                              0x20000000   Data           2  main.o(.data)
    uc_app_run_flag                          0x20000002   Data           1  main.o(.data)
    uc_updata_app_flag                       0x20000003   Data           1  main.o(.data)
    read_app_cnt                             0x20000004   Data           1  main.o(.data)
    p_data                                   0x20000008   Data           4  main.o(.data)
    p_up_data                                0x2000000c   Data           4  main.o(.data)
    i                                        0x20000010   Data           4  main.o(.data)
    __stdout                                 0x20000018   Data           4  bsp_debug_usart.o(.data)
    prv_updata_usart_receive_data_num        0x2000001c   Data           2  bsp_updata_usart.o(.data)
    prv_Jump_To_Application                  0x20000020   Data           4  updata.o(.data)
    SystemCoreClock                          0x20000024   Data           4  system_stm32f4xx.o(.data)
    AHBPrescTable                            0x20000028   Data          16  system_stm32f4xx.o(.data)
    updata_up_str                            0x20000048   Data          20  main.o(.bss)
    updata_app_str                           0x2000005c   Data          12  main.o(.bss)
    updata_msg_str                           0x20000068   Data          64  main.o(.bss)
    omodem_updata_str                        0x200000a8   Data        1468  main.o(.bss)
    prv_updata_usart_receive_data            0x20000664   Data        1314  bsp_updata_usart.o(.bss)
    __libspace_start                         0x20000b88   Data          96  libspace.o(.bss)
    __temporary_stack_top$libspace           0x20000be8   Data           0  libspace.o(.bss)



==============================================================================

Memory Map of the image

  Image Entry point : 0x080001ad

  Load Region LR_IROM1 (Base: 0x08000000, Size: 0x000101b8, Max: 0x00020000, ABSOLUTE)

    Execution Region ER_IROM1 (Base: 0x08000000, Size: 0x00004834, Max: 0x00010000, ABSOLUTE)

    Base Addr    Size         Type   Attr      Idx    E Section Name        Object

    0x08000000   0x000001ac   Data   RO          523    RESET               startup_stm32f429_439xx.o
    0x080001ac   0x00000008   Code   RO         1204  * !!!main             c_w.l(__main.o)
    0x080001b4   0x00000034   Code   RO         1398    !!!scatter          c_w.l(__scatter.o)
    0x080001e8   0x0000001a   Code   RO         1400    !!handler_copy      c_w.l(__scatter_copy.o)
    0x08000202   0x00000000   Code   RO         1191    .ARM.Collect$$_printf_percent$$00000000  c_w.l(_printf_percent.o)
    0x08000202   0x00000006   Code   RO         1190    .ARM.Collect$$_printf_percent$$00000009  c_w.l(_printf_d.o)
    0x08000208   0x00000006   Code   RO         1189    .ARM.Collect$$_printf_percent$$0000000C  c_w.l(_printf_x.o)
    0x0800020e   0x00000006   Code   RO         1188    .ARM.Collect$$_printf_percent$$00000014  c_w.l(_printf_s.o)
    0x08000214   0x00000004   Code   RO         1215    .ARM.Collect$$_printf_percent$$00000017  c_w.l(_printf_percent_end.o)
    0x08000218   0x00000002   Code   RO         1262    .ARM.Collect$$libinit$$00000000  c_w.l(libinit.o)
    0x0800021a   0x00000004   Code   RO         1276    .ARM.Collect$$libinit$$00000001  c_w.l(libinit2.o)
    0x0800021e   0x00000000   Code   RO         1279    .ARM.Collect$$libinit$$00000004  c_w.l(libinit2.o)
    0x0800021e   0x00000000   Code   RO         1282    .ARM.Collect$$libinit$$0000000A  c_w.l(libinit2.o)
    0x0800021e   0x00000000   Code   RO         1284    .ARM.Collect$$libinit$$0000000C  c_w.l(libinit2.o)
    0x0800021e   0x00000000   Code   RO         1286    .ARM.Collect$$libinit$$0000000E  c_w.l(libinit2.o)
    0x0800021e   0x00000006   Code   RO         1287    .ARM.Collect$$libinit$$0000000F  c_w.l(libinit2.o)
    0x08000224   0x00000000   Code   RO         1289    .ARM.Collect$$libinit$$00000011  c_w.l(libinit2.o)
    0x08000224   0x0000000c   Code   RO         1290    .ARM.Collect$$libinit$$00000012  c_w.l(libinit2.o)
    0x08000230   0x00000000   Code   RO         1291    .ARM.Collect$$libinit$$00000013  c_w.l(libinit2.o)
    0x08000230   0x00000000   Code   RO         1293    .ARM.Collect$$libinit$$00000015  c_w.l(libinit2.o)
    0x08000230   0x00000000   Code   RO         1295    .ARM.Collect$$libinit$$00000017  c_w.l(libinit2.o)
    0x08000230   0x00000000   Code   RO         1297    .ARM.Collect$$libinit$$00000019  c_w.l(libinit2.o)
    0x08000230   0x00000000   Code   RO         1299    .ARM.Collect$$libinit$$0000001B  c_w.l(libinit2.o)
    0x08000230   0x00000000   Code   RO         1301    .ARM.Collect$$libinit$$0000001D  c_w.l(libinit2.o)
    0x08000230   0x00000000   Code   RO         1303    .ARM.Collect$$libinit$$0000001F  c_w.l(libinit2.o)
    0x08000230   0x00000000   Code   RO         1305    .ARM.Collect$$libinit$$00000021  c_w.l(libinit2.o)
    0x08000230   0x00000000   Code   RO         1307    .ARM.Collect$$libinit$$00000023  c_w.l(libinit2.o)
    0x08000230   0x00000000   Code   RO         1309    .ARM.Collect$$libinit$$00000025  c_w.l(libinit2.o)
    0x08000230   0x00000000   Code   RO         1313    .ARM.Collect$$libinit$$0000002C  c_w.l(libinit2.o)
    0x08000230   0x00000000   Code   RO         1315    .ARM.Collect$$libinit$$0000002E  c_w.l(libinit2.o)
    0x08000230   0x00000000   Code   RO         1317    .ARM.Collect$$libinit$$00000030  c_w.l(libinit2.o)
    0x08000230   0x00000000   Code   RO         1319    .ARM.Collect$$libinit$$00000032  c_w.l(libinit2.o)
    0x08000230   0x00000002   Code   RO         1320    .ARM.Collect$$libinit$$00000033  c_w.l(libinit2.o)
    0x08000232   0x00000002   Code   RO         1340    .ARM.Collect$$libshutdown$$00000000  c_w.l(libshutdown.o)
    0x08000234   0x00000000   Code   RO         1350    .ARM.Collect$$libshutdown$$00000002  c_w.l(libshutdown2.o)
    0x08000234   0x00000000   Code   RO         1352    .ARM.Collect$$libshutdown$$00000004  c_w.l(libshutdown2.o)
    0x08000234   0x00000000   Code   RO         1355    .ARM.Collect$$libshutdown$$00000007  c_w.l(libshutdown2.o)
    0x08000234   0x00000000   Code   RO         1358    .ARM.Collect$$libshutdown$$0000000A  c_w.l(libshutdown2.o)
    0x08000234   0x00000000   Code   RO         1360    .ARM.Collect$$libshutdown$$0000000C  c_w.l(libshutdown2.o)
    0x08000234   0x00000000   Code   RO         1363    .ARM.Collect$$libshutdown$$0000000F  c_w.l(libshutdown2.o)
    0x08000234   0x00000002   Code   RO         1364    .ARM.Collect$$libshutdown$$00000010  c_w.l(libshutdown2.o)
    0x08000236   0x00000000   Code   RO         1208    .ARM.Collect$$rtentry$$00000000  c_w.l(__rtentry.o)
    0x08000236   0x00000000   Code   RO         1225    .ARM.Collect$$rtentry$$00000002  c_w.l(__rtentry2.o)
    0x08000236   0x00000006   Code   RO         1237    .ARM.Collect$$rtentry$$00000004  c_w.l(__rtentry4.o)
    0x0800023c   0x00000000   Code   RO         1227    .ARM.Collect$$rtentry$$00000009  c_w.l(__rtentry2.o)
    0x0800023c   0x00000004   Code   RO         1228    .ARM.Collect$$rtentry$$0000000A  c_w.l(__rtentry2.o)
    0x08000240   0x00000000   Code   RO         1230    .ARM.Collect$$rtentry$$0000000C  c_w.l(__rtentry2.o)
    0x08000240   0x00000008   Code   RO         1231    .ARM.Collect$$rtentry$$0000000D  c_w.l(__rtentry2.o)
    0x08000248   0x00000002   Code   RO         1266    .ARM.Collect$$rtexit$$00000000  c_w.l(rtexit.o)
    0x0800024a   0x00000000   Code   RO         1322    .ARM.Collect$$rtexit$$00000002  c_w.l(rtexit2.o)
    0x0800024a   0x00000004   Code   RO         1323    .ARM.Collect$$rtexit$$00000003  c_w.l(rtexit2.o)
    0x0800024e   0x00000006   Code   RO         1324    .ARM.Collect$$rtexit$$00000004  c_w.l(rtexit2.o)
    0x08000254   0x00000178   Code   RO            4    .text               main.o
    0x080003cc   0x00000018   Code   RO          194    .text               stm32f4xx_it.o
    0x080003e4   0x00000040   Code   RO          252    .text               bsp_led.o
    0x08000424   0x00000098   Code   RO          276    .text               bsp_systick.o
    0x080004bc   0x000006c8   Code   RO          306    .text               bsp_sdram.o
    0x08000b84   0x00000150   Code   RO          361    .text               bsp_updata_usart.o
    0x08000cd4   0x000002e0   Code   RO          392    .text               bsp_internal_flash.o
    0x08000fb4   0x000001d8   Code   RO          416    .text               omodem.o
    0x0800118c   0x00000304   Code   RO          444    .text               mmodem.o
    0x08001490   0x000003f4   Code   RO          468    .text               updata.o
    0x08001884   0x0000002c   Code   RO          498    .text               crc.o
    0x080018b0   0x00000040   Code   RO          524    .text               startup_stm32f429_439xx.o
    0x080018f0   0x00000244   Code   RO          531    .text               system_stm32f4xx.o
    0x08001b34   0x000000e0   Code   RO          561    .text               misc.o
    0x08001c14   0x00000698   Code   RO          753    .text               stm32f4xx_flash.o
    0x080022ac   0x000009a0   Code   RO          804    .text               stm32f4xx_fmc.o
    0x08002c4c   0x00000294   Code   RO          852    .text               stm32f4xx_gpio.o
    0x08002ee0   0x00000660   Code   RO          969    .text               stm32f4xx_rcc.o
    0x08003540   0x00000454   Code   RO         1043    .text               stm32f4xx_usart.o
    0x08003994   0x00000002   Code   RO         1135    .text               c_w.l(use_no_semi_2.o)
    0x08003996   0x00000002   PAD
    0x08003998   0x00000018   Code   RO         1139    .text               c_w.l(noretval__2printf.o)
    0x080039b0   0x00000068   Code   RO         1141    .text               c_w.l(__printf.o)
    0x08003a18   0x00000052   Code   RO         1143    .text               c_w.l(_printf_str.o)
    0x08003a6a   0x00000002   PAD
    0x08003a6c   0x00000078   Code   RO         1145    .text               c_w.l(_printf_dec.o)
    0x08003ae4   0x00000058   Code   RO         1150    .text               c_w.l(_printf_hex_int.o)
    0x08003b3c   0x0000003c   Code   RO         1192    .text               c_w.l(__0sscanf.o)
    0x08003b78   0x0000014c   Code   RO         1194    .text               c_w.l(_scanf_int.o)
    0x08003cc4   0x0000008a   Code   RO         1196    .text               c_w.l(rt_memcpy_v6.o)
    0x08003d4e   0x00000044   Code   RO         1198    .text               c_w.l(rt_memclr.o)
    0x08003d92   0x0000004e   Code   RO         1200    .text               c_w.l(rt_memclr_w.o)
    0x08003de0   0x00000006   Code   RO         1202    .text               c_w.l(heapauxi.o)
    0x08003de6   0x00000002   Code   RO         1206    .text               c_w.l(use_no_semi.o)
    0x08003de8   0x000000b2   Code   RO         1209    .text               c_w.l(_printf_intcommon.o)
    0x08003e9a   0x0000002c   Code   RO         1211    .text               c_w.l(_printf_char.o)
    0x08003ec6   0x00000002   PAD
    0x08003ec8   0x00000024   Code   RO         1213    .text               c_w.l(_printf_char_file.o)
    0x08003eec   0x0000001c   Code   RO         1216    .text               c_w.l(_chval.o)
    0x08003f08   0x0000002c   Code   RO         1218    .text               c_w.l(scanf_char.o)
    0x08003f34   0x00000040   Code   RO         1220    .text               c_w.l(_sgetc.o)
    0x08003f74   0x00000064   Code   RO         1222    .text               c_w.l(rt_memcpy_w.o)
    0x08003fd8   0x00000012   Code   RO         1239    .text               c_w.l(isspace.o)
    0x08003fea   0x00000002   PAD
    0x08003fec   0x00000030   Code   RO         1241    .text               c_w.l(_printf_char_common.o)
    0x0800401c   0x00000374   Code   RO         1243    .text               c_w.l(_scanf.o)
    0x08004390   0x00000008   Code   RO         1245    .text               c_w.l(ferror.o)
    0x08004398   0x0000004a   Code   RO         1249    .text               c_w.l(sys_stackheap_outer.o)
    0x080043e2   0x00000002   PAD
    0x080043e4   0x00000010   Code   RO         1251    .text               c_w.l(rt_ctype_table.o)
    0x080043f4   0x00000012   Code   RO         1255    .text               c_w.l(exit.o)
    0x08004406   0x00000002   PAD
    0x08004408   0x00000008   Code   RO         1263    .text               c_w.l(libspace.o)
    0x08004410   0x00000008   Code   RO         1271    .text               c_w.l(rt_locale_intlibspace.o)
    0x08004418   0x00000080   Code   RO         1328    .text               c_w.l(strcmpv7m.o)
    0x08004498   0x0000002c   Code   RO         1274    locale$$code        c_w.l(lc_ctype_c.o)
    0x080044c4   0x0000000a   Code   RO         1332    x$fpl$fpinit        fz_wm.l(fpinit.o)
    0x080044ce   0x00000200   Data   RO          499    .constdata          crc.o
    0x080046ce   0x00000002   PAD
    0x080046d0   0x0000001c   Data   RO          805    .constdata          stm32f4xx_fmc.o
    0x080046ec   0x00000028   Data   RO         1151    .constdata          c_w.l(_printf_hex_int.o)
    0x08004714   0x00000010   Data   RO         1396    Region$$Table       anon$$obj.o
    0x08004724   0x00000110   Data   RO         1273    locale$$data        c_w.l(lc_ctype_c.o)


    Execution Region app_ROM (Base: 0x08010000, Size: 0x00000170, Max: 0x00010000, ABSOLUTE, FIXED)

    Base Addr    Size         Type   Attr      Idx    E Section Name        Object

    0x08010000   0x00000170   Code   RO          330    .text               bsp_debug_usart.o


    Execution Region RW_IRAM1 (Base: 0x20000000, Size: 0x00002fe8, Max: 0x00030000, ABSOLUTE, UNINIT)

    Base Addr    Size         Type   Attr      Idx    E Section Name        Object

    0x20000000   0x00000014   Data   RW            6    .data               main.o
    0x20000014   0x00000004   Data   RW          277    .data               bsp_systick.o
    0x20000018   0x00000004   Data   RW          331    .data               bsp_debug_usart.o
    0x2000001c   0x00000002   Data   RW          363    .data               bsp_updata_usart.o
    0x2000001e   0x00000002   PAD
    0x20000020   0x00000004   Data   RW          469    .data               updata.o
    0x20000024   0x00000014   Data   RW          532    .data               system_stm32f4xx.o
    0x20000038   0x00000010   Data   RW          970    .data               stm32f4xx_rcc.o
    0x20000048   0x0000061c   Zero   RW            5    .bss                main.o
    0x20000664   0x00000522   Zero   RW          362    .bss                bsp_updata_usart.o
    0x20000b86   0x00000002   PAD
    0x20000b88   0x00000060   Zero   RW         1264    .bss                c_w.l(libspace.o)
    0x20000be8   0x00002000   Zero   RW          522    HEAP                startup_stm32f429_439xx.o
    0x20002be8   0x00000400   Zero   RW          521    STACK               startup_stm32f429_439xx.o


==============================================================================

Image component sizes


      Code (inc. data)   RO Data    RW Data    ZI Data      Debug   Object Name

       368         10          0          4          0       3871   bsp_debug_usart.o
       736         88          0          0          0       2785   bsp_internal_flash.o
        64          4          0          0          0        549   bsp_led.o
      1736        214          0          0          0       3339   bsp_sdram.o
       152         16          0          4          0      28254   bsp_systick.o
       336         18          0          2       1314       2402   bsp_updata_usart.o
        44          4        512          0          0       1107   crc.o
       376         64          0         20       1564     302933   main.o
       224         20          0          0          0       1993   misc.o
       772        120          0          0          0       3343   mmodem.o
       472         64          0          0          0       2990   omodem.o
        64         26        428          0       9216        952   startup_stm32f429_439xx.o
      1688         24          0          0          0       9590   stm32f4xx_flash.o
      2464         40         28          0          0       8198   stm32f4xx_fmc.o
       660         44          0          0          0       4333   stm32f4xx_gpio.o
        24          0          0          0          0       1154   stm32f4xx_it.o
      1632         54          0         16          0      13320   stm32f4xx_rcc.o
      1108         34          0          0          0       8060   stm32f4xx_usart.o
       580         46          0         20          0       2171   system_stm32f4xx.o
      1012         72          0          4          0       9036   updata.o

    ----------------------------------------------------------------------
     14512        962        986         72      12096     410380   Object Totals
         0          0         16          0          0          0   (incl. Generated)
         0          0          2          2          2          0   (incl. Padding)

    ----------------------------------------------------------------------

      Code (inc. data)   RO Data    RW Data    ZI Data      Debug   Library Member Name

        60          8          0          0          0         84   __0sscanf.o
         8          0          0          0          0         68   __main.o
       104          0          0          0          0         84   __printf.o
         0          0          0          0          0          0   __rtentry.o
        12          0          0          0          0          0   __rtentry2.o
         6          0          0          0          0          0   __rtentry4.o
        52          8          0          0          0          0   __scatter.o
        26          0          0          0          0          0   __scatter_copy.o
        28          0          0          0          0         68   _chval.o
        44          0          0          0          0        108   _printf_char.o
        48          6          0          0          0         96   _printf_char_common.o
        36          4          0          0          0         80   _printf_char_file.o
         6          0          0          0          0          0   _printf_d.o
       120         16          0          0          0         92   _printf_dec.o
        88          4         40          0          0         88   _printf_hex_int.o
       178          0          0          0          0         88   _printf_intcommon.o
         0          0          0          0          0          0   _printf_percent.o
         4          0          0          0          0          0   _printf_percent_end.o
         6          0          0          0          0          0   _printf_s.o
        82          0          0          0          0         80   _printf_str.o
         6          0          0          0          0          0   _printf_x.o
       884          6          0          0          0        100   _scanf.o
       332          0          0          0          0         96   _scanf_int.o
        64          0          0          0          0         84   _sgetc.o
        18          0          0          0          0         80   exit.o
         8          0          0          0          0         68   ferror.o
         6          0          0          0          0        152   heapauxi.o
        18          0          0          0          0         76   isspace.o
        44         10        272          0          0         76   lc_ctype_c.o
         2          0          0          0          0          0   libinit.o
        24          0          0          0          0          0   libinit2.o
         2          0          0          0          0          0   libshutdown.o
         2          0          0          0          0          0   libshutdown2.o
         8          4          0          0         96         68   libspace.o
        24          4          0          0          0         84   noretval__2printf.o
        16          4          0          0          0         76   rt_ctype_table.o
         8          4          0          0          0         68   rt_locale_intlibspace.o
        68          0          0          0          0         68   rt_memclr.o
        78          0          0          0          0         80   rt_memclr_w.o
       138          0          0          0          0         68   rt_memcpy_v6.o
       100          0          0          0          0         80   rt_memcpy_w.o
         2          0          0          0          0          0   rtexit.o
        10          0          0          0          0          0   rtexit2.o
        44          8          0          0          0         84   scanf_char.o
       128          0          0          0          0         68   strcmpv7m.o
        74          0          0          0          0         80   sys_stackheap_outer.o
         2          0          0          0          0         68   use_no_semi.o
         2          0          0          0          0         68   use_no_semi_2.o
        10          0          0          0          0        116   fpinit.o

    ----------------------------------------------------------------------
      3042         86        312          0         96       2744   Library Totals
        12          0          0          0          0          0   (incl. Padding)

    ----------------------------------------------------------------------

      Code (inc. data)   RO Data    RW Data    ZI Data      Debug   Library Name

      3020         86        312          0         96       2628   c_w.l
        10          0          0          0          0        116   fz_wm.l

    ----------------------------------------------------------------------
      3042         86        312          0         96       2744   Library Totals

    ----------------------------------------------------------------------

==============================================================================


      Code (inc. data)   RO Data    RW Data    ZI Data      Debug   

     17554       1048       1298         72      12192     407500   Grand Totals
     17554       1048       1298         72      12192     407500   ELF Image Totals
     17554       1048       1298         72          0          0   ROM Totals

==============================================================================

    Total RO  Size (Code + RO Data)                18852 (  18.41kB)
    Total RW  Size (RW Data + ZI Data)             12264 (  11.98kB)
    Total ROM Size (Code + RO Data + RW Data)      18924 (  18.48kB)

==============================================================================

