Component: ARM Compiler 5.06 update 2 (build 183) Tool: armlink [4d35b7]

==============================================================================

Section Cross References

    startup_stm32f429_439xx.o(STACK) refers (Special) to heapauxi.o(.text) for __use_two_region_memory
    startup_stm32f429_439xx.o(HEAP) refers (Special) to heapauxi.o(.text) for __use_two_region_memory
    startup_stm32f429_439xx.o(RESET) refers (Special) to heapauxi.o(.text) for __use_two_region_memory
    startup_stm32f429_439xx.o(RESET) refers to startup_stm32f429_439xx.o(STACK) for __initial_sp
    startup_stm32f429_439xx.o(RESET) refers to startup_stm32f429_439xx.o(.text) for Reset_Handler
    startup_stm32f429_439xx.o(RESET) refers to stm32f4xx_it.o(i.NMI_Handler) for NMI_Handler
    startup_stm32f429_439xx.o(RESET) refers to stm32f4xx_it.o(i.HardFault_Handler) for HardFault_Handler
    startup_stm32f429_439xx.o(RESET) refers to stm32f4xx_it.o(i.MemManage_Handler) for MemManage_Handler
    startup_stm32f429_439xx.o(RESET) refers to stm32f4xx_it.o(i.BusFault_Handler) for BusFault_Handler
    startup_stm32f429_439xx.o(RESET) refers to stm32f4xx_it.o(i.UsageFault_Handler) for UsageFault_Handler
    startup_stm32f429_439xx.o(RESET) refers to port.o(.emb_text) for SVC_Handler
    startup_stm32f429_439xx.o(RESET) refers to stm32f4xx_it.o(i.DebugMon_Handler) for DebugMon_Handler
    startup_stm32f429_439xx.o(RESET) refers to stm32f4xx_it.o(i.SysTick_Handler) for SysTick_Handler
    startup_stm32f429_439xx.o(RESET) refers to bsp_updata_usart.o(i.USART2_IRQHandler) for USART2_IRQHandler
    startup_stm32f429_439xx.o(.text) refers (Special) to heapauxi.o(.text) for __use_two_region_memory
    startup_stm32f429_439xx.o(.text) refers to system_stm32f4xx.o(i.SystemInit) for SystemInit
    startup_stm32f429_439xx.o(.text) refers to __main.o(!!!main) for __main
    startup_stm32f429_439xx.o(.text) refers to startup_stm32f429_439xx.o(HEAP) for Heap_Mem
    startup_stm32f429_439xx.o(.text) refers to startup_stm32f429_439xx.o(STACK) for Stack_Mem
    system_stm32f4xx.o(i.SystemCoreClockUpdate) refers to system_stm32f4xx.o(.data) for .data
    system_stm32f4xx.o(i.SystemInit) refers to system_stm32f4xx.o(i.SetSysClock) for SetSysClock
    stm32f4xx_adc.o(i.ADC_DeInit) refers to stm32f4xx_rcc.o(i.RCC_APB2PeriphResetCmd) for RCC_APB2PeriphResetCmd
    stm32f4xx_can.o(i.CAN_DeInit) refers to stm32f4xx_rcc.o(i.RCC_APB1PeriphResetCmd) for RCC_APB1PeriphResetCmd
    stm32f4xx_can.o(i.CAN_GetITStatus) refers to stm32f4xx_can.o(i.CheckITStatus) for CheckITStatus
    stm32f4xx_cryp.o(i.CRYP_DeInit) refers to stm32f4xx_rcc.o(i.RCC_AHB2PeriphResetCmd) for RCC_AHB2PeriphResetCmd
    stm32f4xx_cryp_aes.o(i.CRYP_AES_CBC) refers to stm32f4xx_cryp.o(i.CRYP_KeyStructInit) for CRYP_KeyStructInit
    stm32f4xx_cryp_aes.o(i.CRYP_AES_CBC) refers to stm32f4xx_cryp.o(i.CRYP_KeyInit) for CRYP_KeyInit
    stm32f4xx_cryp_aes.o(i.CRYP_AES_CBC) refers to stm32f4xx_cryp.o(i.CRYP_Init) for CRYP_Init
    stm32f4xx_cryp_aes.o(i.CRYP_AES_CBC) refers to stm32f4xx_cryp.o(i.CRYP_IVInit) for CRYP_IVInit
    stm32f4xx_cryp_aes.o(i.CRYP_AES_CBC) refers to stm32f4xx_cryp.o(i.CRYP_FIFOFlush) for CRYP_FIFOFlush
    stm32f4xx_cryp_aes.o(i.CRYP_AES_CBC) refers to stm32f4xx_cryp.o(i.CRYP_Cmd) for CRYP_Cmd
    stm32f4xx_cryp_aes.o(i.CRYP_AES_CBC) refers to stm32f4xx_cryp.o(i.CRYP_GetCmdStatus) for CRYP_GetCmdStatus
    stm32f4xx_cryp_aes.o(i.CRYP_AES_CBC) refers to stm32f4xx_cryp.o(i.CRYP_GetFlagStatus) for CRYP_GetFlagStatus
    stm32f4xx_cryp_aes.o(i.CRYP_AES_CBC) refers to stm32f4xx_cryp.o(i.CRYP_DataIn) for CRYP_DataIn
    stm32f4xx_cryp_aes.o(i.CRYP_AES_CBC) refers to stm32f4xx_cryp.o(i.CRYP_DataOut) for CRYP_DataOut
    stm32f4xx_cryp_aes.o(i.CRYP_AES_CCM) refers to stm32f4xx_cryp.o(i.CRYP_KeyStructInit) for CRYP_KeyStructInit
    stm32f4xx_cryp_aes.o(i.CRYP_AES_CCM) refers to stm32f4xx_cryp.o(i.CRYP_FIFOFlush) for CRYP_FIFOFlush
    stm32f4xx_cryp_aes.o(i.CRYP_AES_CCM) refers to stm32f4xx_cryp.o(i.CRYP_KeyInit) for CRYP_KeyInit
    stm32f4xx_cryp_aes.o(i.CRYP_AES_CCM) refers to stm32f4xx_cryp.o(i.CRYP_IVInit) for CRYP_IVInit
    stm32f4xx_cryp_aes.o(i.CRYP_AES_CCM) refers to stm32f4xx_cryp.o(i.CRYP_Init) for CRYP_Init
    stm32f4xx_cryp_aes.o(i.CRYP_AES_CCM) refers to stm32f4xx_cryp.o(i.CRYP_PhaseConfig) for CRYP_PhaseConfig
    stm32f4xx_cryp_aes.o(i.CRYP_AES_CCM) refers to stm32f4xx_cryp.o(i.CRYP_DataIn) for CRYP_DataIn
    stm32f4xx_cryp_aes.o(i.CRYP_AES_CCM) refers to stm32f4xx_cryp.o(i.CRYP_Cmd) for CRYP_Cmd
    stm32f4xx_cryp_aes.o(i.CRYP_AES_CCM) refers to stm32f4xx_cryp.o(i.CRYP_GetCmdStatus) for CRYP_GetCmdStatus
    stm32f4xx_cryp_aes.o(i.CRYP_AES_CCM) refers to stm32f4xx_cryp.o(i.CRYP_GetFlagStatus) for CRYP_GetFlagStatus
    stm32f4xx_cryp_aes.o(i.CRYP_AES_CCM) refers to stm32f4xx_cryp.o(i.CRYP_DataOut) for CRYP_DataOut
    stm32f4xx_cryp_aes.o(i.CRYP_AES_CTR) refers to stm32f4xx_cryp.o(i.CRYP_KeyStructInit) for CRYP_KeyStructInit
[...]
    ..\\..\\Libraries\\STM32F4xx_StdPeriph_Driver\\src\\stm32f4xx_can.c 0x00000000   Number         0  stm32f4xx_can.o ABSOLUTE
    ..\\..\\Libraries\\STM32F4xx_StdPeriph_Driver\\src\\stm32f4xx_cec.c 0x00000000   Number         0  stm32f4xx_cec.o ABSOLUTE
    ..\\..\\Libraries\\STM32F4xx_StdPeriph_Driver\\src\\stm32f4xx_crc.c 0x00000000   Number         0  stm32f4xx_crc.o ABSOLUTE
    ..\\..\\Libraries\\STM32F4xx_StdPeriph_Driver\\src\\stm32f4xx_cryp.c 0x00000000   Number         0  stm32f4xx_cryp.o ABSOLUTE
    ..\\..\\Libraries\\STM32F4xx_StdPeriph_Driver\\src\\stm32f4xx_cryp_aes.c 0x00000000   Number         0  stm32f4xx_cryp_aes.o ABSOLUTE
    ..\\..\\Libraries\\STM32F4xx_StdPeriph_Driver\\src\\stm32f4xx_cryp_des.c 0x00000000   Number         0  stm32f4xx_cryp_des.o ABSOLUTE
    ..\\..\\Libraries\\STM32F4xx_StdPeriph_Driver\\src\\stm32f4xx_cryp_tdes.c 0x00000000   Number         0  stm32f4xx_cryp_tdes.o ABSOLUTE
    ..\\..\\Libraries\\STM32F4xx_StdPeriph_Driver\\src\\stm32f4xx_dac.c 0x00000000   Number         0  stm32f4xx_dac.o ABSOLUTE
    ..\\..\\Libraries\\STM32F4xx_StdPeriph_Driver\\src\\stm32f4xx_dbgmcu.c 0x00000000   Number         0  stm32f4xx_dbgmcu.o ABSOLUTE
    ..\\..\\Libraries\\STM32F4xx_StdPeriph_Driver\\src\\stm32f4xx_dcmi.c 0x00000000   Number         0  stm32f4xx_dcmi.o ABSOLUTE
    ..\\..\\Libraries\\STM32F4xx_StdPeriph_Driver\\src\\stm32f4xx_dma.c 0x00000000   Number         0  stm32f4xx_dma.o ABSOLUTE
    ..\\..\\Libraries\\STM32F4xx_StdPeriph_Driver\\src\\stm32f4xx_dma2d.c 0x00000000   Number         0  stm32f4xx_dma2d.o ABSOLUTE
    ..\\..\\Libraries\\STM32F4xx_StdPeriph_Driver\\src\\stm32f4xx_exti.c 0x00000000   Number         0  stm32f4xx_exti.o ABSOLUTE
    ..\\..\\Libraries\\STM32F4xx_StdPeriph_Driver\\src\\stm32f4xx_flash.c 0x00000000   Number         0  stm32f4xx_flash.o ABSOLUTE
    ..\\..\\Libraries\\STM32F4xx_StdPeriph_Driver\\src\\stm32f4xx_flash_ramfunc.c 0x00000000   Number         0  stm32f4xx_flash_ramfunc.o ABSOLUTE
    ..\\..\\Libraries\\STM32F4xx_StdPeriph_Driver\\src\\stm32f4xx_fmc.c 0x00000000   Number         0  stm32f4xx_fmc.o ABSOLUTE
    ..\\..\\Libraries\\STM32F4xx_StdPeriph_Driver\\src\\stm32f4xx_fmpi2c.c 0x00000000   Number         0  stm32f4xx_fmpi2c.o ABSOLUTE
    ..\\..\\Libraries\\STM32F4xx_StdPeriph_Driver\\src\\stm32f4xx_gpio.c 0x00000000   Number         0  stm32f4xx_gpio.o ABSOLUTE
    ..\\..\\Libraries\\STM32F4xx_StdPeriph_Driver\\src\\stm32f4xx_hash.c 0x00000000   Number         0  stm32f4xx_hash.o ABSOLUTE
    ..\\..\\Libraries\\STM32F4xx_StdPeriph_Driver\\src\\stm32f4xx_hash_md5.c 0x00000000   Number         0  stm32f4xx_hash_md5.o ABSOLUTE
    ..\\..\\Libraries\\STM32F4xx_StdPeriph_Driver\\src\\stm32f4xx_hash_sha1.c 0x00000000   Number         0  stm32f4xx_hash_sha1.o ABSOLUTE
    ..\\..\\Libraries\\STM32F4xx_StdPeriph_Driver\\src\\stm32f4xx_i2c.c 0x00000000   Number         0  stm32f4xx_i2c.o ABSOLUTE
    ..\\..\\Libraries\\STM32F4xx_StdPeriph_Driver\\src\\stm32f4xx_iwdg.c 0x00000000   Number         0  stm32f4xx_iwdg.o ABSOLUTE
    ..\\..\\Libraries\\STM32F4xx_StdPeriph_Driver\\src\\stm32f4xx_ltdc.c 0x00000000   Number         0  stm32f4xx_ltdc.o ABSOLUTE
    ..\\..\\Libraries\\STM32F4xx_StdPeriph_Driver\\src\\stm32f4xx_pwr.c 0x00000000   Number         0  stm32f4xx_pwr.o ABSOLUTE
    ..\\..\\Libraries\\STM32F4xx_StdPeriph_Driver\\src\\stm32f4xx_qspi.c 0x00000000   Number         0  stm32f4xx_qspi.o ABSOLUTE
    ..\\..\\Libraries\\STM32F4xx_StdPeriph_Driver\\src\\stm32f4xx_rcc.c 0x00000000   Number         0  stm32f4xx_rcc.o ABSOLUTE
    ..\\..\\Libraries\\STM32F4xx_StdPeriph_Driver\\src\\stm32f4xx_rng.c 0x00000000   Number         0  stm32f4xx_rng.o ABSOLUTE
    ..\\..\\Libraries\\STM32F4xx_StdPeriph_Driver\\src\\stm32f4xx_rtc.c 0x00000000   Number         0  stm32f4xx_rtc.o ABSOLUTE
    ..\\..\\Libraries\\STM32F4xx_StdPeriph_Driver\\src\\stm32f4xx_sai.c 0x00000000   Number         0  stm32f4xx_sai.o ABSOLUTE
    ..\\..\\Libraries\\STM32F4xx_StdPeriph_Driver\\src\\stm32f4xx_sdio.c 0x00000000   Number         0  stm32f4xx_sdio.o ABSOLUTE
    ..\\..\\Libraries\\STM32F4xx_StdPeriph_Driver\\src\\stm32f4xx_spdifrx.c 0x00000000   Number         0  stm32f4xx_spdifrx.o ABSOLUTE
    ..\\..\\Libraries\\STM32F4xx_StdPeriph_Driver\\src\\stm32f4xx_spi.c 0x00000000   Number         0  stm32f4xx_spi.o ABSOLUTE
    ..\\..\\Libraries\\STM32F4xx_StdPeriph_Driver\\src\\stm32f4xx_syscfg.c 0x00000000   Number         0  stm32f4xx_syscfg.o ABSOLUTE
    ..\\..\\Libraries\\STM32F4xx_StdPeriph_Driver\\src\\stm32f4xx_tim.c 0x00000000   Number         0  stm32f4xx_tim.o ABSOLUTE
    ..\\..\\Libraries\\STM32F4xx_StdPeriph_Driver\\src\\stm32f4xx_usart.c 0x00000000   Number         0  stm32f4xx_usart.o ABSOLUTE
    ..\\..\\Libraries\\STM32F4xx_StdPeriph_Driver\\src\\stm32f4xx_wwdg.c 0x00000000   Number         0  stm32f4xx_wwdg.o ABSOLUTE
    ..\\..\\Moudle\\Ymodem\\ymodem.c         0x00000000   Number         0  ymodem.o ABSOLUTE
    ..\\..\\User\\FATFS\\diskio.c            0x00000000   Number         0  diskio.o ABSOLUTE
    ..\\..\\User\\FATFS\\ff.c                0x00000000   Number         0  ff.o ABSOLUTE
    ..\\..\\User\\FATFS\\option\\cc936.c     0x00000000   Number         0  cc936.o ABSOLUTE
    ..\\..\\User\\FATFS\\option\\syscall.c   0x00000000   Number         0  syscall.o ABSOLUTE
    ..\\..\\User\\FATFS\\user_filesystem.c   0x00000000   Number         0  user_filesystem.o ABSOLUTE
    ..\\..\\User\\flash\\bsp_spi_flash.c     0x00000000   Number         0  bsp_spi_flash.o ABSOLUTE
    ..\\..\\User\\led\\bsp_led.c             0x00000000   Number         0  bsp_led.o ABSOLUTE
    ..\\..\\User\\main.c                     0x00000000   Number         0  main.o ABSOLUTE
    ..\\..\\User\\sdram\\bsp_sdram.c         0x00000000   Number         0  bsp_sdram.o ABSOLUTE
    ..\\..\\User\\stm32f4xx_it.c             0x00000000   Number         0  stm32f4xx_it.o ABSOLUTE
    ..\\..\\User\\uart\\bsp_debug_usart.c    0x00000000   Number         0  bsp_debug_usart.o ABSOLUTE
    ..\\..\\User\\uart\\bsp_updata_usart.c   0x00000000   Number         0  bsp_updata_usart.o ABSOLUTE
    dc.s                                     0x00000000   Number         0  dc.o ABSOLUTE
    RESET                                    0x08000000   Section      428  startup_stm32f429_439xx.o(RESET)
    !!!main                                  0x080001ac   Section        8  __main.o(!!!main)
    !!!scatter                               0x080001b4   Section       52  __scatter.o(!!!scatter)
    !!handler_copy                           0x080001e8   Section       26  __scatter_copy.o(!!handler_copy)
    !!handler_zi                             0x08000204   Section       28  __scatter_zi.o(!!handler_zi)
    .ARM.Collect$$_printf_percent$$00000000  0x08000220   Section        0  _printf_percent.o(.ARM.Collect$$_printf_percent$$00000000)
    .ARM.Collect$$_printf_percent$$00000009  0x08000220   Section        6  _printf_d.o(.ARM.Collect$$_printf_percent$$00000009)
    .ARM.Collect$$_printf_percent$$0000000C  0x08000226   Section        6  _printf_x.o(.ARM.Collect$$_printf_percent$$0000000C)
    .ARM.Collect$$_printf_percent$$00000014  0x0800022c   Section        6  _printf_s.o(.ARM.Collect$$_printf_percent$$00000014)
    .ARM.Collect$$_printf_percent$$00000017  0x08000232   Section        4  _printf_percent_end.o(.ARM.Collect$$_printf_percent$$00000017)
    .ARM.Collect$$libinit$$00000000          0x08000236   Section        2  libinit.o(.ARM.Collect$$libinit$$00000000)
    .ARM.Collect$$libinit$$00000001          0x08000238   Section        4  libinit2.o(.ARM.Collect$$libinit$$00000001)
    .ARM.Collect$$libinit$$00000004          0x0800023c   Section        0  libinit2.o(.ARM.Collect$$libinit$$00000004)
    .ARM.Collect$$libinit$$0000000A          0x0800023c   Section        0  libinit2.o(.ARM.Collect$$libinit$$0000000A)
    .ARM.Collect$$libinit$$0000000C          0x0800023c   Section        0  libinit2.o(.ARM.Collect$$libinit$$0000000C)
    .ARM.Collect$$libinit$$0000000E          0x0800023c   Section        0  libinit2.o(.ARM.Collect$$libinit$$0000000E)
    .ARM.Collect$$libinit$$0000000F          0x0800023c   Section        6  libinit2.o(.ARM.Collect$$libinit$$0000000F)
    .ARM.Collect$$libinit$$00000011          0x08000242   Section        0  libinit2.o(.ARM.Collect$$libinit$$00000011)
    .ARM.Collect$$libinit$$00000012          0x08000242   Section       12  libinit2.o(.ARM.Collect$$libinit$$00000012)
    .ARM.Collect$$libinit$$00000013          0x0800024e   Section        0  libinit2.o(.ARM.Collect$$libinit$$00000013)
    .ARM.Collect$$libinit$$00000015          0x0800024e   Section        0  libinit2.o(.ARM.Collect$$libinit$$00000015)
    .ARM.Collect$$libinit$$00000017          0x0800024e   Section        0  libinit2.o(.ARM.Collect$$libinit$$00000017)
    .ARM.Collect$$libinit$$00000019          0x0800024e   Section        0  libinit2.o(.ARM.Collect$$libinit$$00000019)
    .ARM.Collect$$libinit$$0000001B          0x0800024e   Section        0  libinit2.o(.ARM.Collect$$libinit$$0000001B)
    .ARM.Collect$$libinit$$0000001D          0x0800024e   Section        0  libinit2.o(.ARM.Collect$$libinit$$0000001D)
    .ARM.Collect$$libinit$$0000001F          0x0800024e   Section        0  libinit2.o(.ARM.Collect$$libinit$$0000001F)
    .ARM.Collect$$libinit$$00000021          0x0800024e   Section        0  libinit2.o(.ARM.Collect$$libinit$$00000021)
    .ARM.Collect$$libinit$$00000023          0x0800024e   Section        0  libinit2.o(.ARM.Collect$$libinit$$00000023)
    .ARM.Collect$$libinit$$00000025          0x0800024e   Section        0  libinit2.o(.ARM.Collect$$libinit$$00000025)
    .ARM.Collect$$libinit$$0000002C          0x0800024e   Section        0  libinit2.o(.ARM.Collect$$libinit$$0000002C)
    .ARM.Collect$$libinit$$0000002E          0x0800024e   Section        0  libinit2.o(.ARM.Collect$$libinit$$0000002E)
    .ARM.Collect$$libinit$$00000030          0x0800024e   Section        0  libinit2.o(.ARM.Collect$$libinit$$00000030)
    .ARM.Collect$$libinit$$00000032          0x0800024e   Section        0  libinit2.o(.ARM.Collect$$libinit$$00000032)
    .ARM.Collect$$libinit$$00000033          0x0800024e   Section        2  libinit2.o(.ARM.Collect$$libinit$$00000033)
    .ARM.Collect$$libshutdown$$00000000      0x08000250   Section        2  libshutdown.o(.ARM.Collect$$libshutdown$$00000000)
    .ARM.Collect$$libshutdown$$00000002      0x08000252   Section        0  libshutdown2.o(.ARM.Collect$$libshutdown$$00000002)
    .ARM.Collect$$libshutdown$$00000004      0x08000252   Section        0  libshutdown2.o(.ARM.Collect$$libshutdown$$00000004)
    .ARM.Collect$$libshutdown$$00000007      0x08000252   Section        0  libshutdown2.o(.ARM.Collect$$libshutdown$$00000007)
    .ARM.Collect$$libshutdown$$0000000A      0x08000252   Section        0  libshutdown2.o(.ARM.Collect$$libshutdown$$0000000A)
    .ARM.Collect$$libshutdown$$0000000C      0x08000252   Section        0  libshutdown2.o(.ARM.Collect$$libshutdown$$0000000C)
    .ARM.Collect$$libshutdown$$0000000F      0x08000252   Section        0  libshutdown2.o(.ARM.Collect$$libshutdown$$0000000F)
    .ARM.Collect$$libshutdown$$00000010      0x08000252   Section        2  libshutdown2.o(.ARM.Collect$$libshutdown$$00000010)
    .ARM.Collect$$rtentry$$00000000          0x08000254   Section        0  __rtentry.o(.ARM.Collect$$rtentry$$00000000)
    .ARM.Collect$$rtentry$$00000002          0x08000254   Section        0  __rtentry2.o(.ARM.Collect$$rtentry$$00000002)
    .ARM.Collect$$rtentry$$00000004          0x08000254   Section        6  __rtentry4.o(.ARM.Collect$$rtentry$$00000004)
    .ARM.Collect$$rtentry$$00000009          0x0800025a   Section        0  __rtentry2.o(.ARM.Collect$$rtentry$$00000009)
    .ARM.Collect$$rtentry$$0000000A          0x0800025a   Section        4  __rtentry2.o(.ARM.Collect$$rtentry$$0000000A)
    .ARM.Collect$$rtentry$$0000000C          0x0800025e   Section        0  __rtentry2.o(.ARM.Collect$$rtentry$$0000000C)
    .ARM.Collect$$rtentry$$0000000D          0x0800025e   Section        8  __rtentry2.o(.ARM.Collect$$rtentry$$0000000D)
    .ARM.Collect$$rtexit$$00000000           0x08000266   Section        2  rtexit.o(.ARM.Collect$$rtexit$$00000000)
    .ARM.Collect$$rtexit$$00000002           0x08000268   Section        0  rtexit2.o(.ARM.Collect$$rtexit$$00000002)
    .ARM.Collect$$rtexit$$00000003           0x08000268   Section        4  rtexit2.o(.ARM.Collect$$rtexit$$00000003)
    .ARM.Collect$$rtexit$$00000004           0x0800026c   Section        6  rtexit2.o(.ARM.Collect$$rtexit$$00000004)
    .emb_text                                0x08000274   Section      182  port.o(.emb_text)
    $v0                                      0x08000274   Number         0  port.o(.emb_text)
    .text                                    0x0800032c   Section       64  startup_stm32f429_439xx.o(.text)
    $v0                                      0x0800032c   Number         0  startup_stm32f429_439xx.o(.text)
    .text                                    0x0800036c   Section        2  use_no_semi_2.o(.text)
    .text                                    0x08000370   Section        0  noretval__2printf.o(.text)
    .text                                    0x08000388   Section        0  __printf.o(.text)
    .text                                    0x080003f0   Section        0  _printf_str.o(.text)
    .text                                    0x08000444   Section        0  _printf_dec.o(.text)
    .text                                    0x080004bc   Section        0  _printf_hex_int.o(.text)
    .text                                    0x08000514   Section        0  __0sscanf.o(.text)
    .text                                    0x08000550   Section        0  _scanf_int.o(.text)
    .text                                    0x0800069c   Section      138  rt_memcpy_v6.o(.text)
    .text                                    0x08000726   Section       68  rt_memclr.o(.text)
    .text                                    0x0800076a   Section        0  heapauxi.o(.text)
    .text                                    0x08000770   Section        2  use_no_semi.o(.text)
    .text                                    0x08000772   Section        0  _printf_intcommon.o(.text)
    .text                                    0x08000824   Section        0  _printf_char.o(.text)
    .text                                    0x08000850   Section        0  _printf_char_file.o(.text)
    .text                                    0x08000874   Section        0  _chval.o(.text)
    .text                                    0x08000890   Section        0  scanf_char.o(.text)
    _scanf_char_input                        0x08000891   Thumb Code    12  scanf_char.o(.text)
    .text                                    0x080008bc   Section        0  _sgetc.o(.text)
    .text                                    0x080008fc   Section      100  rt_memcpy_w.o(.text)
    .text                                    0x08000960   Section       78  rt_memclr_w.o(.text)
    .text                                    0x080009ae   Section        0  isspace.o(.text)
    .text                                    0x080009c0   Section        0  _printf_char_common.o(.text)
    _printf_input_char                       0x080009c1   Thumb Code    10  _printf_char_common.o(.text)
    .text                                    0x080009f0   Section        0  _scanf.o(.text)
    .text                                    0x08000d64   Section        0  ferror.o(.text)
    .text                                    0x08000d6c   Section       74  sys_stackheap_outer.o(.text)
    .text                                    0x08000db8   Section       16  rt_ctype_table.o(.text)
    .text                                    0x08000dc8   Section        0  exit.o(.text)
    .text                                    0x08000ddc   Section        8  libspace.o(.text)
    .text                                    0x08000de4   Section        8  rt_locale_intlibspace.o(.text)
    .text                                    0x08000dec   Section      128  strcmpv7m.o(.text)
    i.AppTaskCreate                          0x08000e6c   Section        0  main.o(i.AppTaskCreate)
    AppTaskCreate                            0x08000e6d   Thumb Code    54  main.o(i.AppTaskCreate)
    i.BusFault_Handler                       0x08000ed4   Section        0  stm32f4xx_it.o(i.BusFault_Handler)
    i.DebugMon_Handler                       0x08000ed6   Section        0  stm32f4xx_it.o(i.DebugMon_Handler)
    i.FMC_GetFlagStatus                      0x08000ed8   Section        0  stm32f4xx_fmc.o(i.FMC_GetFlagStatus)
    i.FMC_SDRAMCmdConfig                     0x08000f0e   Section        0  stm32f4xx_fmc.o(i.FMC_SDRAMCmdConfig)
    i.FMC_SDRAMInit                          0x08000f30   Section        0  stm32f4xx_fmc.o(i.FMC_SDRAMInit)
    i.FMC_SetRefreshCount                    0x08001050   Section        0  stm32f4xx_fmc.o(i.FMC_SetRefreshCount)
    i.GPIO_Init                              0x08001062   Section        0  stm32f4xx_gpio.o(i.GPIO_Init)
    i.GPIO_PinAFConfig                       0x080010da   Section        0  stm32f4xx_gpio.o(i.GPIO_PinAFConfig)
    i.HardFault_Handler                      0x080010fa   Section        0  stm32f4xx_it.o(i.HardFault_Handler)
    i.MemManage_Handler                      0x080010fc   Section        0  stm32f4xx_it.o(i.MemManage_Handler)
    i.NMI_Handler                            0x080010fe   Section        0  stm32f4xx_it.o(i.NMI_Handler)
    i.NVIC_Init                              0x08001100   Section        0  misc.o(i.NVIC_Init)
    i.NVIC_PriorityGroupConfig               0x08001164   Section        0  misc.o(i.NVIC_PriorityGroupConfig)
    i.RCC_AHB1PeriphClockCmd                 0x08001178   Section        0  stm32f4xx_rcc.o(i.RCC_AHB1PeriphClockCmd)
    i.RCC_AHB3PeriphClockCmd                 0x08001190   Section        0  stm32f4xx_rcc.o(i.RCC_AHB3PeriphClockCmd)
    i.RCC_APB1PeriphClockCmd                 0x080011a8   Section        0  stm32f4xx_rcc.o(i.RCC_APB1PeriphClockCmd)
    i.RCC_APB2PeriphClockCmd                 0x080011c0   Section        0  stm32f4xx_rcc.o(i.RCC_APB2PeriphClockCmd)
    i.RCC_GetClocksFreq                      0x080011d8   Section        0  stm32f4xx_rcc.o(i.RCC_GetClocksFreq)
    i.SDRAM_GPIO_Config                      0x0800126c   Section        0  bsp_sdram.o(i.SDRAM_GPIO_Config)
    SDRAM_GPIO_Config                        0x0800126d   Thumb Code   874  bsp_sdram.o(i.SDRAM_GPIO_Config)
    i.SDRAM_Init                             0x080015f0   Section        0  bsp_sdram.o(i.SDRAM_Init)
    i.SDRAM_InitSequence                     0x08001648   Section        0  bsp_sdram.o(i.SDRAM_InitSequence)
    SDRAM_InitSequence                       0x08001649   Thumb Code   158  bsp_sdram.o(i.SDRAM_InitSequence)
    i.SPI_Cmd                                0x080016ec   Section        0  stm32f4xx_spi.o(i.SPI_Cmd)
    i.SPI_FLASH_Init                         0x08001700   Section        0  bsp_spi_flash.o(i.SPI_FLASH_Init)
    i.SPI_Init                               0x080017d4   Section        0  stm32f4xx_spi.o(i.SPI_Init)
    i.SetSysClock                            0x0800180c   Section        0  system_stm32f4xx.o(i.SetSysClock)
    SetSysClock                              0x0800180d   Thumb Code   190  system_stm32f4xx.o(i.SetSysClock)
    i.SysTick_Handler                        0x080018dc   Section        0  stm32f4xx_it.o(i.SysTick_Handler)
    i.SystemInit                             0x080018f0   Section        0  system_stm32f4xx.o(i.SystemInit)
    i.Test_Task                              0x0800194c   Section        0  main.o(i.Test_Task)
    Test_Task                                0x0800194d   Thumb Code    42  main.o(i.Test_Task)
    i.USART2_IRQHandler                      0x080019c0   Section        0  bsp_updata_usart.o(i.USART2_IRQHandler)
    i.USART_Cmd                              0x08001a00   Section        0  stm32f4xx_usart.o(i.USART_Cmd)
    i.USART_GetFlagStatus                    0x08001a14   Section        0  stm32f4xx_usart.o(i.USART_GetFlagStatus)
    i.USART_GetITStatus                      0x08001a22   Section        0  stm32f4xx_usart.o(i.USART_GetITStatus)
    i.USART_ITConfig                         0x08001a60   Section        0  stm32f4xx_usart.o(i.USART_ITConfig)
    i.USART_Init                             0x08001a90   Section        0  stm32f4xx_usart.o(i.USART_Init)
    i.USART_ReceiveData                      0x08001b3c   Section        0  stm32f4xx_usart.o(i.USART_ReceiveData)
    i.USART_SendData                         0x08001b44   Section        0  stm32f4xx_usart.o(i.USART_SendData)
    i.UsageFault_Handler                     0x08001b4c   Section        0  stm32f4xx_it.o(i.UsageFault_Handler)
    i._sys_exit                              0x08001b4e   Section        0  bsp_debug_usart.o(i._sys_exit)
    i.fputc                                  0x08001b50   Section        0  bsp_debug_usart.o(i.fputc)
    i.main                                   0x08001b74   Section        0  main.o(i.main)
    i.prvAddCurrentTaskToDelayedList         0x08001c18   Section        0  tasks.o(i.prvAddCurrentTaskToDelayedList)
    prvAddCurrentTaskToDelayedList           0x08001c19   Thumb Code   102  tasks.o(i.prvAddCurrentTaskToDelayedList)
    i.prvAddNewTaskToReadyList               0x08001c88   Section        0  tasks.o(i.prvAddNewTaskToReadyList)
    prvAddNewTaskToReadyList                 0x08001c89   Thumb Code   190  tasks.o(i.prvAddNewTaskToReadyList)
    i.prvCheckTasksWaitingTermination        0x08001d58   Section        0  tasks.o(i.prvCheckTasksWaitingTermination)
    prvCheckTasksWaitingTermination          0x08001d59   Thumb Code    74  tasks.o(i.prvCheckTasksWaitingTermination)
    i.prvDeleteTCB                           0x08001dac   Section        0  tasks.o(i.prvDeleteTCB)
    prvDeleteTCB                             0x08001dad   Thumb Code    20  tasks.o(i.prvDeleteTCB)
    i.prvIdleTask                            0x08001dc0   Section        0  tasks.o(i.prvIdleTask)
    prvIdleTask                              0x08001dc1   Thumb Code    30  tasks.o(i.prvIdleTask)
    i.prvInitialiseNewTask                   0x08001de8   Section        0  tasks.o(i.prvInitialiseNewTask)
    prvInitialiseNewTask                     0x08001de9   Thumb Code   142  tasks.o(i.prvInitialiseNewTask)
    i.prvInsertBlockIntoFreeList             0x08001ea4   Section        0  heap_5.o(i.prvInsertBlockIntoFreeList)
    prvInsertBlockIntoFreeList               0x08001ea5   Thumb Code    72  heap_5.o(i.prvInsertBlockIntoFreeList)
    i.prvResetNextTaskUnblockTime            0x08001ef0   Section        0  tasks.o(i.prvResetNextTaskUnblockTime)
    prvResetNextTaskUnblockTime              0x08001ef1   Thumb Code    26  tasks.o(i.prvResetNextTaskUnblockTime)
    i.prvTaskExitError                       0x08001f10   Section        0  port.o(i.prvTaskExitError)
    prvTaskExitError                         0x08001f11   Thumb Code    36  port.o(i.prvTaskExitError)
    i.prv_cYmodem_Get_File_Info              0x08001f74   Section        0  ymodem.o(i.prv_cYmodem_Get_File_Info)
    i.prv_cYmodem_TimeOut                    0x08002074   Section        0  ymodem.o(i.prv_cYmodem_TimeOut)
    i.pvPortMalloc                           0x080020ac   Section        0  heap_5.o(i.pvPortMalloc)
    i.pxPortInitialiseStack                  0x08002184   Section        0  port.o(i.pxPortInitialiseStack)
    i.uiUpdata_Usart_Get_Buff                0x080021b0   Section        0  bsp_updata_usart.o(i.uiUpdata_Usart_Get_Buff)
    i.uiUpdata_Usart_Get_Num                 0x080021c8   Section        0  bsp_updata_usart.o(i.uiUpdata_Usart_Get_Num)
    i.uxListRemove                           0x080021d4   Section        0  list.o(i.uxListRemove)
    i.vDebug_USART_Config                    0x080021f8   Section        0  bsp_debug_usart.o(i.vDebug_USART_Config)
    i.vLedGpioConfig                         0x080022b4   Section        0  bsp_led.o(i.vLedGpioConfig)
    i.vListInitialise                        0x080022ec   Section        0  list.o(i.vListInitialise)
    i.vListInitialiseItem                    0x08002302   Section        0  list.o(i.vListInitialiseItem)
    i.vListInsert                            0x08002308   Section        0  list.o(i.vListInsert)
    i.vListInsertEnd                         0x08002338   Section        0  list.o(i.vListInsertEnd)
    i.vPortDefineHeapRegions                 0x08002350   Section        0  heap_5.o(i.vPortDefineHeapRegions)
    i.vPortEnterCritical                     0x0800244c   Section        0  port.o(i.vPortEnterCritical)
    i.vPortExitCritical                      0x080024c4   Section        0  port.o(i.vPortExitCritical)
    i.vPortFree                              0x08002528   Section        0  heap_5.o(i.vPortFree)
    i.vPortSetupTimerInterrupt               0x080025c4   Section        0  port.o(i.vPortSetupTimerInterrupt)
    i.vTaskDelay                             0x080025e4   Section        0  tasks.o(i.vTaskDelay)
    i.vTaskDelete                            0x08002658   Section        0  tasks.o(i.vTaskDelete)
    i.vTaskStartScheduler                    0x0800272c   Section        0  tasks.o(i.vTaskStartScheduler)
    i.vTaskSuspendAll                        0x080027c0   Section        0  tasks.o(i.vTaskSuspendAll)
    i.vTaskSwitchContext                     0x080027d0   Section        0  tasks.o(i.vTaskSwitchContext)
    i.vUpdata_USART_Config                   0x08002854   Section        0  bsp_updata_usart.o(i.vUpdata_USART_Config)
    i.vUpdata_Usart_Clear_Buff               0x08002910   Section        0  bsp_updata_usart.o(i.vUpdata_Usart_Clear_Buff)
    i.vUpdata_Usart_SendByte                 0x0800292c   Section        0  bsp_updata_usart.o(i.vUpdata_Usart_SendByte)
    i.vYmodem_Handle                         0x0800294c   Section        0  ymodem.o(i.vYmodem_Handle)
    i.vYmodem_Init                           0x08002ac0   Section        0  ymodem.o(i.vYmodem_Init)
    i.xPortStartScheduler                    0x08002ac4   Section        0  port.o(i.xPortStartScheduler)
    i.xPortSysTickHandler                    0x08002bd8   Section        0  port.o(i.xPortSysTickHandler)
    i.xTaskCreate                            0x08002c04   Section        0  tasks.o(i.xTaskCreate)
    i.xTaskGetSchedulerState                 0x08002c5c   Section        0  tasks.o(i.xTaskGetSchedulerState)
    i.xTaskIncrementTick                     0x08002c78   Section        0  tasks.o(i.xTaskIncrementTick)
    i.xTaskResumeAll                         0x08002d68   Section        0  tasks.o(i.xTaskResumeAll)
    locale$$code                             0x08002e54   Section       44  lc_ctype_c.o(locale$$code)
    x$fpl$fpinit                             0x08002e80   Section       10  fpinit.o(x$fpl$fpinit)
    $v0                                      0x08002e80   Number         0  fpinit.o(x$fpl$fpinit)
    .constdata                               0x08002e8a   Section       40  _printf_hex_int.o(.constdata)
    uc_hextab                                0x08002e8a   Data          20  _printf_hex_int.o(.constdata)
    lc_hextab                                0x08002e9e   Data          20  _printf_hex_int.o(.constdata)
    locale$$data                             0x08002ed4   Section      272  lc_ctype_c.o(locale$$data)
    __lcctype_c_name                         0x08002ed8   Data           2  lc_ctype_c.o(locale$$data)
    __lcctype_c_start                        0x08002ee0   Data           0  lc_ctype_c.o(locale$$data)
    __lcctype_c_end                          0x08002fe4   Data           0  lc_ctype_c.o(locale$$data)
    .data                                    0x20000000   Section       20  system_stm32f4xx.o(.data)
    .data                                    0x20000014   Section       16  stm32f4xx_rcc.o(.data)
    APBAHBPrescTable                         0x20000014   Data          16  stm32f4xx_rcc.o(.data)
    .data                                    0x20000024   Section       24  main.o(.data)
    AppTaskCreate_Handle                     0x20000024   Data           4  main.o(.data)
    Test_Task_Handle                         0x20000028   Data           4  main.o(.data)
    .data                                    0x2000003c   Section        4  bsp_debug_usart.o(.data)
    .data                                    0x20000040   Section        2  bsp_updata_usart.o(.data)
    .data                                    0x20000044   Section       16  ymodem.o(.data)
    s_ymodem_write_cnt                       0x2000004c   Data           4  ymodem.o(.data)
    s_ymodem_file_size                       0x20000050   Data           4  ymodem.o(.data)
    .data                                    0x20000054   Section       60  tasks.o(.data)
    uxDeletedTasksWaitingCleanUp             0x20000058   Data           4  tasks.o(.data)
    uxCurrentNumberOfTasks                   0x2000005c   Data           4  tasks.o(.data)
    xTickCount                               0x20000060   Data           4  tasks.o(.data)
    uxTopReadyPriority                       0x20000064   Data           4  tasks.o(.data)
    xSchedulerRunning                        0x20000068   Data           4  tasks.o(.data)
    uxPendedTicks                            0x2000006c   Data           4  tasks.o(.data)
    xYieldPending                            0x20000070   Data           4  tasks.o(.data)
    xNumOfOverflows                          0x20000074   Data           4  tasks.o(.data)
    uxTaskNumber                             0x20000078   Data           4  tasks.o(.data)
    xNextTaskUnblockTime                     0x2000007c   Data           4  tasks.o(.data)
    xIdleTaskHandle                          0x20000080   Data           4  tasks.o(.data)
    uxSchedulerSuspended                     0x20000084   Data           4  tasks.o(.data)
    pxDelayedTaskList                        0x20000088   Data           4  tasks.o(.data)
    pxOverflowDelayedTaskList                0x2000008c   Data           4  tasks.o(.data)
    .data                                    0x20000090   Section       12  port.o(.data)
    ucMaxSysCallPriority                     0x20000090   Data           1  port.o(.data)
    uxCriticalNesting                        0x20000094   Data           4  port.o(.data)
    ulMaxPRIGROUPValue                       0x20000098   Data           4  port.o(.data)
    .data                                    0x2000009c   Section       24  heap_5.o(.data)
    pxEnd                                    0x2000009c   Data           4  heap_5.o(.data)
    xFreeBytesRemaining                      0x200000a0   Data           4  heap_5.o(.data)
    xMinimumEverFreeBytesRemaining           0x200000a4   Data           4  heap_5.o(.data)
    xBlockAllocatedBit                       0x200000a8   Data           4  heap_5.o(.data)
    xStart                                   0x200000ac   Data           8  heap_5.o(.data)
    .bss                                     0x200000b4   Section     1314  bsp_updata_usart.o(.bss)
    .bss                                     0x200005d6   Section      256  ymodem.o(.bss)
    .bss                                     0x200006d8   Section      740  tasks.o(.bss)
    pxReadyTasksLists                        0x200006d8   Data         640  tasks.o(.bss)
    xDelayedTaskList1                        0x20000958   Data          20  tasks.o(.bss)
    xDelayedTaskList2                        0x2000096c   Data          20  tasks.o(.bss)
    xPendingReadyList                        0x20000980   Data          20  tasks.o(.bss)
    xTasksWaitingTermination                 0x20000994   Data          20  tasks.o(.bss)
    xSuspendedTaskList                       0x200009a8   Data          20  tasks.o(.bss)
    .bss                                     0x200009bc   Section       96  libspace.o(.bss)
    HEAP                                     0x20000a20   Section      512  startup_stm32f429_439xx.o(HEAP)
    Heap_Mem                                 0x20000a20   Data         512  startup_stm32f429_439xx.o(HEAP)
    STACK                                    0x20000c20   Section     1024  startup_stm32f429_439xx.o(STACK)
    Stack_Mem                                0x20000c20   Data        1024  startup_stm32f429_439xx.o(STACK)
    __initial_sp                             0x20001020   Data           0  startup_stm32f429_439xx.o(STACK)

    Global Symbols

    Symbol Name                              Value     Ov Type        Size  Object(Section)

    BuildAttributes$$THM_ISAv4$E$P$D$K$B$S$7EM$VFPi3$EXTD16$VFPS$VFMA$PE$A:L22UL41UL21$X:L11$S22US41US21$IEEE1$IW$USESV6$~STKCKD$USESV7$~SHL$OSPACE$ROPI$EBA8$UX$STANDARDLIB$REQ8$PRES8$EABIv2 0x00000000   Number         0  anon$$obj.o ABSOLUTE
    __ARM_use_no_argv                        0x00000000   Number         0  main.o ABSOLUTE
    __ARM_exceptions_init                     - Undefined Weak Reference
    __alloca_initialize                       - Undefined Weak Reference
    __arm_preinit_                            - Undefined Weak Reference
    __cpp_initialize__aeabi_                  - Undefined Weak Reference
    __cxa_finalize                            - Undefined Weak Reference
    __sigvec_lookup                           - Undefined Weak Reference
    _atexit_init                              - Undefined Weak Reference
    _call_atexit_fns                          - Undefined Weak Reference
    _clock_init                               - Undefined Weak Reference
    _fp_trap_init                             - Undefined Weak Reference
    _fp_trap_shutdown                         - Undefined Weak Reference
    _get_lc_collate                           - Undefined Weak Reference
    _get_lc_monetary                          - Undefined Weak Reference
    _get_lc_numeric                           - Undefined Weak Reference
    _get_lc_time                              - Undefined Weak Reference
    _getenv_init                              - Undefined Weak Reference
    _handle_redirection                       - Undefined Weak Reference
    _init_alloc                               - Undefined Weak Reference
    _init_user_alloc                          - Undefined Weak Reference
    _initio                                   - Undefined Weak Reference
    _mutex_acquire                            - Undefined Weak Reference
    _mutex_release                            - Undefined Weak Reference
    _printf_mbtowc                            - Undefined Weak Reference
    _printf_post_padding                      - Undefined Weak Reference
    _printf_pre_padding                       - Undefined Weak Reference
    _printf_truncate_signed                   - Undefined Weak Reference
    _printf_truncate_unsigned                 - Undefined Weak Reference
    _rand_init                                - Undefined Weak Reference
    _scanf_longlong                           - Undefined Weak Reference
    _scanf_mbtowc                             - Undefined Weak Reference
    _scanf_real                               - Undefined Weak Reference
    _scanf_string                             - Undefined Weak Reference
    _scanf_wctomb                             - Undefined Weak Reference
    _scanf_wstring                            - Undefined Weak Reference
    _signal_finish                            - Undefined Weak Reference
    _signal_init                              - Undefined Weak Reference
    _terminate_alloc                          - Undefined Weak Reference
    _terminate_user_alloc                     - Undefined Weak Reference
    _terminateio                              - Undefined Weak Reference
    __Vectors_Size                           0x000001ac   Number         0  startup_stm32f429_439xx.o ABSOLUTE
    __Vectors                                0x08000000   Data           4  startup_stm32f429_439xx.o(RESET)
    __Vectors_End                            0x080001ac   Data           0  startup_stm32f429_439xx.o(RESET)
    __main                                   0x080001ad   Thumb Code     8  __main.o(!!!main)
    __scatterload                            0x080001b5   Thumb Code     0  __scatter.o(!!!scatter)
    __scatterload_rt2                        0x080001b5   Thumb Code    44  __scatter.o(!!!scatter)
    __scatterload_rt2_thumb_only             0x080001b5   Thumb Code     0  __scatter.o(!!!scatter)
    __scatterload_null                       0x080001c3   Thumb Code     0  __scatter.o(!!!scatter)
    __scatterload_copy                       0x080001e9   Thumb Code    26  __scatter_copy.o(!!handler_copy)
    __scatterload_zeroinit                   0x08000205   Thumb Code    28  __scatter_zi.o(!!handler_zi)
    _printf_d                                0x08000221   Thumb Code     0  _printf_d.o(.ARM.Collect$$_printf_percent$$00000009)
    _printf_percent                          0x08000221   Thumb Code     0  _printf_percent.o(.ARM.Collect$$_printf_percent$$00000000)
    _printf_x                                0x08000227   Thumb Code     0  _printf_x.o(.ARM.Collect$$_printf_percent$$0000000C)
    _printf_s                                0x0800022d   Thumb Code     0  _printf_s.o(.ARM.Collect$$_printf_percent$$00000014)
    _printf_percent_end                      0x08000233   Thumb Code     0  _printf_percent_end.o(.ARM.Collect$$_printf_percent$$00000017)
    __rt_lib_init                            0x08000237   Thumb Code     0  libinit.o(.ARM.Collect$$libinit$$00000000)
    __rt_lib_init_fp_1                       0x08000239   Thumb Code     0  libinit2.o(.ARM.Collect$$libinit$$00000001)
    __rt_lib_init_heap_1                     0x0800023d   Thumb Code     0  libinit2.o(.ARM.Collect$$libinit$$0000000A)
    __rt_lib_init_lc_common                  0x0800023d   Thumb Code     0  libinit2.o(.ARM.Collect$$libinit$$0000000F)
    __rt_lib_init_preinit_1                  0x0800023d   Thumb Code     0  libinit2.o(.ARM.Collect$$libinit$$00000004)
    __rt_lib_init_rand_1                     0x0800023d   Thumb Code     0  libinit2.o(.ARM.Collect$$libinit$$0000000E)
    __rt_lib_init_user_alloc_1               0x0800023d   Thumb Code     0  libinit2.o(.ARM.Collect$$libinit$$0000000C)
    __rt_lib_init_lc_collate_1               0x08000243   Thumb Code     0  libinit2.o(.ARM.Collect$$libinit$$00000011)
    __rt_lib_init_lc_ctype_2                 0x08000243   Thumb Code     0  libinit2.o(.ARM.Collect$$libinit$$00000012)
    __rt_lib_init_alloca_1                   0x0800024f   Thumb Code     0  libinit2.o(.ARM.Collect$$libinit$$0000002E)
    __rt_lib_init_argv_1                     0x0800024f   Thumb Code     0  libinit2.o(.ARM.Collect$$libinit$$0000002C)
    __rt_lib_init_atexit_1                   0x0800024f   Thumb Code     0  libinit2.o(.ARM.Collect$$libinit$$0000001B)
    __rt_lib_init_clock_1                    0x0800024f   Thumb Code     0  libinit2.o(.ARM.Collect$$libinit$$00000021)
    __rt_lib_init_cpp_1                      0x0800024f   Thumb Code     0  libinit2.o(.ARM.Collect$$libinit$$00000032)
    __rt_lib_init_exceptions_1               0x0800024f   Thumb Code     0  libinit2.o(.ARM.Collect$$libinit$$00000030)
    __rt_lib_init_fp_trap_1                  0x0800024f   Thumb Code     0  libinit2.o(.ARM.Collect$$libinit$$0000001F)
    __rt_lib_init_getenv_1                   0x0800024f   Thumb Code     0  libinit2.o(.ARM.Collect$$libinit$$00000023)
    __rt_lib_init_lc_ctype_1                 0x0800024f   Thumb Code     0  libinit2.o(.ARM.Collect$$libinit$$00000013)
    __rt_lib_init_lc_monetary_1              0x0800024f   Thumb Code     0  libinit2.o(.ARM.Collect$$libinit$$00000015)
    __rt_lib_init_lc_numeric_1               0x0800024f   Thumb Code     0  libinit2.o(.ARM.Collect$$libinit$$00000017)
    __rt_lib_init_lc_time_1                  0x0800024f   Thumb Code     0  libinit2.o(.ARM.Collect$$libinit$$00000019)
    __rt_lib_init_return                     0x0800024f   Thumb Code     0  libinit2.o(.ARM.Collect$$libinit$$00000033)
    __rt_lib_init_signal_1                   0x0800024f   Thumb Code     0  libinit2.o(.ARM.Collect$$libinit$$0000001D)
    __rt_lib_init_stdio_1                    0x0800024f   Thumb Code     0  libinit2.o(.ARM.Collect$$libinit$$00000025)
    __rt_lib_shutdown                        0x08000251   Thumb Code     0  libshutdown.o(.ARM.Collect$$libshutdown$$00000000)
    __rt_lib_shutdown_cpp_1                  0x08000253   Thumb Code     0  libshutdown2.o(.ARM.Collect$$libshutdown$$00000002)
    __rt_lib_shutdown_fp_trap_1              0x08000253   Thumb Code     0  libshutdown2.o(.ARM.Collect$$libshutdown$$00000007)
    __rt_lib_shutdown_heap_1                 0x08000253   Thumb Code     0  libshutdown2.o(.ARM.Collect$$libshutdown$$0000000F)
    __rt_lib_shutdown_return                 0x08000253   Thumb Code     0  libshutdown2.o(.ARM.Collect$$libshutdown$$00000010)
    __rt_lib_shutdown_signal_1               0x08000253   Thumb Code     0  libshutdown2.o(.ARM.Collect$$libshutdown$$0000000A)
    __rt_lib_shutdown_stdio_1                0x08000253   Thumb Code     0  libshutdown2.o(.ARM.Collect$$libshutdown$$00000004)
    __rt_lib_shutdown_user_alloc_1           0x08000253   Thumb Code     0  libshutdown2.o(.ARM.Collect$$libshutdown$$0000000C)
    __rt_entry                               0x08000255   Thumb Code     0  __rtentry.o(.ARM.Collect$$rtentry$$00000000)
    __rt_entry_presh_1                       0x08000255   Thumb Code     0  __rtentry2.o(.ARM.Collect$$rtentry$$00000002)
    __rt_entry_sh                            0x08000255   Thumb Code     0  __rtentry4.o(.ARM.Collect$$rtentry$$00000004)
    __rt_entry_li                            0x0800025b   Thumb Code     0  __rtentry2.o(.ARM.Collect$$rtentry$$0000000A)
    __rt_entry_postsh_1                      0x0800025b   Thumb Code     0  __rtentry2.o(.ARM.Collect$$rtentry$$00000009)
    __rt_entry_main                          0x0800025f   Thumb Code     0  __rtentry2.o(.ARM.Collect$$rtentry$$0000000D)
    __rt_entry_postli_1                      0x0800025f   Thumb Code     0  __rtentry2.o(.ARM.Collect$$rtentry$$0000000C)
    __rt_exit                                0x08000267   Thumb Code     0  rtexit.o(.ARM.Collect$$rtexit$$00000000)
    __rt_exit_ls                             0x08000269   Thumb Code     0  rtexit2.o(.ARM.Collect$$rtexit$$00000003)
    __rt_exit_prels_1                        0x08000269   Thumb Code     0  rtexit2.o(.ARM.Collect$$rtexit$$00000002)
    __rt_exit_exit                           0x0800026d   Thumb Code     0  rtexit2.o(.ARM.Collect$$rtexit$$00000004)
    SVC_Handler                              0x08000275   Thumb Code    28  port.o(.emb_text)
    __asm___6_port_c_39a90d8d__prvStartFirstTask 0x08000295   Thumb Code    28  port.o(.emb_text)
    __asm___6_port_c_39a90d8d__prvEnableVFP  0x080002b5   Thumb Code    16  port.o(.emb_text)
    PendSV_Handler                           0x080002c9   Thumb Code    88  port.o(.emb_text)
    vPortGetIPSR                             0x08000325   Thumb Code     6  port.o(.emb_text)
    Reset_Handler                            0x0800032d   Thumb Code     8  startup_stm32f429_439xx.o(.text)
    ADC_IRQHandler                           0x08000347   Thumb Code     0  startup_stm32f429_439xx.o(.text)
    CAN1_RX0_IRQHandler                      0x08000347   Thumb Code     0  startup_stm32f429_439xx.o(.text)
    CAN1_RX1_IRQHandler                      0x08000347   Thumb Code     0  startup_stm32f429_439xx.o(.text)
    CAN1_SCE_IRQHandler                      0x08000347   Thumb Code     0  startup_stm32f429_439xx.o(.text)
    CAN1_TX_IRQHandler                       0x08000347   Thumb Code     0  startup_stm32f429_439xx.o(.text)
    CAN2_RX0_IRQHandler                      0x08000347   Thumb Code     0  startup_stm32f429_439xx.o(.text)
    CAN2_RX1_IRQHandler                      0x08000347   Thumb Code     0  startup_stm32f429_439xx.o(.text)
    CAN2_SCE_IRQHandler                      0x08000347   Thumb Code     0  startup_stm32f429_439xx.o(.text)
    CAN2_TX_IRQHandler                       0x08000347   Thumb Code     0  startup_stm32f429_439xx.o(.text)
    CRYP_IRQHandler                          0x08000347   Thumb Code     0  startup_stm32f429_439xx.o(.text)
    DCMI_IRQHandler                          0x08000347   Thumb Code     0  startup_stm32f429_439xx.o(.text)
    DMA1_Stream0_IRQHandler                  0x08000347   Thumb Code     0  startup_stm32f429_439xx.o(.text)
    DMA1_Stream1_IRQHandler                  0x08000347   Thumb Code     0  startup_stm32f429_439xx.o(.text)
    DMA1_Stream2_IRQHandler                  0x08000347   Thumb Code     0  startup_stm32f429_439xx.o(.text)
    DMA1_Stream3_IRQHandler                  0x08000347   Thumb Code     0  startup_stm32f429_439xx.o(.text)
    DMA1_Stream4_IRQHandler                  0x08000347   Thumb Code     0  startup_stm32f429_439xx.o(.text)
    DMA1_Stream5_IRQHandler                  0x08000347   Thumb Code     0  startup_stm32f429_439xx.o(.text)
    DMA1_Stream6_IRQHandler                  0x08000347   Thumb Code     0  startup_stm32f429_439xx.o(.text)
    DMA1_Stream7_IRQHandler                  0x08000347   Thumb Code     0  startup_stm32f429_439xx.o(.text)
    DMA2D_IRQHandler                         0x08000347   Thumb Code     0  startup_stm32f429_439xx.o(.text)
    DMA2_Stream0_IRQHandler                  0x08000347   Thumb Code     0  startup_stm32f429_439xx.o(.text)
    DMA2_Stream1_IRQHandler                  0x08000347   Thumb Code     0  startup_stm32f429_439xx.o(.text)
    DMA2_Stream2_IRQHandler                  0x08000347   Thumb Code     0  startup_stm32f429_439xx.o(.text)
    DMA2_Stream3_IRQHandler                  0x08000347   Thumb Code     0  startup_stm32f429_439xx.o(.text)
    DMA2_Stream4_IRQHandler                  0x08000347   Thumb Code     0  startup_stm32f429_439xx.o(.text)
    DMA2_Stream5_IRQHandler                  0x08000347   Thumb Code     0  startup_stm32f429_439xx.o(.text)
    DMA2_Stream6_IRQHandler                  0x08000347   Thumb Code     0  startup_stm32f429_439xx.o(.text)
    DMA2_Stream7_IRQHandler                  0x08000347   Thumb Code     0  startup_stm32f429_439xx.o(.text)
    ETH_IRQHandler                           0x08000347   Thumb Code     0  startup_stm32f429_439xx.o(.text)
    ETH_WKUP_IRQHandler                      0x08000347   Thumb Code     0  startup_stm32f429_439xx.o(.text)
    EXTI0_IRQHandler                         0x08000347   Thumb Code     0  startup_stm32f429_439xx.o(.text)
    EXTI15_10_IRQHandler                     0x08000347   Thumb Code     0  startup_stm32f429_439xx.o(.text)
    EXTI1_IRQHandler                         0x08000347   Thumb Code     0  startup_stm32f429_439xx.o(.text)
    EXTI2_IRQHandler                         0x08000347   Thumb Code     0  startup_stm32f429_439xx.o(.text)
    EXTI3_IRQHandler                         0x08000347   Thumb Code     0  startup_stm32f429_439xx.o(.text)
    EXTI4_IRQHandler                         0x08000347   Thumb Code     0  startup_stm32f429_439xx.o(.text)
    EXTI9_5_IRQHandler                       0x08000347   Thumb Code     0  startup_stm32f429_439xx.o(.text)
    FLASH_IRQHandler                         0x08000347   Thumb Code     0  startup_stm32f429_439xx.o(.text)
    FMC_IRQHandler                           0x08000347   Thumb Code     0  startup_stm32f429_439xx.o(.text)
    FPU_IRQHandler                           0x08000347   Thumb Code     0  startup_stm32f429_439xx.o(.text)
    HASH_RNG_IRQHandler                      0x08000347   Thumb Code     0  startup_stm32f429_439xx.o(.text)
    I2C1_ER_IRQHandler                       0x08000347   Thumb Code     0  startup_stm32f429_439xx.o(.text)
    I2C1_EV_IRQHandler                       0x08000347   Thumb Code     0  startup_stm32f429_439xx.o(.text)
    I2C2_ER_IRQHandler                       0x08000347   Thumb Code     0  startup_stm32f429_439xx.o(.text)
    I2C2_EV_IRQHandler                       0x08000347   Thumb Code     0  startup_stm32f429_439xx.o(.text)
    I2C3_ER_IRQHandler                       0x08000347   Thumb Code     0  startup_stm32f429_439xx.o(.text)
    I2C3_EV_IRQHandler                       0x08000347   Thumb Code     0  startup_stm32f429_439xx.o(.text)
    LTDC_ER_IRQHandler                       0x08000347   Thumb Code     0  startup_stm32f429_439xx.o(.text)
    LTDC_IRQHandler                          0x08000347   Thumb Code     0  startup_stm32f429_439xx.o(.text)
    OTG_FS_IRQHandler                        0x08000347   Thumb Code     0  startup_stm32f429_439xx.o(.text)
    OTG_FS_WKUP_IRQHandler                   0x08000347   Thumb Code     0  startup_stm32f429_439xx.o(.text)
    OTG_HS_EP1_IN_IRQHandler                 0x08000347   Thumb Code     0  startup_stm32f429_439xx.o(.text)
    OTG_HS_EP1_OUT_IRQHandler                0x08000347   Thumb Code     0  startup_stm32f429_439xx.o(.text)
    OTG_HS_IRQHandler                        0x08000347   Thumb Code     0  startup_stm32f429_439xx.o(.text)
    OTG_HS_WKUP_IRQHandler                   0x08000347   Thumb Code     0  startup_stm32f429_439xx.o(.text)
    PVD_IRQHandler                           0x08000347   Thumb Code     0  startup_stm32f429_439xx.o(.text)
    RCC_IRQHandler                           0x08000347   Thumb Code     0  startup_stm32f429_439xx.o(.text)
    RTC_Alarm_IRQHandler                     0x08000347   Thumb Code     0  startup_stm32f429_439xx.o(.text)
    RTC_WKUP_IRQHandler                      0x08000347   Thumb Code     0  startup_stm32f429_439xx.o(.text)
    SAI1_IRQHandler                          0x08000347   Thumb Code     0  startup_stm32f429_439xx.o(.text)
    SDIO_IRQHandler                          0x08000347   Thumb Code     0  startup_stm32f429_439xx.o(.text)
    SPI1_IRQHandler                          0x08000347   Thumb Code     0  startup_stm32f429_439xx.o(.text)
    SPI2_IRQHandler                          0x08000347   Thumb Code     0  startup_stm32f429_439xx.o(.text)
    SPI3_IRQHandler                          0x08000347   Thumb Code     0  startup_stm32f429_439xx.o(.text)
    SPI4_IRQHandler                          0x08000347   Thumb Code     0  startup_stm32f429_439xx.o(.text)
    SPI5_IRQHandler                          0x08000347   Thumb Code     0  startup_stm32f429_439xx.o(.text)
    SPI6_IRQHandler                          0x08000347   Thumb Code     0  startup_stm32f429_439xx.o(.text)
    TAMP_STAMP_IRQHandler                    0x08000347   Thumb Code     0  startup_stm32f429_439xx.o(.text)
    TIM1_BRK_TIM9_IRQHandler                 0x08000347   Thumb Code     0  startup_stm32f429_439xx.o(.text)
    TIM1_CC_IRQHandler                       0x08000347   Thumb Code     0  startup_stm32f429_439xx.o(.text)
    TIM1_TRG_COM_TIM11_IRQHandler            0x08000347   Thumb Code     0  startup_stm32f429_439xx.o(.text)
    TIM1_UP_TIM10_IRQHandler                 0x08000347   Thumb Code     0  startup_stm32f429_439xx.o(.text)
    TIM2_IRQHandler                          0x08000347   Thumb Code     0  startup_stm32f429_439xx.o(.text)
    TIM3_IRQHandler                          0x08000347   Thumb Code     0  startup_stm32f429_439xx.o(.text)
    TIM4_IRQHandler                          0x08000347   Thumb Code     0  startup_stm32f429_439xx.o(.text)
    TIM5_IRQHandler                          0x08000347   Thumb Code     0  startup_stm32f429_439xx.o(.text)
    TIM6_DAC_IRQHandler                      0x08000347   Thumb Code     0  startup_stm32f429_439xx.o(.text)
    TIM7_IRQHandler                          0x08000347   Thumb Code     0  startup_stm32f429_439xx.o(.text)
    TIM8_BRK_TIM12_IRQHandler                0x08000347   Thumb Code     0  startup_stm32f429_439xx.o(.text)
    TIM8_CC_IRQHandler                       0x08000347   Thumb Code     0  startup_stm32f429_439xx.o(.text)
    TIM8_TRG_COM_TIM14_IRQHandler            0x08000347   Thumb Code     0  startup_stm32f429_439xx.o(.text)
    TIM8_UP_TIM13_IRQHandler                 0x08000347   Thumb Code     0  startup_stm32f429_439xx.o(.text)
    UART4_IRQHandler                         0x08000347   Thumb Code     0  startup_stm32f429_439xx.o(.text)
    UART5_IRQHandler                         0x08000347   Thumb Code     0  startup_stm32f429_439xx.o(.text)
    UART7_IRQHandler                         0x08000347   Thumb Code     0  startup_stm32f429_439xx.o(.text)
    UART8_IRQHandler                         0x08000347   Thumb Code     0  startup_stm32f429_439xx.o(.text)
    USART1_IRQHandler                        0x08000347   Thumb Code     0  startup_stm32f429_439xx.o(.text)
    USART3_IRQHandler                        0x08000347   Thumb Code     0  startup_stm32f429_439xx.o(.text)
    USART6_IRQHandler                        0x08000347   Thumb Code     0  startup_stm32f429_439xx.o(.text)
    WWDG_IRQHandler                          0x08000347   Thumb Code     0  startup_stm32f429_439xx.o(.text)
    __user_initial_stackheap                 0x08000349   Thumb Code     0  startup_stm32f429_439xx.o(.text)
    __use_no_semihosting                     0x0800036d   Thumb Code     2  use_no_semi_2.o(.text)
    __2printf                                0x08000371   Thumb Code    20  noretval__2printf.o(.text)
    __printf                                 0x08000389   Thumb Code   104  __printf.o(.text)
    _printf_str                              0x080003f1   Thumb Code    82  _printf_str.o(.text)
    _printf_int_dec                          0x08000445   Thumb Code   104  _printf_dec.o(.text)
    _printf_int_hex                          0x080004bd   Thumb Code    84  _printf_hex_int.o(.text)
    _printf_longlong_hex                     0x080004bd   Thumb Code     0  _printf_hex_int.o(.text)
    __0sscanf                                0x08000515   Thumb Code    52  __0sscanf.o(.text)
    _scanf_int                               0x08000551   Thumb Code   332  _scanf_int.o(.text)
    __aeabi_memcpy                           0x0800069d   Thumb Code     0  rt_memcpy_v6.o(.text)
    __rt_memcpy                              0x0800069d   Thumb Code   138  rt_memcpy_v6.o(.text)
    _memcpy_lastbytes                        0x08000703   Thumb Code     0  rt_memcpy_v6.o(.text)
    __aeabi_memclr                           0x08000727   Thumb Code     0  rt_memclr.o(.text)
    __rt_memclr                              0x08000727   Thumb Code    68  rt_memclr.o(.text)
    _memset                                  0x0800072b   Thumb Code     0  rt_memclr.o(.text)
    __use_two_region_memory                  0x0800076b   Thumb Code     2  heapauxi.o(.text)
    __rt_heap_escrow$2region                 0x0800076d   Thumb Code     2  heapauxi.o(.text)
    __rt_heap_expand$2region                 0x0800076f   Thumb Code     2  heapauxi.o(.text)
    __I$use$semihosting                      0x08000771   Thumb Code     0  use_no_semi.o(.text)
    __use_no_semihosting_swi                 0x08000771   Thumb Code     2  use_no_semi.o(.text)
    _printf_int_common                       0x08000773   Thumb Code   178  _printf_intcommon.o(.text)
    _printf_cs_common                        0x08000825   Thumb Code    20  _printf_char.o(.text)
    _printf_char                             0x08000839   Thumb Code    16  _printf_char.o(.text)
    _printf_string                           0x08000849   Thumb Code     8  _printf_char.o(.text)
    _printf_char_file                        0x08000851   Thumb Code    32  _printf_char_file.o(.text)
    _chval                                   0x08000875   Thumb Code    28  _chval.o(.text)
    __vfscanf_char                           0x0800089d   Thumb Code    24  scanf_char.o(.text)
    _sgetc                                   0x080008bd   Thumb Code    30  _sgetc.o(.text)
    _sbackspace                              0x080008db   Thumb Code    34  _sgetc.o(.text)
    __aeabi_memcpy4                          0x080008fd   Thumb Code     0  rt_memcpy_w.o(.text)
    __aeabi_memcpy8                          0x080008fd   Thumb Code     0  rt_memcpy_w.o(.text)
    __rt_memcpy_w                            0x080008fd   Thumb Code   100  rt_memcpy_w.o(.text)
    _memcpy_lastbytes_aligned                0x08000945   Thumb Code     0  rt_memcpy_w.o(.text)
    __aeabi_memclr4                          0x08000961   Thumb Code     0  rt_memclr_w.o(.text)
    __aeabi_memclr8                          0x08000961   Thumb Code     0  rt_memclr_w.o(.text)
    __rt_memclr_w                            0x08000961   Thumb Code    78  rt_memclr_w.o(.text)
    _memset_w                                0x08000965   Thumb Code     0  rt_memclr_w.o(.text)
    isspace                                  0x080009af   Thumb Code    18  isspace.o(.text)
    _printf_char_common                      0x080009cb   Thumb Code    32  _printf_char_common.o(.text)
    __vfscanf                                0x080009f1   Thumb Code   878  _scanf.o(.text)
    ferror                                   0x08000d65   Thumb Code     8  ferror.o(.text)
    __user_setup_stackheap                   0x08000d6d   Thumb Code    74  sys_stackheap_outer.o(.text)
    __rt_ctype_table                         0x08000db9   Thumb Code    16  rt_ctype_table.o(.text)
    exit                                     0x08000dc9   Thumb Code    18  exit.o(.text)
    __user_libspace                          0x08000ddd   Thumb Code     8  libspace.o(.text)
    __user_perproc_libspace                  0x08000ddd   Thumb Code     0  libspace.o(.text)
    __user_perthread_libspace                0x08000ddd   Thumb Code     0  libspace.o(.text)
    __rt_locale                              0x08000de5   Thumb Code     8  rt_locale_intlibspace.o(.text)
    strcmp                                   0x08000ded   Thumb Code   128  strcmpv7m.o(.text)
    BusFault_Handler                         0x08000ed5   Thumb Code     2  stm32f4xx_it.o(i.BusFault_Handler)
    DebugMon_Handler                         0x08000ed7   Thumb Code     2  stm32f4xx_it.o(i.DebugMon_Handler)
    FMC_GetFlagStatus                        0x08000ed9   Thumb Code    54  stm32f4xx_fmc.o(i.FMC_GetFlagStatus)
    FMC_SDRAMCmdConfig                       0x08000f0f   Thumb Code    34  stm32f4xx_fmc.o(i.FMC_SDRAMCmdConfig)
    FMC_SDRAMInit                            0x08000f31   Thumb Code   282  stm32f4xx_fmc.o(i.FMC_SDRAMInit)
    FMC_SetRefreshCount                      0x08001051   Thumb Code    18  stm32f4xx_fmc.o(i.FMC_SetRefreshCount)
    GPIO_Init                                0x08001063   Thumb Code   120  stm32f4xx_gpio.o(i.GPIO_Init)
    GPIO_PinAFConfig                         0x080010db   Thumb Code    32  stm32f4xx_gpio.o(i.GPIO_PinAFConfig)
    HardFault_Handler                        0x080010fb   Thumb Code     2  stm32f4xx_it.o(i.HardFault_Handler)
    MemManage_Handler                        0x080010fd   Thumb Code     2  stm32f4xx_it.o(i.MemManage_Handler)
    NMI_Handler                              0x080010ff   Thumb Code     2  stm32f4xx_it.o(i.NMI_Handler)
    NVIC_Init                                0x08001101   Thumb Code    96  misc.o(i.NVIC_Init)
    NVIC_PriorityGroupConfig                 0x08001165   Thumb Code    10  misc.o(i.NVIC_PriorityGroupConfig)
    RCC_AHB1PeriphClockCmd                   0x08001179   Thumb Code    18  stm32f4xx_rcc.o(i.RCC_AHB1PeriphClockCmd)
    RCC_AHB3PeriphClockCmd                   0x08001191   Thumb Code    18  stm32f4xx_rcc.o(i.RCC_AHB3PeriphClockCmd)
    RCC_APB1PeriphClockCmd                   0x080011a9   Thumb Code    18  stm32f4xx_rcc.o(i.RCC_APB1PeriphClockCmd)
    RCC_APB2PeriphClockCmd                   0x080011c1   Thumb Code    18  stm32f4xx_rcc.o(i.RCC_APB2PeriphClockCmd)
    RCC_GetClocksFreq                        0x080011d9   Thumb Code   132  stm32f4xx_rcc.o(i.RCC_GetClocksFreq)
    SDRAM_Init                               0x080015f1   Thumb Code    88  bsp_sdram.o(i.SDRAM_Init)
    SPI_Cmd                                  0x080016ed   Thumb Code    20  stm32f4xx_spi.o(i.SPI_Cmd)
    SPI_FLASH_Init                           0x08001701   Thumb Code   204  bsp_spi_flash.o(i.SPI_FLASH_Init)
    SPI_Init                                 0x080017d5   Thumb Code    56  stm32f4xx_spi.o(i.SPI_Init)
    SysTick_Handler                          0x080018dd   Thumb Code    20  stm32f4xx_it.o(i.SysTick_Handler)
    SystemInit                               0x080018f1   Thumb Code    74  system_stm32f4xx.o(i.SystemInit)
    USART2_IRQHandler                        0x080019c1   Thumb Code    52  bsp_updata_usart.o(i.USART2_IRQHandler)
    USART_Cmd                                0x08001a01   Thumb Code    20  stm32f4xx_usart.o(i.USART_Cmd)
    USART_GetFlagStatus                      0x08001a15   Thumb Code    14  stm32f4xx_usart.o(i.USART_GetFlagStatus)
    USART_GetITStatus                        0x08001a23   Thumb Code    62  stm32f4xx_usart.o(i.USART_GetITStatus)
    USART_ITConfig                           0x08001a61   Thumb Code    48  stm32f4xx_usart.o(i.USART_ITConfig)
    USART_Init                               0x08001a91   Thumb Code   164  stm32f4xx_usart.o(i.USART_Init)
    USART_ReceiveData                        0x08001b3d   Thumb Code     8  stm32f4xx_usart.o(i.USART_ReceiveData)
    USART_SendData                           0x08001b45   Thumb Code     8  stm32f4xx_usart.o(i.USART_SendData)
    UsageFault_Handler                       0x08001b4d   Thumb Code     2  stm32f4xx_it.o(i.UsageFault_Handler)
    _sys_exit                                0x08001b4f   Thumb Code     2  bsp_debug_usart.o(i._sys_exit)
    fputc                                    0x08001b51   Thumb Code    30  bsp_debug_usart.o(i.fputc)
    main                                     0x08001b75   Thumb Code    84  main.o(i.main)
    prv_cYmodem_Get_File_Info                0x08001f75   Thumb Code   204  ymodem.o(i.prv_cYmodem_Get_File_Info)
    prv_cYmodem_TimeOut                      0x08002075   Thumb Code    54  ymodem.o(i.prv_cYmodem_TimeOut)
    pvPortMalloc                             0x080020ad   Thumb Code   154  heap_5.o(i.pvPortMalloc)
    pxPortInitialiseStack                    0x08002185   Thumb Code    40  port.o(i.pxPortInitialiseStack)
    uiUpdata_Usart_Get_Buff                  0x080021b1   Thumb Code    16  bsp_updata_usart.o(i.uiUpdata_Usart_Get_Buff)
    uiUpdata_Usart_Get_Num                   0x080021c9   Thumb Code     6  bsp_updata_usart.o(i.uiUpdata_Usart_Get_Num)
    uxListRemove                             0x080021d5   Thumb Code    36  list.o(i.uxListRemove)
    vDebug_USART_Config                      0x080021f9   Thumb Code   178  bsp_debug_usart.o(i.vDebug_USART_Config)
    vLedGpioConfig                           0x080022b5   Thumb Code    52  bsp_led.o(i.vLedGpioConfig)
    vListInitialise                          0x080022ed   Thumb Code    22  list.o(i.vListInitialise)
    vListInitialiseItem                      0x08002303   Thumb Code     6  list.o(i.vListInitialiseItem)
    vListInsert                              0x08002309   Thumb Code    48  list.o(i.vListInsert)
    vListInsertEnd                           0x08002339   Thumb Code    24  list.o(i.vListInsertEnd)
    vPortDefineHeapRegions                   0x08002351   Thumb Code   192  heap_5.o(i.vPortDefineHeapRegions)
    vPortEnterCritical                       0x0800244d   Thumb Code    50  port.o(i.vPortEnterCritical)
    vPortExitCritical                        0x080024c5   Thumb Code    34  port.o(i.vPortExitCritical)
    vPortFree                                0x08002529   Thumb Code    94  heap_5.o(i.vPortFree)
    vPortSetupTimerInterrupt                 0x080025c5   Thumb Code    26  port.o(i.vPortSetupTimerInterrupt)
    vTaskDelay                               0x080025e5   Thumb Code    62  tasks.o(i.vTaskDelay)
    vTaskDelete                              0x08002659   Thumb Code   152  tasks.o(i.vTaskDelete)
    vTaskStartScheduler                      0x0800272d   Thumb Code    88  tasks.o(i.vTaskStartScheduler)
    vTaskSuspendAll                          0x080027c1   Thumb Code    10  tasks.o(i.vTaskSuspendAll)
    vTaskSwitchContext                       0x080027d1   Thumb Code    80  tasks.o(i.vTaskSwitchContext)
    vUpdata_USART_Config                     0x08002855   Thumb Code   178  bsp_updata_usart.o(i.vUpdata_USART_Config)
    vUpdata_Usart_Clear_Buff                 0x08002911   Thumb Code    18  bsp_updata_usart.o(i.vUpdata_Usart_Clear_Buff)
    vUpdata_Usart_SendByte                   0x0800292d   Thumb Code    26  bsp_updata_usart.o(i.vUpdata_Usart_SendByte)
    vYmodem_Handle                           0x0800294d   Thumb Code   322  ymodem.o(i.vYmodem_Handle)
    vYmodem_Init                             0x08002ac1   Thumb Code     4  ymodem.o(i.vYmodem_Init)
    xPortStartScheduler                      0x08002ac5   Thumb Code   196  port.o(i.xPortStartScheduler)
    xPortSysTickHandler                      0x08002bd9   Thumb Code    38  port.o(i.xPortSysTickHandler)
    xTaskCreate                              0x08002c05   Thumb Code    86  tasks.o(i.xTaskCreate)
    xTaskGetSchedulerState                   0x08002c5d   Thumb Code    22  tasks.o(i.xTaskGetSchedulerState)
    xTaskIncrementTick                       0x08002c79   Thumb Code   188  tasks.o(i.xTaskIncrementTick)
    xTaskResumeAll                           0x08002d69   Thumb Code   180  tasks.o(i.xTaskResumeAll)
    _get_lc_ctype                            0x08002e55   Thumb Code    44  lc_ctype_c.o(locale$$code)
    _fp_init                                 0x08002e81   Thumb Code    10  fpinit.o(x$fpl$fpinit)
    __fplib_config_fpu_vfp                   0x08002e89   Thumb Code     0  fpinit.o(x$fpl$fpinit)
    __fplib_config_pureend_doubles           0x08002e89   Thumb Code     0  fpinit.o(x$fpl$fpinit)
    Region$$Table$$Base                      0x08002eb4   Number         0  anon$$obj.o(Region$$Table)
    Region$$Table$$Limit                     0x08002ed4   Number         0  anon$$obj.o(Region$$Table)
    __ctype                                  0x08002ee1   Data           0  lc_ctype_c.o(locale$$data)
    SystemCoreClock                          0x20000000   Data           4  system_stm32f4xx.o(.data)
    AHBPrescTable                            0x20000004   Data          16  system_stm32f4xx.o(.data)
    xHeapRegions                             0x2000002c   Data          16  main.o(.data)
    __stdout                                 0x2000003c   Data           4  bsp_debug_usart.o(.data)
    prv_updata_usart_receive_data_num        0x20000040   Data           2  bsp_updata_usart.o(.data)
    ul_ymodem_write_cnt                      0x20000044   Data           4  ymodem.o(.data)
    ul_ymodem_file_size                      0x20000048   Data           4  ymodem.o(.data)
    pxCurrentTCB                             0x20000054   Data           4  tasks.o(.data)
    prv_updata_usart_receive_data            0x200000b4   Data        1314  bsp_updata_usart.o(.bss)
    file_name                                0x200005d6   Data         256  ymodem.o(.bss)
    __libspace_start                         0x200009bc   Data          96  libspace.o(.bss)
    __temporary_stack_top$libspace           0x20000a1c   Data           0  libspace.o(.bss)



==============================================================================

Memory Map of the image

  Image Entry point : 0x080001ad

  Load Region LR_IROM1 (Base: 0x08000000, Size: 0x00003098, Max: 0x00100000, ABSOLUTE)

    Execution Region ER_IROM1 (Base: 0x08000000, Size: 0x00002fe4, Max: 0x00100000, ABSOLUTE)

    Base Addr    Size         Type   Attr      Idx    E Section Name        Object

    0x08000000   0x000001ac   Data   RO            3    RESET               startup_stm32f429_439xx.o
    0x080001ac   0x00000008   Code   RO         7050  * !!!main             c_w.l(__main.o)
    0x080001b4   0x00000034   Code   RO         7246    !!!scatter          c_w.l(__scatter.o)
    0x080001e8   0x0000001a   Code   RO         7248    !!handler_copy      c_w.l(__scatter_copy.o)
    0x08000202   0x00000002   PAD
    0x08000204   0x0000001c   Code   RO         7250    !!handler_zi        c_w.l(__scatter_zi.o)
    0x08000220   0x00000000   Code   RO         7039    .ARM.Collect$$_printf_percent$$00000000  c_w.l(_printf_percent.o)
    0x08000220   0x00000006   Code   RO         7038    .ARM.Collect$$_printf_percent$$00000009  c_w.l(_printf_d.o)
    0x08000226   0x00000006   Code   RO         7037    .ARM.Collect$$_printf_percent$$0000000C  c_w.l(_printf_x.o)
    0x0800022c   0x00000006   Code   RO         7036    .ARM.Collect$$_printf_percent$$00000014  c_w.l(_printf_s.o)
    0x08000232   0x00000004   Code   RO         7061    .ARM.Collect$$_printf_percent$$00000017  c_w.l(_printf_percent_end.o)
    0x08000236   0x00000002   Code   RO         7110    .ARM.Collect$$libinit$$00000000  c_w.l(libinit.o)
    0x08000238   0x00000004   Code   RO         7124    .ARM.Collect$$libinit$$00000001  c_w.l(libinit2.o)
    0x0800023c   0x00000000   Code   RO         7127    .ARM.Collect$$libinit$$00000004  c_w.l(libinit2.o)
    0x0800023c   0x00000000   Code   RO         7130    .ARM.Collect$$libinit$$0000000A  c_w.l(libinit2.o)
    0x0800023c   0x00000000   Code   RO         7132    .ARM.Collect$$libinit$$0000000C  c_w.l(libinit2.o)
    0x0800023c   0x00000000   Code   RO         7134    .ARM.Collect$$libinit$$0000000E  c_w.l(libinit2.o)
    0x0800023c   0x00000006   Code   RO         7135    .ARM.Collect$$libinit$$0000000F  c_w.l(libinit2.o)
    0x08000242   0x00000000   Code   RO         7137    .ARM.Collect$$libinit$$00000011  c_w.l(libinit2.o)
    0x08000242   0x0000000c   Code   RO         7138    .ARM.Collect$$libinit$$00000012  c_w.l(libinit2.o)
    0x0800024e   0x00000000   Code   RO         7139    .ARM.Collect$$libinit$$00000013  c_w.l(libinit2.o)
    0x0800024e   0x00000000   Code   RO         7141    .ARM.Collect$$libinit$$00000015  c_w.l(libinit2.o)
    0x0800024e   0x00000000   Code   RO         7143    .ARM.Collect$$libinit$$00000017  c_w.l(libinit2.o)
    0x0800024e   0x00000000   Code   RO         7145    .ARM.Collect$$libinit$$00000019  c_w.l(libinit2.o)
    0x0800024e   0x00000000   Code   RO         7147    .ARM.Collect$$libinit$$0000001B  c_w.l(libinit2.o)
    0x0800024e   0x00000000   Code   RO         7149    .ARM.Collect$$libinit$$0000001D  c_w.l(libinit2.o)
    0x0800024e   0x00000000   Code   RO         7151    .ARM.Collect$$libinit$$0000001F  c_w.l(libinit2.o)
    0x0800024e   0x00000000   Code   RO         7153    .ARM.Collect$$libinit$$00000021  c_w.l(libinit2.o)
    0x0800024e   0x00000000   Code   RO         7155    .ARM.Collect$$libinit$$00000023  c_w.l(libinit2.o)
    0x0800024e   0x00000000   Code   RO         7157    .ARM.Collect$$libinit$$00000025  c_w.l(libinit2.o)
    0x0800024e   0x00000000   Code   RO         7161    .ARM.Collect$$libinit$$0000002C  c_w.l(libinit2.o)
    0x0800024e   0x00000000   Code   RO         7163    .ARM.Collect$$libinit$$0000002E  c_w.l(libinit2.o)
    0x0800024e   0x00000000   Code   RO         7165    .ARM.Collect$$libinit$$00000030  c_w.l(libinit2.o)
    0x0800024e   0x00000000   Code   RO         7167    .ARM.Collect$$libinit$$00000032  c_w.l(libinit2.o)
    0x0800024e   0x00000002   Code   RO         7168    .ARM.Collect$$libinit$$00000033  c_w.l(libinit2.o)
    0x08000250   0x00000002   Code   RO         7188    .ARM.Collect$$libshutdown$$00000000  c_w.l(libshutdown.o)
    0x08000252   0x00000000   Code   RO         7198    .ARM.Collect$$libshutdown$$00000002  c_w.l(libshutdown2.o)
    0x08000252   0x00000000   Code   RO         7200    .ARM.Collect$$libshutdown$$00000004  c_w.l(libshutdown2.o)
    0x08000252   0x00000000   Code   RO         7203    .ARM.Collect$$libshutdown$$00000007  c_w.l(libshutdown2.o)
    0x08000252   0x00000000   Code   RO         7206    .ARM.Collect$$libshutdown$$0000000A  c_w.l(libshutdown2.o)
    0x08000252   0x00000000   Code   RO         7208    .ARM.Collect$$libshutdown$$0000000C  c_w.l(libshutdown2.o)
    0x08000252   0x00000000   Code   RO         7211    .ARM.Collect$$libshutdown$$0000000F  c_w.l(libshutdown2.o)
    0x08000252   0x00000002   Code   RO         7212    .ARM.Collect$$libshutdown$$00000010  c_w.l(libshutdown2.o)
    0x08000254   0x00000000   Code   RO         7054    .ARM.Collect$$rtentry$$00000000  c_w.l(__rtentry.o)
    0x08000254   0x00000000   Code   RO         7073    .ARM.Collect$$rtentry$$00000002  c_w.l(__rtentry2.o)
    0x08000254   0x00000006   Code   RO         7085    .ARM.Collect$$rtentry$$00000004  c_w.l(__rtentry4.o)
    0x0800025a   0x00000000   Code   RO         7075    .ARM.Collect$$rtentry$$00000009  c_w.l(__rtentry2.o)
    0x0800025a   0x00000004   Code   RO         7076    .ARM.Collect$$rtentry$$0000000A  c_w.l(__rtentry2.o)
    0x0800025e   0x00000000   Code   RO         7078    .ARM.Collect$$rtentry$$0000000C  c_w.l(__rtentry2.o)
    0x0800025e   0x00000008   Code   RO         7079    .ARM.Collect$$rtentry$$0000000D  c_w.l(__rtentry2.o)
    0x08000266   0x00000002   Code   RO         7114    .ARM.Collect$$rtexit$$00000000  c_w.l(rtexit.o)
    0x08000268   0x00000000   Code   RO         7170    .ARM.Collect$$rtexit$$00000002  c_w.l(rtexit2.o)
    0x08000268   0x00000004   Code   RO         7171    .ARM.Collect$$rtexit$$00000003  c_w.l(rtexit2.o)
    0x0800026c   0x00000006   Code   RO         7172    .ARM.Collect$$rtexit$$00000004  c_w.l(rtexit2.o)
    0x08000272   0x00000002   PAD
    0x08000274   0x000000b6   Code   RO         6840    .emb_text           port.o
    0x0800032a   0x00000002   PAD
    0x0800032c   0x00000040   Code   RO            4    .text               startup_stm32f429_439xx.o
    0x0800036c   0x00000002   Code   RO         6983    .text               c_w.l(use_no_semi_2.o)
    0x0800036e   0x00000002   PAD
    0x08000370   0x00000018   Code   RO         6987    .text               c_w.l(noretval__2printf.o)
    0x08000388   0x00000068   Code   RO         6989    .text               c_w.l(__printf.o)
    0x080003f0   0x00000052   Code   RO         6991    .text               c_w.l(_printf_str.o)
    0x08000442   0x00000002   PAD
    0x08000444   0x00000078   Code   RO         6993    .text               c_w.l(_printf_dec.o)
    0x080004bc   0x00000058   Code   RO         6998    .text               c_w.l(_printf_hex_int.o)
    0x08000514   0x0000003c   Code   RO         7040    .text               c_w.l(__0sscanf.o)
    0x08000550   0x0000014c   Code   RO         7042    .text               c_w.l(_scanf_int.o)
    0x0800069c   0x0000008a   Code   RO         7044    .text               c_w.l(rt_memcpy_v6.o)
    0x08000726   0x00000044   Code   RO         7046    .text               c_w.l(rt_memclr.o)
    0x0800076a   0x00000006   Code   RO         7048    .text               c_w.l(heapauxi.o)
    0x08000770   0x00000002   Code   RO         7052    .text               c_w.l(use_no_semi.o)
    0x08000772   0x000000b2   Code   RO         7055    .text               c_w.l(_printf_intcommon.o)
    0x08000824   0x0000002c   Code   RO         7057    .text               c_w.l(_printf_char.o)
    0x08000850   0x00000024   Code   RO         7059    .text               c_w.l(_printf_char_file.o)
    0x08000874   0x0000001c   Code   RO         7062    .text               c_w.l(_chval.o)
    0x08000890   0x0000002c   Code   RO         7064    .text               c_w.l(scanf_char.o)
    0x080008bc   0x00000040   Code   RO         7066    .text               c_w.l(_sgetc.o)
    0x080008fc   0x00000064   Code   RO         7068    .text               c_w.l(rt_memcpy_w.o)
    0x08000960   0x0000004e   Code   RO         7070    .text               c_w.l(rt_memclr_w.o)
    0x080009ae   0x00000012   Code   RO         7087    .text               c_w.l(isspace.o)
    0x080009c0   0x00000030   Code   RO         7089    .text               c_w.l(_printf_char_common.o)
    0x080009f0   0x00000374   Code   RO         7091    .text               c_w.l(_scanf.o)
    0x08000d64   0x00000008   Code   RO         7093    .text               c_w.l(ferror.o)
    0x08000d6c   0x0000004a   Code   RO         7097    .text               c_w.l(sys_stackheap_outer.o)
    0x08000db6   0x00000002   PAD
    0x08000db8   0x00000010   Code   RO         7099    .text               c_w.l(rt_ctype_table.o)
    0x08000dc8   0x00000012   Code   RO         7103    .text               c_w.l(exit.o)
    0x08000dda   0x00000002   PAD
    0x08000ddc   0x00000008   Code   RO         7111    .text               c_w.l(libspace.o)
    0x08000de4   0x00000008   Code   RO         7119    .text               c_w.l(rt_locale_intlibspace.o)
    0x08000dec   0x00000080   Code   RO         7176    .text               c_w.l(strcmpv7m.o)
    0x08000e6c   0x00000068   Code   RO         5146    i.AppTaskCreate     main.o
    0x08000ed4   0x00000002   Code   RO         5257    i.BusFault_Handler  stm32f4xx_it.o
    0x08000ed6   0x00000002   Code   RO         5258    i.DebugMon_Handler  stm32f4xx_it.o
    0x08000ed8   0x00000036   Code   RO         1844    i.FMC_GetFlagStatus  stm32f4xx_fmc.o
    0x08000f0e   0x00000022   Code   RO         1861    i.FMC_SDRAMCmdConfig  stm32f4xx_fmc.o
    0x08000f30   0x00000120   Code   RO         1863    i.FMC_SDRAMInit     stm32f4xx_fmc.o
    0x08001050   0x00000012   Code   RO         1867    i.FMC_SetRefreshCount  stm32f4xx_fmc.o
    0x08001062   0x00000078   Code   RO         2046    i.GPIO_Init         stm32f4xx_gpio.o
    0x080010da   0x00000020   Code   RO         2047    i.GPIO_PinAFConfig  stm32f4xx_gpio.o
    0x080010fa   0x00000002   Code   RO         5259    i.HardFault_Handler  stm32f4xx_it.o
    0x080010fc   0x00000002   Code   RO         5260    i.MemManage_Handler  stm32f4xx_it.o
    0x080010fe   0x00000002   Code   RO         5261    i.NMI_Handler       stm32f4xx_it.o
    0x08001100   0x00000064   Code   RO          164    i.NVIC_Init         misc.o
    0x08001164   0x00000014   Code   RO          165    i.NVIC_PriorityGroupConfig  misc.o
    0x08001178   0x00000018   Code   RO         2960    i.RCC_AHB1PeriphClockCmd  stm32f4xx_rcc.o
    0x08001190   0x00000018   Code   RO         2966    i.RCC_AHB3PeriphClockCmd  stm32f4xx_rcc.o
    0x080011a8   0x00000018   Code   RO         2969    i.RCC_APB1PeriphClockCmd  stm32f4xx_rcc.o
    0x080011c0   0x00000018   Code   RO         2972    i.RCC_APB2PeriphClockCmd  stm32f4xx_rcc.o
    0x080011d8   0x00000094   Code   RO         2981    i.RCC_GetClocksFreq  stm32f4xx_rcc.o
    0x0800126c   0x00000384   Code   RO         5466    i.SDRAM_GPIO_Config  bsp_sdram.o
    0x080015f0   0x00000058   Code   RO         5467    i.SDRAM_Init        bsp_sdram.o
    0x08001648   0x000000a4   Code   RO         5468    i.SDRAM_InitSequence  bsp_sdram.o
    0x080016ec   0x00000014   Code   RO         4115    i.SPI_Cmd           stm32f4xx_spi.o
    0x08001700   0x000000d4   Code   RO         5528    i.SPI_FLASH_Init    bsp_spi_flash.o
    0x080017d4   0x00000038   Code   RO         4128    i.SPI_Init          stm32f4xx_spi.o
    0x0800180c   0x000000d0   Code   RO           13    i.SetSysClock       system_stm32f4xx.o
    0x080018dc   0x00000014   Code   RO         5262    i.SysTick_Handler   stm32f4xx_it.o
    0x080018f0   0x0000005c   Code   RO           15    i.SystemInit        system_stm32f4xx.o
    0x0800194c   0x00000074   Code   RO         5147    i.Test_Task         main.o
    0x080019c0   0x00000040   Code   RO         5405    i.USART2_IRQHandler  bsp_updata_usart.o
    0x08001a00   0x00000014   Code   RO         4892    i.USART_Cmd         stm32f4xx_usart.o
    0x08001a14   0x0000000e   Code   RO         4895    i.USART_GetFlagStatus  stm32f4xx_usart.o
    0x08001a22   0x0000003e   Code   RO         4896    i.USART_GetITStatus  stm32f4xx_usart.o
    0x08001a60   0x00000030   Code   RO         4898    i.USART_ITConfig    stm32f4xx_usart.o
    0x08001a90   0x000000ac   Code   RO         4899    i.USART_Init        stm32f4xx_usart.o
    0x08001b3c   0x00000008   Code   RO         4906    i.USART_ReceiveData  stm32f4xx_usart.o
    0x08001b44   0x00000008   Code   RO         4909    i.USART_SendData    stm32f4xx_usart.o
    0x08001b4c   0x00000002   Code   RO         5263    i.UsageFault_Handler  stm32f4xx_it.o
    0x08001b4e   0x00000002   Code   RO         5347    i._sys_exit         bsp_debug_usart.o
    0x08001b50   0x00000024   Code   RO         5348    i.fputc             bsp_debug_usart.o
    0x08001b74   0x000000a4   Code   RO         5148    i.main              main.o
    0x08001c18   0x00000070   Code   RO         6507    i.prvAddCurrentTaskToDelayedList  tasks.o
    0x08001c88   0x000000d0   Code   RO         6508    i.prvAddNewTaskToReadyList  tasks.o
    0x08001d58   0x00000054   Code   RO         6509    i.prvCheckTasksWaitingTermination  tasks.o
    0x08001dac   0x00000014   Code   RO         6510    i.prvDeleteTCB      tasks.o
    0x08001dc0   0x00000028   Code   RO         6511    i.prvIdleTask       tasks.o
    0x08001de8   0x000000bc   Code   RO         6512    i.prvInitialiseNewTask  tasks.o
    0x08001ea4   0x0000004c   Code   RO         6929    i.prvInsertBlockIntoFreeList  heap_5.o
    0x08001ef0   0x00000020   Code   RO         6513    i.prvResetNextTaskUnblockTime  tasks.o
    0x08001f10   0x00000064   Code   RO         6841    i.prvTaskExitError  port.o
    0x08001f74   0x00000100   Code   RO         5646    i.prv_cYmodem_Get_File_Info  ymodem.o
    0x08002074   0x00000036   Code   RO         5647    i.prv_cYmodem_TimeOut  ymodem.o
    0x080020aa   0x00000002   PAD
    0x080020ac   0x000000d8   Code   RO         6930    i.pvPortMalloc      heap_5.o
    0x08002184   0x0000002c   Code   RO         6842    i.pxPortInitialiseStack  port.o
    0x080021b0   0x00000018   Code   RO         5406    i.uiUpdata_Usart_Get_Buff  bsp_updata_usart.o
    0x080021c8   0x0000000c   Code   RO         5407    i.uiUpdata_Usart_Get_Num  bsp_updata_usart.o
    0x080021d4   0x00000024   Code   RO         6305    i.uxListRemove      list.o
    0x080021f8   0x000000bc   Code   RO         5349    i.vDebug_USART_Config  bsp_debug_usart.o
    0x080022b4   0x00000038   Code   RO         5320    i.vLedGpioConfig    bsp_led.o
    0x080022ec   0x00000016   Code   RO         6306    i.vListInitialise   list.o
    0x08002302   0x00000006   Code   RO         6307    i.vListInitialiseItem  list.o
    0x08002308   0x00000030   Code   RO         6308    i.vListInsert       list.o
    0x08002338   0x00000018   Code   RO         6309    i.vListInsertEnd    list.o
    0x08002350   0x000000fc   Code   RO         6931    i.vPortDefineHeapRegions  heap_5.o
    0x0800244c   0x00000078   Code   RO         6844    i.vPortEnterCritical  port.o
    0x080024c4   0x00000064   Code   RO         6845    i.vPortExitCritical  port.o
    0x08002528   0x0000009c   Code   RO         6932    i.vPortFree         heap_5.o
    0x080025c4   0x00000020   Code   RO         6846    i.vPortSetupTimerInterrupt  port.o
    0x080025e4   0x00000074   Code   RO         6521    i.vTaskDelay        tasks.o
    0x08002658   0x000000d4   Code   RO         6523    i.vTaskDelete       tasks.o
    0x0800272c   0x00000094   Code   RO         6533    i.vTaskStartScheduler  tasks.o
    0x080027c0   0x00000010   Code   RO         6535    i.vTaskSuspendAll   tasks.o
    0x080027d0   0x00000084   Code   RO         6536    i.vTaskSwitchContext  tasks.o
    0x08002854   0x000000bc   Code   RO         5408    i.vUpdata_USART_Config  bsp_updata_usart.o
    0x08002910   0x0000001c   Code   RO         5409    i.vUpdata_Usart_Clear_Buff  bsp_updata_usart.o
    0x0800292c   0x00000020   Code   RO         5410    i.vUpdata_Usart_SendByte  bsp_updata_usart.o
    0x0800294c   0x00000174   Code   RO         5648    i.vYmodem_Handle    ymodem.o
    0x08002ac0   0x00000004   Code   RO         5649    i.vYmodem_Init      ymodem.o
    0x08002ac4   0x00000114   Code   RO         6848    i.xPortStartScheduler  port.o
    0x08002bd8   0x0000002c   Code   RO         6849    i.xPortSysTickHandler  port.o
    0x08002c04   0x00000056   Code   RO         6538    i.xTaskCreate       tasks.o
    0x08002c5a   0x00000002   PAD
    0x08002c5c   0x0000001c   Code   RO         6542    i.xTaskGetSchedulerState  tasks.o
    0x08002c78   0x000000f0   Code   RO         6545    i.xTaskIncrementTick  tasks.o
    0x08002d68   0x000000ec   Code   RO         6551    i.xTaskResumeAll    tasks.o
    0x08002e54   0x0000002c   Code   RO         7122    locale$$code        c_w.l(lc_ctype_c.o)
    0x08002e80   0x0000000a   Code   RO         7180    x$fpl$fpinit        fz_wm.l(fpinit.o)
    0x08002e8a   0x00000028   Data   RO         6999    .constdata          c_w.l(_printf_hex_int.o)
    0x08002eb2   0x00000002   PAD
    0x08002eb4   0x00000020   Data   RO         7244    Region$$Table       anon$$obj.o
    0x08002ed4   0x00000110   Data   RO         7121    locale$$data        c_w.l(lc_ctype_c.o)


    Execution Region RW_IRAM1 (Base: 0x20000000, Size: 0x00001020, Max: 0x00030000, ABSOLUTE)

    Base Addr    Size         Type   Attr      Idx    E Section Name        Object

    0x20000000   0x00000014   Data   RW           16    .data               system_stm32f4xx.o
    0x20000014   0x00000010   Data   RW         3013    .data               stm32f4xx_rcc.o
    0x20000024   0x00000018   Data   RW         5149    .data               main.o
    0x2000003c   0x00000004   Data   RW         5350    .data               bsp_debug_usart.o
    0x20000040   0x00000002   Data   RW         5412    .data               bsp_updata_usart.o
    0x20000042   0x00000002   PAD
    0x20000044   0x00000010   Data   RW         5651    .data               ymodem.o
    0x20000054   0x0000003c   Data   RW         6554    .data               tasks.o
    0x20000090   0x0000000c   Data   RW         6850    .data               port.o
    0x2000009c   0x00000018   Data   RW         6935    .data               heap_5.o
    0x200000b4   0x00000522   Zero   RW         5411    .bss                bsp_updata_usart.o
    0x200005d6   0x00000100   Zero   RW         5650    .bss                ymodem.o
    0x200006d6   0x00000002   PAD
    0x200006d8   0x000002e4   Zero   RW         6553    .bss                tasks.o
    0x200009bc   0x00000060   Zero   RW         7112    .bss                c_w.l(libspace.o)
    0x20000a1c   0x00000004   PAD
    0x20000a20   0x00000200   Zero   RW            2    HEAP                startup_stm32f429_439xx.o
    0x20000c20   0x00000400   Zero   RW            1    STACK               startup_stm32f429_439xx.o


==============================================================================

Image component sizes


      Code (inc. data)   RO Data    RW Data    ZI Data      Debug   Object Name

       226         16          0          4          0       3933   bsp_debug_usart.o
        56          4          0          0          0        573   bsp_led.o
      1152         32          0          0          0       2677   bsp_sdram.o
       212          8          0          0          0        753   bsp_spi_flash.o
       348         52          0          2       1314       4380   bsp_updata_usart.o
         0          0          0          0          0       2028   event_groups.o
       700        188          0         24          0       4652   heap_5.o
       136          0          0          0          0       3342   list.o
       384        204          0         24          0      13690   main.o
       120         14          0          0          0       1811   misc.o
       898        312          0         12          0      10212   port.o
        64         26        428          0       1536        996   startup_stm32f429_439xx.o
       394          6          0          0          0       3887   stm32f4xx_fmc.o
       152          0          0          0          0       2031   stm32f4xx_gpio.o
        32          0          0          0          0       3443   stm32f4xx_it.o
       244         40          0         16          0       5876   stm32f4xx_rcc.o
        76          0          0          0          0       2009   stm32f4xx_spi.o
       332          8          0          0          0       6313   stm32f4xx_usart.o
       300         36          0         20          0     299205   system_stm32f4xx.o
      1898        446          0         60        740      23540   tasks.o
       686        102          0         16        256       4146   ymodem.o

    ----------------------------------------------------------------------
      8416       1494        460        180       3848     399497   Object Totals
         0          0         32          0          0          0   (incl. Generated)
         6          0          0          2          2          0   (incl. Padding)

    ----------------------------------------------------------------------

      Code (inc. data)   RO Data    RW Data    ZI Data      Debug   Library Member Name

        60          8          0          0          0         84   __0sscanf.o
         8          0          0          0          0         68   __main.o
       104          0          0          0          0         84   __printf.o
         0          0          0          0          0          0   __rtentry.o
        12          0          0          0          0          0   __rtentry2.o
         6          0          0          0          0          0   __rtentry4.o
        52          8          0          0          0          0   __scatter.o
        26          0          0          0          0          0   __scatter_copy.o
        28          0          0          0          0          0   __scatter_zi.o
        28          0          0          0          0         68   _chval.o
        44          0          0          0          0        108   _printf_char.o
        48          6          0          0          0         96   _printf_char_common.o
        36          4          0          0          0         80   _printf_char_file.o
         6          0          0          0          0          0   _printf_d.o
       120         16          0          0          0         92   _printf_dec.o
        88          4         40          0          0         88   _printf_hex_int.o
       178          0          0          0          0         88   _printf_intcommon.o
         0          0          0          0          0          0   _printf_percent.o
         4          0          0          0          0          0   _printf_percent_end.o
         6          0          0          0          0          0   _printf_s.o
        82          0          0          0          0         80   _printf_str.o
         6          0          0          0          0          0   _printf_x.o
       884          6          0          0          0        100   _scanf.o
       332          0          0          0          0         96   _scanf_int.o
        64          0          0          0          0         84   _sgetc.o
        18          0          0          0          0         80   exit.o
         8          0          0          0          0         68   ferror.o
         6          0          0          0          0        152   heapauxi.o
        18          0          0          0          0         76   isspace.o
        44         10        272          0          0         76   lc_ctype_c.o
         2          0          0          0          0          0   libinit.o
        24          0          0          0          0          0   libinit2.o
         2          0          0          0          0          0   libshutdown.o
         2          0          0          0          0          0   libshutdown2.o
         8          4          0          0         96         68   libspace.o
        24          4          0          0          0         84   noretval__2printf.o
        16          4          0          0          0         76   rt_ctype_table.o
         8          4          0          0          0         68   rt_locale_intlibspace.o
        68          0          0          0          0         68   rt_memclr.o
        78          0          0          0          0         80   rt_memclr_w.o
       138          0          0          0          0         68   rt_memcpy_v6.o
       100          0          0          0          0         80   rt_memcpy_w.o
         2          0          0          0          0          0   rtexit.o
        10          0          0          0          0          0   rtexit2.o
        44          8          0          0          0         84   scanf_char.o
       128          0          0          0          0         68   strcmpv7m.o
        74          0          0          0          0         80   sys_stackheap_outer.o
         2          0          0          0          0         68   use_no_semi.o
         2          0          0          0          0         68   use_no_semi_2.o
        10          0          0          0          0        116   fpinit.o

    ----------------------------------------------------------------------
      3070         86        314          0        100       2744   Library Totals
        12          0          2          0          4          0   (incl. Padding)

    ----------------------------------------------------------------------

      Code (inc. data)   RO Data    RW Data    ZI Data      Debug   Library Name

      3048         86        312          0         96       2628   c_w.l
        10          0          0          0          0        116   fz_wm.l

    ----------------------------------------------------------------------
      3070         86        314          0        100       2744   Library Totals

    ----------------------------------------------------------------------

==============================================================================


      Code (inc. data)   RO Data    RW Data    ZI Data      Debug   

     11486       1580        774        180       3948     392985   Grand Totals
     11486       1580        774        180       3948     392985   ELF Image Totals
     11486       1580        774        180          0          0   ROM Totals

==============================================================================

    Total RO  Size (Code + RO Data)                12260 (  11.97kB)
    Total RW  Size (RW Data + ZI Data)              4128 (   4.03kB)
    Total ROM Size (Code + RO Data + RW Data)      12440 (  12.15kB)

==============================================================================

